Archive member included to satisfy reference by file (symbol)

app/libapp.a(config.c.obj)    (--whole-archive)
app/libapp.a(connection.c.obj)
                              (--whole-archive)
app/libapp.a(esb.c.obj)       (--whole-archive)
app/libapp.a(timer.c.obj)     (--whole-archive)
app/libapp.a(console.c.obj)   (--whole-archive)
app/libapp.a(hid.c.obj)       (--whole-archive)
app/libapp.a(main.c.obj)      (--whole-archive)
app/libapp.a(parse_args.c.obj)
                              (--whole-archive)
app/libapp.a(retained.c.obj)  (--whole-archive)
app/libapp.a(calibration.c.obj)
                              (--whole-archive)
app/libapp.a(fusion_none.c.obj)
                              (--whole-archive)
app/libapp.a(motionsense.c.obj)
                              (--whole-archive)
app/libapp.a(vqf.c.obj)       (--whole-archive)
app/libapp.a(xioFusionOffset2.c.obj)
                              (--whole-archive)
app/libapp.a(xiofusion.c.obj)
                              (--whole-archive)
app/libapp.a(BMI270.c.obj)    (--whole-archive)
app/libapp.a(ICM42688.c.obj)  (--whole-archive)
app/libapp.a(ICM45686.c.obj)  (--whole-archive)
app/libapp.a(LSM6DSM.c.obj)   (--whole-archive)
app/libapp.a(LSM6DSO.c.obj)   (--whole-archive)
app/libapp.a(LSM6DSV.c.obj)   (--whole-archive)
app/libapp.a(interface.c.obj)
                              (--whole-archive)
app/libapp.a(AK09940.c.obj)   (--whole-archive)
app/libapp.a(BMM150.c.obj)    (--whole-archive)
app/libapp.a(BMM350.c.obj)    (--whole-archive)
app/libapp.a(IST8306.c.obj)   (--whole-archive)
app/libapp.a(IST8308.c.obj)   (--whole-archive)
app/libapp.a(LIS2MDL.c.obj)   (--whole-archive)
app/libapp.a(LIS3MDL.c.obj)   (--whole-archive)
app/libapp.a(MMC5983MA.c.obj)
                              (--whole-archive)
app/libapp.a(QMC6309.c.obj)   (--whole-archive)
app/libapp.a(magneto1_4.c.obj)
                              (--whole-archive)
app/libapp.a(mymathlib_matrix.c.obj)
                              (--whole-archive)
app/libapp.a(scan.c.obj)      (--whole-archive)
app/libapp.a(scan_ext.c.obj)  (--whole-archive)
app/libapp.a(scan_spi.c.obj)  (--whole-archive)
app/libapp.a(sensor.c.obj)    (--whole-archive)
app/libapp.a(sensor_none.c.obj)
                              (--whole-archive)
app/libapp.a(battery.c.obj)   (--whole-archive)
app/libapp.a(battery_tracker.c.obj)
                              (--whole-archive)
app/libapp.a(led.c.obj)       (--whole-archive)
app/libapp.a(power.c.obj)     (--whole-archive)
app/libapp.a(status.c.obj)    (--whole-archive)
app/libapp.a(system.c.obj)    (--whole-archive)
app/libapp.a(usb.c.obj)       (--whole-archive)
app/libapp.a(util.c.obj)      (--whole-archive)
app/libapp.a(FusionAhrs.c.obj)
                              (--whole-archive)
app/libapp.a(FusionCompass.c.obj)
                              (--whole-archive)
app/libapp.a(FusionOffset.c.obj)
                              (--whole-archive)
app/libapp.a(vqf.c.obj)       (--whole-archive)
zephyr/libzephyr.a(crc32k_4_2_sw.c.obj)
                              (--whole-archive)
zephyr/libzephyr.a(crc32c_sw.c.obj)
                              (--whole-archive)
zephyr/libzephyr.a(crc32_sw.c.obj)
                              (--whole-archive)
zephyr/libzephyr.a(crc24_sw.c.obj)
                              (--whole-archive)
zephyr/libzephyr.a(crc16_sw.c.obj)
                              (--whole-archive)
zephyr/libzephyr.a(crc8_sw.c.obj)
                              (--whole-archive)
zephyr/libzephyr.a(crc7_sw.c.obj)
                              (--whole-archive)
zephyr/libzephyr.a(crc4_sw.c.obj)
                              (--whole-archive)
zephyr/libzephyr.a(heap.c.obj)
                              (--whole-archive)
zephyr/libzephyr.a(cbprintf_packaged.c.obj)
                              (--whole-archive)
zephyr/libzephyr.a(printk.c.obj)
                              (--whole-archive)
zephyr/libzephyr.a(sem.c.obj)
                              (--whole-archive)
zephyr/libzephyr.a(thread_entry.c.obj)
                              (--whole-archive)
zephyr/libzephyr.a(cbprintf_complete.c.obj)
                              (--whole-archive)
zephyr/libzephyr.a(cbprintf.c.obj)
                              (--whole-archive)
zephyr/libzephyr.a(assert.c.obj)
                              (--whole-archive)
zephyr/libzephyr.a(mpsc_pbuf.c.obj)
                              (--whole-archive)
zephyr/libzephyr.a(reboot.c.obj)
                              (--whole-archive)
zephyr/libzephyr.a(poweroff.c.obj)
                              (--whole-archive)
zephyr/libzephyr.a(base64.c.obj)
                              (--whole-archive)
zephyr/libzephyr.a(dec.c.obj)
                              (--whole-archive)
zephyr/libzephyr.a(hex.c.obj)
                              (--whole-archive)
zephyr/libzephyr.a(rb.c.obj)  (--whole-archive)
zephyr/libzephyr.a(timeutil.c.obj)
                              (--whole-archive)
zephyr/libzephyr.a(bitarray.c.obj)
[...]
Memory Configuration

Name             Origin             Length             Attributes
FLASH            0x0000000000001000 0x00000000000ed000 xr
RAM              0x0000000020000000 0x000000000003f000 xw
RETAINED_MEM     0x000000002003f000 0x0000000000001000 rw
DFU_DBL_RESET_MEM 0x0000000020007f7c 0x0000000000000004 rw
IDT_LIST         0x00000000ffff7fff 0x0000000000008000 xw
*default*        0x0000000000000000 0xffffffffffffffff

Linker script and memory map

LOAD zephyr/CMakeFiles/zephyr_final.dir/misc/empty_file.c.obj
LOAD zephyr/CMakeFiles/zephyr_final.dir/isr_tables.c.obj
LOAD zephyr/CMakeFiles/offsets.dir/./arch/arm/core/offsets/offsets.c.obj
LOAD app/libapp.a
LOAD zephyr/libzephyr.a
LOAD zephyr/arch/common/libarch__common.a
LOAD zephyr/arch/arch/arm/core/libarch__arm__core.a
LOAD zephyr/arch/arch/arm/core/cortex_m/libarch__arm__core__cortex_m.a
LOAD zephyr/arch/arch/arm/core/mpu/libarch__arm__core__mpu.a
LOAD zephyr/lib/libc/newlib/liblib__libc__newlib.a
LOAD zephyr/lib/libc/common/liblib__libc__common.a
LOAD zephyr/soc/soc/nrf52840/libsoc__nordic.a
LOAD zephyr/boards/boards/arm/promicro_uf2/lib..__..__..__Users__Lyall__Documents__GitHub__SlimeVR-Tracker-nRF__boards__nordic__promicro_uf2.a
LOAD zephyr/subsys/usb/device/class/hid/libsubsys__usb__device__class__hid.a
LOAD zephyr/drivers/usb/device/libdrivers__usb__device.a
LOAD zephyr/drivers/usb/common/nrf_usbd_common/libdrivers__usb__common__nrf_usbd_common.a
LOAD zephyr/drivers/adc/libdrivers__adc.a
LOAD zephyr/drivers/clock_control/libdrivers__clock_control.a
LOAD zephyr/drivers/console/libdrivers__console.a
LOAD zephyr/drivers/flash/libdrivers__flash.a
LOAD zephyr/drivers/gpio/libdrivers__gpio.a
LOAD zephyr/drivers/hwinfo/libdrivers__hwinfo.a
LOAD zephyr/drivers/i2c/libdrivers__i2c.a
LOAD zephyr/drivers/pinctrl/libdrivers__pinctrl.a
LOAD zephyr/drivers/pwm/libdrivers__pwm.a
LOAD zephyr/drivers/retained_mem/libdrivers__retained_mem.a
LOAD zephyr/drivers/serial/libdrivers__serial.a
LOAD zephyr/drivers/timer/libdrivers__timer.a
LOAD modules/nrf/lib/multithreading_lock/lib..__nrf__lib__multithreading_lock.a
LOAD modules/nrf/lib/fatal_error/lib..__nrf__lib__fatal_error.a
LOAD modules/nrf/subsys/esb/lib..__nrf__subsys__esb.a
LOAD modules/nrf/subsys/mpsl/fem/lib..__nrf__subsys__mpsl__fem.a
LOAD modules/nrf/subsys/mpsl/hwres/lib..__nrf__subsys__mpsl__hwres.a
LOAD modules/hal_nordic/modules/hal_nordic/nrfx/libmodules__hal_nordic__nrfx.a
LOAD modules/segger/libmodules__segger.a
LOAD zephyr/kernel/libkernel.a
LOAD zephyr/arch/common/libisr_tables.a
LOAD C:/ncs/v3.1.0/nrfxlib/mpsl/fem/common/lib/nrf52/hard-float/libmpsl_fem_common.a
LOAD C:/ncs/v3.1.0/nrfxlib/mpsl/fem/nrf21540_gpio/lib/nrf52/hard-float/libmpsl_fem_nrf21540_gpio.a
LOAD C:/ncs/v3.1.0/nrfxlib/mpsl/fem/nrf21540_gpio_spi/lib/nrf52/hard-float/libmpsl_fem_nrf21540_gpio_spi.a
LOAD C:/ncs/v3.1.0/nrfxlib/mpsl/fem/nrf2220/lib/nrf52/hard-float/libmpsl_fem_nrf2220.a
LOAD C:/ncs/v3.1.0/nrfxlib/mpsl/fem/nrf2240/lib/nrf52/hard-float/libmpsl_fem_nrf2240.a
LOAD C:/ncs/v3.1.0/nrfxlib/mpsl/fem/nrf22xx/lib/nrf52/hard-float/libmpsl_fem_nrf22xx.a
LOAD C:/ncs/v3.1.0/nrfxlib/mpsl/fem/simple_gpio/lib/nrf52/hard-float/libmpsl_fem_simple_gpio.a
LOAD C:/ncs/v3.1.0/nrfxlib/mpsl/lib/nrf52/hard-float/libmpsl.a
LOAD C:/ncs/toolchains/c1a76fddb2/opt/zephyr-sdk/arm-zephyr-eabi/arm-zephyr-eabi/lib/thumb/v7e-m+fp/hard\libm_nano.a
LOAD C:/ncs/toolchains/c1a76fddb2/opt/zephyr-sdk/arm-zephyr-eabi/arm-zephyr-eabi/lib/thumb/v7e-m+fp/hard\libc_nano.a
LOAD c:/ncs/toolchains/c1a76fddb2/opt/zephyr-sdk/arm-zephyr-eabi/bin/../lib/gcc/arm-zephyr-eabi/12.2.0/thumb/v7e-m+fp/hard\libgcc.a
LOAD C:/ncs/toolchains/c1a76fddb2/opt/zephyr-sdk/arm-zephyr-eabi/arm-zephyr-eabi/lib/thumb/v7e-m+fp/hard\libc_nano.a
                0x0000000000000080                _region_min_align = 0x80

.rel.plt        0x0000000000001000        0x0
 *(SORT_BY_ALIGNMENT(.rel.plt))
                [!provide]                        PROVIDE (__rel_iplt_start = .)
 *(SORT_BY_ALIGNMENT(.rel.iplt))
 .rel.iplt      0x0000000000001000        0x0 zephyr/CMakeFiles/zephyr_final.dir/isr_tables.c.obj
                [!provide]                        PROVIDE (__rel_iplt_end = .)

.rela.plt       0x0000000000000000        0x0
 *(SORT_BY_ALIGNMENT(.rela.plt))
                [!provide]                        PROVIDE (__rela_iplt_start = .)
 *(SORT_BY_ALIGNMENT(.rela.iplt))
                [!provide]                        PROVIDE (__rela_iplt_end = .)

.rel.dyn
 *(SORT_BY_ALIGNMENT(.rel.*))

.rela.dyn
 *(SORT_BY_ALIGNMENT(.rela.*))

/DISCARD/
 *(SORT_BY_ALIGNMENT(.plt))

/DISCARD/
 *(SORT_BY_ALIGNMENT(.iplt))
                0x0000000000001000                __rom_region_start = 0x1000

rom_start       0x0000000000001000      0x100
                0x0000000000001000                __rom_start_address = .
 FILL mask 0x00
                0x0000000000001000                . = (. + (0x0 - (. - __rom_start_address)))
                0x0000000000001000                . = ALIGN (0x4)
                0x0000000000001000                . = ALIGN (0x80)
                0x0000000000001000                . = ALIGN (0x100)
                0x0000000000001000                _vector_start = .
 *(SORT_BY_ALIGNMENT(.exc_vector_table))
 *(SORT_BY_ALIGNMENT(.exc_vector_table.*))
 .exc_vector_table._vector_table_section
                0x0000000000001000       0x40 zephyr/arch/arch/arm/core/cortex_m/libarch__arm__core__cortex_m.a(vector_table.S.obj)
                0x0000000000001000                _vector_table
 *(SORT_BY_ALIGNMENT(.vectors))
                0x0000000000001100                _vector_end = .
                0x0000000000001040                . = ALIGN (0x4)
 *(SORT_BY_ALIGNMENT(.gnu.linkonce.irq_vector_table*))
 .gnu.linkonce.irq_vector_table
                0x0000000000001040       0xc0 zephyr/CMakeFiles/zephyr_final.dir/isr_tables.c.obj
                0x0000000000001040                _irq_vector_table
                0x0000000000001100                _vector_end = .

text            0x0000000000001100    0x2dadc
                0x0000000000001100                __text_region_start = .
 *(SORT_BY_ALIGNMENT(.text))
 .text          0x0000000000001100        0xc C:/ncs/v3.1.0/nrfxlib/mpsl/fem/common/lib/nrf52/hard-float/libmpsl_fem_common.a(libmpsl_fem_common_debug_hardfp__obfuscated.elf)
                0x0000000000001100                mpsl_fem_enable
 .text          0x000000000000110c        0xc C:/ncs/v3.1.0/nrfxlib/mpsl/fem/common/lib/nrf52/hard-float/libmpsl_fem_common.a(libmpsl_fem_common_debug_hardfp__obfuscated.elf)
                0x000000000000110c                mpsl_fem_disable
 .text          0x0000000000001118        0xc C:/ncs/v3.1.0/nrfxlib/mpsl/fem/common/lib/nrf52/hard-float/libmpsl_fem_common.a(libmpsl_fem_common_debug_hardfp__obfuscated.elf)
                0x0000000000001118                mpsl_fem_pa_configuration_set
 .text          0x0000000000001124        0xc C:/ncs/v3.1.0/nrfxlib/mpsl/fem/common/lib/nrf52/hard-float/libmpsl_fem_common.a(libmpsl_fem_common_debug_hardfp__obfuscated.elf)
                0x0000000000001124                mpsl_fem_lna_configuration_set
 .text          0x0000000000001130        0xc C:/ncs/v3.1.0/nrfxlib/mpsl/fem/common/lib/nrf52/hard-float/libmpsl_fem_common.a(libmpsl_fem_common_debug_hardfp__obfuscated.elf)
                0x0000000000001130                mpsl_fem_pa_configuration_clear
 .text          0x000000000000113c        0xc C:/ncs/v3.1.0/nrfxlib/mpsl/fem/common/lib/nrf52/hard-float/libmpsl_fem_common.a(libmpsl_fem_common_debug_hardfp__obfuscated.elf)
                0x000000000000113c                mpsl_fem_lna_configuration_clear
 .text          0x0000000000001148        0xc C:/ncs/v3.1.0/nrfxlib/mpsl/fem/common/lib/nrf52/hard-float/libmpsl_fem_common.a(libmpsl_fem_common_debug_hardfp__obfuscated.elf)
                0x0000000000001148                mpsl_fem_deactivate_now
 .text          0x0000000000001154        0xc C:/ncs/v3.1.0/nrfxlib/mpsl/fem/common/lib/nrf52/hard-float/libmpsl_fem_common.a(libmpsl_fem_common_debug_hardfp__obfuscated.elf)
                0x0000000000001154                mpsl_fem_pa_power_control_set
 .text          0x0000000000001160       0x18 C:/ncs/v3.1.0/nrfxlib/mpsl/fem/common/lib/nrf52/hard-float/libmpsl_fem_common.a(libmpsl_fem_common_debug_hardfp__obfuscated.elf)
                0x0000000000001160                mpsl_fem_tx_power_split
 .text          0x0000000000001178       0x54 C:/ncs/v3.1.0/nrfxlib/mpsl/lib/nrf52/hard-float/libmpsl.a(libmpsl_debug_hardfp__obfuscated.elf)
                0x0000000000001178                sym_VWOYI7XCNXBFVPWSS6WFJ2CWKPJYCMRRQTU7QWQ
 .text          0x00000000000011cc       0x20 C:/ncs/v3.1.0/nrfxlib/mpsl/lib/nrf52/hard-float/libmpsl.a(libmpsl_debug_hardfp__obfuscated.elf)
                0x00000000000011cc                mpsl_tx_power_radio_supported_power_adjust
 .text          0x00000000000011ec       0x80 C:/ncs/v3.1.0/nrfxlib/mpsl/lib/nrf52/hard-float/libmpsl.a(libmpsl_debug_hardfp__obfuscated.elf)
                0x00000000000011ec                sym_JBMIQXYLJQQB56KLSIZ2WVKBMEMRZHLRBGLEPTA
 .text          0x000000000000126c       0x24 C:/ncs/v3.1.0/nrfxlib/mpsl/lib/nrf52/hard-float/libmpsl.a(libmpsl_debug_hardfp__obfuscated.elf)
 .text          0x0000000000001290       0x58 C:/ncs/v3.1.0/nrfxlib/mpsl/lib/nrf52/hard-float/libmpsl.a(libmpsl_debug_hardfp__obfuscated.elf)
                0x0000000000001290                sym_S2UAPMFVIQXDUOA6CV7GJMB33TYHEUH5D6LHO5Q
 .text          0x00000000000012e8       0x18 C:/ncs/v3.1.0/nrfxlib/mpsl/lib/nrf52/hard-float/libmpsl.a(libmpsl_debug_hardfp__obfuscated.elf)
                0x00000000000012e8                sym_CG4RHEKAJT5SDDAMNZDGCGOIJ7U3JN5EOJ5RYKA
 .text          0x0000000000001300       0x14 C:/ncs/v3.1.0/nrfxlib/mpsl/lib/nrf52/hard-float/libmpsl.a(libmpsl_debug_hardfp__obfuscated.elf)
                0x0000000000001300                sym_BN6ZO2NBHRGKZ2NRQYWFBXVGKNG6Y5K55UNAWGA
 .text          0x0000000000001314       0x14 C:/ncs/v3.1.0/nrfxlib/mpsl/lib/nrf52/hard-float/libmpsl.a(libmpsl_debug_hardfp__obfuscated.elf)
                0x0000000000001314                sym_5EMXP3L6SPQSCAJKKRH62ZOKJCCSKLI3WEX2WHY
 .text          0x0000000000001328       0x14 C:/ncs/v3.1.0/nrfxlib/mpsl/lib/nrf52/hard-float/libmpsl.a(libmpsl_debug_hardfp__obfuscated.elf)
                0x0000000000001328                sym_H2QJCU2ORTYAFBAQQ2FHUYIAZO4HCXEKCQ4SS2Q
 .text          0x000000000000133c       0x14 C:/ncs/v3.1.0/nrfxlib/mpsl/lib/nrf52/hard-float/libmpsl.a(libmpsl_debug_hardfp__obfuscated.elf)
                0x000000000000133c                sym_SWIBDSDMHUYNCG5ZWLB52J7NETJIUBPCO5IIQFA
 .text          0x0000000000001350       0x18 C:/ncs/v3.1.0/nrfxlib/mpsl/lib/nrf52/hard-float/libmpsl.a(libmpsl_debug_hardfp__obfuscated.elf)
                0x0000000000001350                sym_QPP3IZFSWHUV4JQ6ODMIVIARPB4PQYUFESV7BRQ
 .text          0x0000000000001368       0x14 C:/ncs/v3.1.0/nrfxlib/mpsl/lib/nrf52/hard-float/libmpsl.a(libmpsl_debug_hardfp__obfuscated.elf)
                0x0000000000001368                sym_6PVOPWDLWTXOTRZZ7LP36TLYTLPTQHNAUQNFHEA
 .text          0x000000000000137c       0x14 C:/ncs/v3.1.0/nrfxlib/mpsl/lib/nrf52/hard-float/libmpsl.a(libmpsl_debug_hardfp__obfuscated.elf)
                0x000000000000137c                sym_USR4MDT6VMTQLOGKNN4MALBZ3GJPD2KOEY4HFAQ
 .text          0x0000000000001390      0x378 c:/ncs/toolchains/c1a76fddb2/opt/zephyr-sdk/arm-zephyr-eabi/bin/../lib/gcc/arm-zephyr-eabi/12.2.0/thumb/v7e-m+fp/hard\libgcc.a(_arm_addsubdf3.o)
                0x0000000000001390                __aeabi_drsub
                0x0000000000001398                __subdf3
                0x0000000000001398                __aeabi_dsub
                0x000000000000139c                __aeabi_dadd
                0x000000000000139c                __adddf3
                0x0000000000001614                __floatunsidf
                0x0000000000001614                __aeabi_ui2d
                0x0000000000001634                __aeabi_i2d
                0x0000000000001634                __floatsidf
                0x0000000000001658                __extendsfdf2
                0x0000000000001658                __aeabi_f2d
                0x000000000000169c                __floatundidf
                0x000000000000169c                __aeabi_ul2d
                0x00000000000016ac                __aeabi_l2d
                0x00000000000016ac                __floatdidf
 .text          0x0000000000001708      0x424 c:/ncs/toolchains/c1a76fddb2/opt/zephyr-sdk/arm-zephyr-eabi/bin/../lib/gcc/arm-zephyr-eabi/12.2.0/thumb/v7e-m+fp/hard\libgcc.a(_arm_muldivdf3.o)
                0x0000000000001708                __aeabi_dmul
                0x0000000000001708                __muldf3
                0x000000000000195c                __divdf3
                0x000000000000195c                __aeabi_ddiv
 .text          0x0000000000001b2c      0x110 c:/ncs/toolchains/c1a76fddb2/opt/zephyr-sdk/arm-zephyr-eabi/bin/../lib/gcc/arm-zephyr-eabi/12.2.0/thumb/v7e-m+fp/hard\libgcc.a(_arm_cmpdf2.o)
                0x0000000000001b2c                __gtdf2
                0x0000000000001b2c                __gedf2
                0x0000000000001b34                __ltdf2
                0x0000000000001b34                __ledf2
                0x0000000000001b3c                __nedf2
                0x0000000000001b3c                __cmpdf2
                0x0000000000001b3c                __eqdf2
                0x0000000000001bb8                __aeabi_cdrcmple
                0x0000000000001bc8                __aeabi_cdcmple
                0x0000000000001bc8                __aeabi_cdcmpeq
                0x0000000000001bd8                __aeabi_dcmpeq
                0x0000000000001bec                __aeabi_dcmplt
                0x0000000000001c00                __aeabi_dcmple
                0x0000000000001c14                __aeabi_dcmpge
                0x0000000000001c28                __aeabi_dcmpgt
 .text          0x0000000000001c3c       0x2c c:/ncs/toolchains/c1a76fddb2/opt/zephyr-sdk/arm-zephyr-eabi/bin/../lib/gcc/arm-zephyr-eabi/12.2.0/thumb/v7e-m+fp/hard\libgcc.a(_arm_unorddf2.o)
                0x0000000000001c3c                __unorddf2
                0x0000000000001c3c                __aeabi_dcmpun
 .text          0x0000000000001c68       0x50 c:/ncs/toolchains/c1a76fddb2/opt/zephyr-sdk/arm-zephyr-eabi/bin/../lib/gcc/arm-zephyr-eabi/12.2.0/thumb/v7e-m+fp/hard\libgcc.a(_arm_fixdfsi.o)
                0x0000000000001c68                __fixdfsi
                0x0000000000001c68                __aeabi_d2iz
 .text          0x0000000000001cb8       0xa0 c:/ncs/toolchains/c1a76fddb2/opt/zephyr-sdk/arm-zephyr-eabi/bin/../lib/gcc/arm-zephyr-eabi/12.2.0/thumb/v7e-m+fp/hard\libgcc.a(_arm_truncdfsf2.o)
                0x0000000000001cb8                __truncdfsf2
                0x0000000000001cb8                __aeabi_d2f
 .text          0x0000000000001d58       0xa0 c:/ncs/toolchains/c1a76fddb2/opt/zephyr-sdk/arm-zephyr-eabi/bin/../lib/gcc/arm-zephyr-eabi/12.2.0/thumb/v7e-m+fp/hard\libgcc.a(_aeabi_ldivmod.o)
                0x0000000000001d58                __aeabi_ldivmod
 .text          0x0000000000001df8       0x30 c:/ncs/toolchains/c1a76fddb2/opt/zephyr-sdk/arm-zephyr-eabi/bin/../lib/gcc/arm-zephyr-eabi/12.2.0/thumb/v7e-m+fp/hard\libgcc.a(_aeabi_uldivmod.o)
                0x0000000000001df8                __aeabi_uldivmod
 .text          0x0000000000001e28        0x4 c:/ncs/toolchains/c1a76fddb2/opt/zephyr-sdk/arm-zephyr-eabi/bin/../lib/gcc/arm-zephyr-eabi/12.2.0/thumb/v7e-m+fp/hard\libgcc.a(_dvmd_tls.o)
                0x0000000000001e28                __aeabi_idiv0
                0x0000000000001e28                __aeabi_ldiv0
 .text          0x0000000000001e2c        0xe C:/ncs/v3.1.0/nrfxlib/mpsl/fem/common/lib/nrf52/hard-float/libmpsl_fem_common.a(libmpsl_fem_common_debug_hardfp__obfuscated.elf)
                0x0000000000001e2c                mpsl_fem_init
 .text          0x0000000000001e3a       0x20 C:/ncs/v3.1.0/nrfxlib/mpsl/fem/common/lib/nrf52/hard-float/libmpsl_fem_common.a(libmpsl_fem_common_debug_hardfp__obfuscated.elf)
                0x0000000000001e3a                sym_PX4SKXGNX25XLMGGWQM65ZRFHI6666YGHL6AYMA
 .text          0x0000000000001e5a        0x6 C:/ncs/v3.1.0/nrfxlib/mpsl/fem/common/lib/nrf52/hard-float/libmpsl_fem_common.a(libmpsl_fem_common_debug_hardfp__obfuscated.elf)
 .text          0x0000000000001e60        0x2 C:/ncs/v3.1.0/nrfxlib/mpsl/fem/common/lib/nrf52/hard-float/libmpsl_fem_common.a(libmpsl_fem_common_debug_hardfp__obfuscated.elf)
 .text          0x0000000000001e62        0x4 C:/ncs/v3.1.0/nrfxlib/mpsl/fem/common/lib/nrf52/hard-float/libmpsl_fem_common.a(libmpsl_fem_common_debug_hardfp__obfuscated.elf)
 .text          0x0000000000001e66        0x6 C:/ncs/v3.1.0/nrfxlib/mpsl/fem/common/lib/nrf52/hard-float/libmpsl_fem_common.a(libmpsl_fem_common_debug_hardfp__obfuscated.elf)
 .text          0x0000000000001e6c        0x6 C:/ncs/v3.1.0/nrfxlib/mpsl/fem/common/lib/nrf52/hard-float/libmpsl_fem_common.a(libmpsl_fem_common_debug_hardfp__obfuscated.elf)
 .text          0x0000000000001e72        0x2 C:/ncs/v3.1.0/nrfxlib/mpsl/fem/common/lib/nrf52/hard-float/libmpsl_fem_common.a(libmpsl_fem_common_debug_hardfp__obfuscated.elf)
 .text          0x0000000000001e74        0x6 C:/ncs/v3.1.0/nrfxlib/mpsl/fem/common/lib/nrf52/hard-float/libmpsl_fem_common.a(libmpsl_fem_common_debug_hardfp__obfuscated.elf)
 .text          0x0000000000001e7a        0x4 C:/ncs/v3.1.0/nrfxlib/mpsl/fem/common/lib/nrf52/hard-float/libmpsl_fem_common.a(libmpsl_fem_common_debug_hardfp__obfuscated.elf)
 .text          0x0000000000001e7e        0x4 C:/ncs/v3.1.0/nrfxlib/mpsl/fem/common/lib/nrf52/hard-float/libmpsl_fem_common.a(libmpsl_fem_common_debug_hardfp__obfuscated.elf)
 .text          0x0000000000001e82        0x6 C:/ncs/v3.1.0/nrfxlib/mpsl/fem/common/lib/nrf52/hard-float/libmpsl_fem_common.a(libmpsl_fem_common_debug_hardfp__obfuscated.elf)
 .text          0x0000000000001e88        0xa C:/ncs/v3.1.0/nrfxlib/mpsl/fem/common/lib/nrf52/hard-float/libmpsl_fem_common.a(libmpsl_fem_common_debug_hardfp__obfuscated.elf)
 .text          0x0000000000001e92        0x4 C:/ncs/v3.1.0/nrfxlib/mpsl/fem/common/lib/nrf52/hard-float/libmpsl_fem_common.a(libmpsl_fem_common_debug_hardfp__obfuscated.elf)
 .text          0x0000000000001e96        0x6 C:/ncs/v3.1.0/nrfxlib/mpsl/fem/common/lib/nrf52/hard-float/libmpsl_fem_common.a(libmpsl_fem_common_debug_hardfp__obfuscated.elf)
 .text          0x0000000000001e9c        0x6 C:/ncs/v3.1.0/nrfxlib/mpsl/fem/common/lib/nrf52/hard-float/libmpsl_fem_common.a(libmpsl_fem_common_debug_hardfp__obfuscated.elf)
 .text          0x0000000000001ea2        0x6 C:/ncs/v3.1.0/nrfxlib/mpsl/fem/common/lib/nrf52/hard-float/libmpsl_fem_common.a(libmpsl_fem_common_debug_hardfp__obfuscated.elf)
 .text          0x0000000000001ea8        0x2 C:/ncs/v3.1.0/nrfxlib/mpsl/fem/common/lib/nrf52/hard-float/libmpsl_fem_common.a(libmpsl_fem_common_debug_hardfp__obfuscated.elf)
 .text          0x0000000000001eaa        0xc C:/ncs/v3.1.0/nrfxlib/mpsl/lib/nrf52/hard-float/libmpsl.a(libmpsl_debug_hardfp__obfuscated.elf)
 .text          0x0000000000001eb6        0x4 C:/ncs/v3.1.0/nrfxlib/mpsl/lib/nrf52/hard-float/libmpsl.a(libmpsl_debug_hardfp__obfuscated.elf)
 .text          0x0000000000001eba        0x8 C:/ncs/v3.1.0/nrfxlib/mpsl/lib/nrf52/hard-float/libmpsl.a(libmpsl_debug_hardfp__obfuscated.elf)
 .text          0x0000000000001ec2        0x4 C:/ncs/v3.1.0/nrfxlib/mpsl/lib/nrf52/hard-float/libmpsl.a(libmpsl_debug_hardfp__obfuscated.elf)
 .text          0x0000000000001ec6        0x4 C:/ncs/v3.1.0/nrfxlib/mpsl/lib/nrf52/hard-float/libmpsl.a(libmpsl_debug_hardfp__obfuscated.elf)
 .text          0x0000000000001eca       0x14 C:/ncs/toolchains/c1a76fddb2/opt/zephyr-sdk/arm-zephyr-eabi/arm-zephyr-eabi/lib/thumb/v7e-m+fp/hard\libc_nano.a(lib_a-strcmp.o)
                0x0000000000001eca                strcmp
 .text          0x0000000000001ede       0x10 C:/ncs/toolchains/c1a76fddb2/opt/zephyr-sdk/arm-zephyr-eabi/arm-zephyr-eabi/lib/thumb/v7e-m+fp/hard\libc_nano.a(lib_a-strlen.o)
                0x0000000000001ede                strlen
 .text          0x0000000000001eee      0x2a0 c:/ncs/toolchains/c1a76fddb2/opt/zephyr-sdk/arm-zephyr-eabi/bin/../lib/gcc/arm-zephyr-eabi/12.2.0/thumb/v7e-m+fp/hard\libgcc.a(_udivmoddi4.o)
                0x0000000000001eee                __udivmoddi4
 *(SORT_BY_ALIGNMENT(.text.*))
 *fill*         0x000000000000218e        0x2 
 .text.print_uptime
                0x0000000000002190       0x7c app/libapp.a(console.c.obj)
 *fill*         0x000000000000220c        0x4 
 .text.console_thread
                0x0000000000002210      0xeb0 app/libapp.a(console.c.obj)
 .text.Multiply_Matrices
                0x00000000000030c0       0xa8 app/libapp.a(mymathlib_matrix.c.obj)
                0x00000000000030c0                Multiply_Matrices
 .text.Hessenberg_Elementary_Transform
                0x0000000000003168       0xc0 app/libapp.a(mymathlib_matrix.c.obj)
                0x0000000000003168                Hessenberg_Elementary_Transform
 .text.Two_Eigenvalues
                0x0000000000003228      0x24c app/libapp.a(mymathlib_matrix.c.obj)
                0x0000000000003228                Two_Eigenvalues
 *fill*         0x0000000000003474        0x4 
 .text.Double_QR_Step
                0x0000000000003478      0x528 app/libapp.a(mymathlib_matrix.c.obj)
                0x0000000000003478                Double_QR_Step
 .text.BackSubstitute_Real_Vector
                0x00000000000039a0      0x284 app/libapp.a(mymathlib_matrix.c.obj)
                0x00000000000039a0                BackSubstitute_Real_Vector
 *fill*         0x0000000000003c24        0x4 
 .text.Calculate_Eigenvectors
                0x0000000000003c28      0x148 app/libapp.a(mymathlib_matrix.c.obj)
                0x0000000000003c28                Calculate_Eigenvectors
 .text.BackSubstitute_Complex_Vector
                0x0000000000003d70      0x59c app/libapp.a(mymathlib_matrix.c.obj)
                0x0000000000003d70                BackSubstitute_Complex_Vector
 *fill*         0x000000000000430c        0x4 
 .text.Lower_Triangular_Inverse
                0x0000000000004310      0x104 app/libapp.a(mymathlib_matrix.c.obj)
                0x0000000000004310                Lower_Triangular_Inverse
 *fill*         0x0000000000004414        0x4 
 .text.Choleski_LU_Inverse
                0x0000000000004418       0xa0 app/libapp.a(mymathlib_matrix.c.obj)
                0x0000000000004418                Choleski_LU_Inverse
 .text.Hessenberg_Form_Elementary
                0x00000000000044b8      0x20c app/libapp.a(mymathlib_matrix.c.obj)
                0x00000000000044b8                Hessenberg_Form_Elementary
 *fill*         0x00000000000046c4        0x4 
 .text.sys_update_battery_tracker
                0x00000000000046c8      0x4f8 app/libapp.a(battery_tracker.c.obj)
                0x00000000000046c8                sys_update_battery_tracker
 .text.pwm_set_pulse_dt.constprop.0.isra.0
                0x0000000000004bc0       0x9c app/libapp.a(led.c.obj)
 *fill*         0x0000000000004c5c        0x4 
 .text.z_cbvprintf_impl
                0x0000000000004c60      0xd1c zephyr/libzephyr.a(cbprintf_complete.c.obj)
                0x0000000000004c60                z_cbvprintf_impl
 *fill*         0x000000000000597c        0x4 
 .text.clock_control_pwm_on
                0x0000000000005980      0x13c zephyr/drivers/clock_control/libdrivers__clock_control.a(clock_control_pwm.c.obj)
 *fill*         0x0000000000005abc        0x4 
 .text.exp      0x0000000000005ac0       0x9c C:/ncs/toolchains/c1a76fddb2/opt/zephyr-sdk/arm-zephyr-eabi/arm-zephyr-eabi/lib/thumb/v7e-m+fp/hard\libm_nano.a(lib_a-w_exp.o)
                0x0000000000005ac0                exp
 *fill*         0x0000000000005b5c        0x4 
 .text.__ieee754_asin
                0x0000000000005b60      0x408 C:/ncs/toolchains/c1a76fddb2/opt/zephyr-sdk/arm-zephyr-eabi/arm-zephyr-eabi/lib/thumb/v7e-m+fp/hard\libm_nano.a(lib_a-e_asin.o)
                0x0000000000005b60                __ieee754_asin
 .text.__ieee754_exp
                0x0000000000005f68      0x2e4 C:/ncs/toolchains/c1a76fddb2/opt/zephyr-sdk/arm-zephyr-eabi/arm-zephyr-eabi/lib/thumb/v7e-m+fp/hard\libm_nano.a(lib_a-e_exp.o)
                0x0000000000005f68                __ieee754_exp
 *fill*         0x000000000000624c        0x4 
 .text.nan      0x0000000000006250       0x10 C:/ncs/toolchains/c1a76fddb2/opt/zephyr-sdk/arm-zephyr-eabi/arm-zephyr-eabi/lib/thumb/v7e-m+fp/hard\libm_nano.a(lib_a-s_nan.o)
                0x0000000000006250                nan
 .text.config_settings_init
                0x0000000000006260       0x9c app/libapp.a(config.c.obj)
                0x0000000000006260                config_settings_init
 .text.config_0_settings_write
                0x00000000000062fc       0x44 app/libapp.a(config.c.obj)
                0x00000000000062fc                config_0_settings_write
 .text.config_1_settings_write
                0x0000000000006340       0x40 app/libapp.a(config.c.obj)
                0x0000000000006340                config_1_settings_write
 .text.config_2_settings_write
                0x0000000000006380       0x34 app/libapp.a(config.c.obj)
                0x0000000000006380                config_2_settings_write
 .text.config_3_settings_write
                0x00000000000063b4       0x34 app/libapp.a(config.c.obj)
                0x00000000000063b4                config_3_settings_write
 .text.config_settings_reset
                0x00000000000063e8       0x6c app/libapp.a(config.c.obj)
                0x00000000000063e8                config_settings_reset
 .text.config_settings_reset_all
                0x0000000000006454       0x84 app/libapp.a(config.c.obj)
                0x0000000000006454                config_settings_reset_all
 .text.k_mutex_lock.constprop.0.isra.0
                0x00000000000064d8       0x10 app/libapp.a(connection.c.obj)
 .text.k_mutex_unlock.constprop.0.isra.0
                0x00000000000064e8        0xc app/libapp.a(connection.c.obj)
 .text.connection_set_id
                0x00000000000064f4        0xc app/libapp.a(connection.c.obj)
                0x00000000000064f4                connection_set_id
 .text.connection_update_sensor_ids
                0x0000000000006500       0x40 app/libapp.a(connection.c.obj)
                0x0000000000006500                connection_update_sensor_ids
 .text.connection_update_sensor_data
                0x0000000000006540       0x58 app/libapp.a(connection.c.obj)
                0x0000000000006540                connection_update_sensor_data
 .text.connection_update_sensor_mag
                0x0000000000006598       0x24 app/libapp.a(connection.c.obj)
                0x0000000000006598                connection_update_sensor_mag
 .text.connection_update_sensor_temp
                0x00000000000065bc       0x60 app/libapp.a(connection.c.obj)
                0x00000000000065bc                connection_update_sensor_temp
 .text.connection_update_battery
                0x000000000000661c       0x4c app/libapp.a(connection.c.obj)
                0x000000000000661c                connection_update_battery
 .text.connection_update_status
                0x0000000000006668       0x1c app/libapp.a(connection.c.obj)
                0x0000000000006668                connection_update_status
 .text.connection_update_button
                0x0000000000006684       0x1c app/libapp.a(connection.c.obj)
                0x0000000000006684                connection_update_button
 .text.connection_write_packet_0
                0x00000000000066a0       0xac app/libapp.a(connection.c.obj)
                0x00000000000066a0                connection_write_packet_0
 .text.connection_write_packet_1
                0x000000000000674c      0x228 app/libapp.a(connection.c.obj)
                0x000000000000674c                connection_write_packet_1
 .text.connection_write_packet_2
                0x0000000000006974      0x258 app/libapp.a(connection.c.obj)
                0x0000000000006974                connection_write_packet_2
 .text.connection_write_packet_3
                0x0000000000006bcc       0x7c app/libapp.a(connection.c.obj)
                0x0000000000006bcc                connection_write_packet_3
 .text.connection_write_packet_4
                0x0000000000006c48      0x228 app/libapp.a(connection.c.obj)
                0x0000000000006c48                connection_write_packet_4
 .text.connection_write_packet_5
                0x0000000000006e70       0x98 app/libapp.a(connection.c.obj)
                0x0000000000006e70                connection_write_packet_5
 .text.connection_write_packet_6
                0x0000000000006f08       0xa0 app/libapp.a(connection.c.obj)
                0x0000000000006f08                connection_write_packet_6
 .text.connection_write_packet_7
                0x0000000000006fa8      0x26c app/libapp.a(connection.c.obj)
                0x0000000000006fa8                connection_write_packet_7
 .text.connection_thread
                0x0000000000007214      0x234 app/libapp.a(connection.c.obj)
 .text.clocks_init.part.0
                0x0000000000007448       0x3c app/libapp.a(esb.c.obj)
 .text.clocks_init
                0x0000000000007484       0x20 app/libapp.a(esb.c.obj)
 .text.clocks_stop
                0x00000000000074a4       0x1c app/libapp.a(esb.c.obj)
                0x00000000000074a4                clocks_stop
 .text.event_handler
                0x00000000000074c0       0xe4 app/libapp.a(esb.c.obj)
                0x00000000000074c0                event_handler
 .text.clocks_start
                0x00000000000075a4       0xd4 app/libapp.a(esb.c.obj)
                0x00000000000075a4                clocks_start
 .text.esb_initialize
                0x0000000000007678       0xb8 app/libapp.a(esb.c.obj)
                0x0000000000007678                esb_initialize
 .text.esb_deinitialize
                0x0000000000007730       0x20 app/libapp.a(esb.c.obj)
                0x0000000000007730                esb_deinitialize
 .text.esb_reset_pair.part.0
                0x0000000000007750       0x48 app/libapp.a(esb.c.obj)
 .text.esb_set_addr_discovery
                0x0000000000007798       0x38 app/libapp.a(esb.c.obj)
                0x0000000000007798                esb_set_addr_discovery
 .text.esb_set_addr_paired
                0x00000000000077d0       0x98 app/libapp.a(esb.c.obj)
                0x00000000000077d0                esb_set_addr_paired
 .text.esb_pair
                0x0000000000007868      0x334 app/libapp.a(esb.c.obj)
                0x0000000000007868                esb_pair
 .text.esb_thread
                0x0000000000007b9c      0x160 app/libapp.a(esb.c.obj)
 .text.esb_reset_pair
                0x0000000000007cfc       0x1c app/libapp.a(esb.c.obj)
                0x0000000000007cfc                esb_reset_pair
 .text.esb_set_pair
                0x0000000000007d18       0xb8 app/libapp.a(esb.c.obj)
                0x0000000000007d18                esb_set_pair
 .text.esb_clear_pair
                0x0000000000007dd0       0x50 app/libapp.a(esb.c.obj)
                0x0000000000007dd0                esb_clear_pair
 .text.esb_write
                0x0000000000007e20       0x54 app/libapp.a(esb.c.obj)
                0x0000000000007e20                esb_write
 .text.esb_ready
                0x0000000000007e74       0x18 app/libapp.a(esb.c.obj)
                0x0000000000007e74                esb_ready
 .text.strtolower
                0x0000000000007e8c       0x20 app/libapp.a(console.c.obj)
 .text.print_help
                0x0000000000007eac       0xc4 app/libapp.a(console.c.obj)
 .text.parse_config_settings_id
                0x0000000000007f70       0x34 app/libapp.a(console.c.obj)
 .text.console_thread_create
                0x0000000000007fa4       0x3c app/libapp.a(console.c.obj)
                0x0000000000007fa4                console_thread_create
 .text.console_thread_abort
                0x0000000000007fe0        0xc app/libapp.a(console.c.obj)
                0x0000000000007fe0                console_thread_abort
 .text.int_in_ready_cb.part.0
                0x0000000000007fec       0x34 app/libapp.a(hid.c.obj)
 .text.protocol_cb
                0x0000000000008020       0x48 app/libapp.a(hid.c.obj)
 .text.composite_pre_init
                0x0000000000008068       0xe8 app/libapp.a(hid.c.obj)
 .text.int_in_ready_cb
                0x0000000000008150       0x28 app/libapp.a(hid.c.obj)
 .text.hid_thread
                0x0000000000008178      0x19c app/libapp.a(hid.c.obj)
 .text.hid_thread_create
                0x0000000000008314       0x3c app/libapp.a(hid.c.obj)
                0x0000000000008314                hid_thread_create
 .text.hid_thread_abort
                0x0000000000008350        0xc app/libapp.a(hid.c.obj)
                0x0000000000008350                hid_thread_abort
 .text.hid_int_in_ready
                0x000000000000835c        0xc app/libapp.a(hid.c.obj)
                0x000000000000835c                hid_int_in_ready
 .text.hid_write_packet_n
                0x0000000000008368       0x74 app/libapp.a(hid.c.obj)
                0x0000000000008368                hid_write_packet_n
 .text.gpio_pin_set_dt.isra.0
                0x00000000000083dc       0x54 app/libapp.a(main.c.obj)
 .text.gpio_pin_configure_dt.constprop.0.isra.0
                0x0000000000008430       0x94 app/libapp.a(main.c.obj)
 .text.main     0x00000000000084c4      0x28c app/libapp.a(main.c.obj)
                0x00000000000084c4                main
 .text.parse_args
                0x0000000000008750       0x60 app/libapp.a(parse_args.c.obj)
                0x0000000000008750                parse_args
 .text.retained_init
                0x00000000000087b0       0x14 app/libapp.a(retained.c.obj)
 .text.retained_validate
                0x00000000000087c4       0x5c app/libapp.a(retained.c.obj)
                0x00000000000087c4                retained_validate
 .text.retained_update
                0x0000000000008820       0x3c app/libapp.a(retained.c.obj)
                0x0000000000008820                retained_update
 .text.check_sides
                0x000000000000885c      0x104 app/libapp.a(calibration.c.obj)
 .text.magneto_reset
                0x0000000000008960       0x4c app/libapp.a(calibration.c.obj)
 .text.isAccRest.constprop.0
                0x00000000000089ac       0x78 app/libapp.a(calibration.c.obj)
 .text.sensor_wait_accel.constprop.0
                0x0000000000008a24       0xbc app/libapp.a(calibration.c.obj)
 .text.sensor_calibration_request.part.0.isra.0
                0x0000000000008ae0       0x3c app/libapp.a(calibration.c.obj)
 .text.sensor_calibration_process_accel
                0x0000000000008b1c       0x8c app/libapp.a(calibration.c.obj)
                0x0000000000008b1c                sensor_calibration_process_accel
 .text.sensor_calibration_process_gyro
                0x0000000000008ba8       0x74 app/libapp.a(calibration.c.obj)
                0x0000000000008ba8                sensor_calibration_process_gyro
 .text.sensor_calibration_process_mag
                0x0000000000008c1c       0x4c app/libapp.a(calibration.c.obj)
                0x0000000000008c1c                sensor_calibration_process_mag
 .text.sensor_calibration_update_sensor_ids
                0x0000000000008c68        0xc app/libapp.a(calibration.c.obj)
                0x0000000000008c68                sensor_calibration_update_sensor_ids
 .text.sensor_calibration_get_sensor_data
                0x0000000000008c74        0x8 app/libapp.a(calibration.c.obj)
                0x0000000000008c74                sensor_calibration_get_sensor_data
 .text.sensor_calibration_read
                0x0000000000008c7c       0x98 app/libapp.a(calibration.c.obj)
                0x0000000000008c7c                sensor_calibration_read
 .text.sensor_calibration_clear
                0x0000000000008d14       0x84 app/libapp.a(calibration.c.obj)
                0x0000000000008d14                sensor_calibration_clear
 .text.sensor_calibration_validate
                0x0000000000008d98       0xb8 app/libapp.a(calibration.c.obj)
                0x0000000000008d98                sensor_calibration_validate
 .text.sensor_calibration_clear_6_side
                0x0000000000008e50       0x70 app/libapp.a(calibration.c.obj)
                0x0000000000008e50                sensor_calibration_clear_6_side
 .text.sensor_calibration_validate_6_side
                0x0000000000008ec0       0xd8 app/libapp.a(calibration.c.obj)
                0x0000000000008ec0                sensor_calibration_validate_6_side
 .text.sensor_calibration_clear_mag
                0x0000000000008f98       0x68 app/libapp.a(calibration.c.obj)
                0x0000000000008f98                sensor_calibration_clear_mag
 .text.sensor_calibration_validate_mag
                0x0000000000009000       0xec app/libapp.a(calibration.c.obj)
                0x0000000000009000                sensor_calibration_validate_mag
 .text.calibration_thread
                0x00000000000090ec     0x129c app/libapp.a(calibration.c.obj)
 .text.sensor_request_calibration
                0x000000000000a388       0x14 app/libapp.a(calibration.c.obj)
                0x000000000000a388                sensor_request_calibration
 .text.sensor_request_calibration_6_side
                0x000000000000a39c       0x14 app/libapp.a(calibration.c.obj)
                0x000000000000a39c                sensor_request_calibration_6_side
 .text.sensor_request_calibration_mag
                0x000000000000a3b0       0x18 app/libapp.a(calibration.c.obj)
                0x000000000000a3b0                sensor_request_calibration_mag
 .text.set_params
                0x000000000000a3c8       0x78 app/libapp.a(vqf.c.obj)
 .text.vqf_init
                0x000000000000a440       0x40 app/libapp.a(vqf.c.obj)
                0x000000000000a440                vqf_init
 .text.vqf_load
                0x000000000000a480       0x2c app/libapp.a(vqf.c.obj)
                0x000000000000a480                vqf_load
 .text.vqf_save
                0x000000000000a4ac       0x28 app/libapp.a(vqf.c.obj)
                0x000000000000a4ac                vqf_save
 .text.vqf_update_gyro
                0x000000000000a4d4       0x4c app/libapp.a(vqf.c.obj)
                0x000000000000a4d4                vqf_update_gyro
 .text.vqf_update_accel
                0x000000000000a520       0x78 app/libapp.a(vqf.c.obj)
                0x000000000000a520                vqf_update_accel
 .text.vqf_update_mag
                0x000000000000a598       0x18 app/libapp.a(vqf.c.obj)
                0x000000000000a598                vqf_update_mag
 .text.vqf_get_gyro_bias
                0x000000000000a5b0       0x14 app/libapp.a(vqf.c.obj)
                0x000000000000a5b0                vqf_get_gyro_bias
 .text.vqf_set_gyro_bias
                0x000000000000a5c4       0x10 app/libapp.a(vqf.c.obj)
                0x000000000000a5c4                vqf_set_gyro_bias
 .text.vqf_get_quat
                0x000000000000a5d4        0xc app/libapp.a(vqf.c.obj)
                0x000000000000a5d4                vqf_get_quat
 .text.vqf_get_lin_a
                0x000000000000a5e0       0x8c app/libapp.a(vqf.c.obj)
                0x000000000000a5e0                vqf_get_lin_a
 .text.FusionOffsetInitialise2
                0x000000000000a66c       0x34 app/libapp.a(xioFusionOffset2.c.obj)
                0x000000000000a66c                FusionOffsetInitialise2
 .text.fusion_get_gyro_sanity
                0x000000000000a6a0        0xc app/libapp.a(xiofusion.c.obj)
                0x000000000000a6a0                fusion_get_gyro_sanity
 .text.fusion_init
                0x000000000000a6ac       0x64 app/libapp.a(xiofusion.c.obj)
                0x000000000000a6ac                fusion_init
 .text.fusion_load
                0x000000000000a710       0x30 app/libapp.a(xiofusion.c.obj)
                0x000000000000a710                fusion_load
 .text.fusion_save
                0x000000000000a740       0x34 app/libapp.a(xiofusion.c.obj)
                0x000000000000a740                fusion_save
 .text.fusion_get_gyro_bias
                0x000000000000a774       0x14 app/libapp.a(xiofusion.c.obj)
                0x000000000000a774                fusion_get_gyro_bias
 .text.fusion_set_gyro_bias
                0x000000000000a788       0x14 app/libapp.a(xiofusion.c.obj)
                0x000000000000a788                fusion_set_gyro_bias
 .text.fusion_get_quat
                0x000000000000a79c       0x24 app/libapp.a(xiofusion.c.obj)
                0x000000000000a79c                fusion_get_quat
 .text.fusion_update_gyro
                0x000000000000a7c0       0x84 app/libapp.a(xiofusion.c.obj)
                0x000000000000a7c0                fusion_update_gyro
 .text.fusion_update_accel
                0x000000000000a844       0x3c app/libapp.a(xiofusion.c.obj)
                0x000000000000a844                fusion_update_accel
 .text.fusion_update_mag
                0x000000000000a880       0x3c app/libapp.a(xiofusion.c.obj)
                0x000000000000a880                fusion_update_mag
 .text.fusion_update
                0x000000000000a8bc       0x88 app/libapp.a(xiofusion.c.obj)
                0x000000000000a8bc                fusion_update
 .text.fusion_get_lin_a
                0x000000000000a944       0x34 app/libapp.a(xiofusion.c.obj)
                0x000000000000a944                fusion_get_lin_a
 .text.fusion_update_gyro_sanity.part.0
                0x000000000000a978       0x9c app/libapp.a(xiofusion.c.obj)
 .text.fusion_update_gyro_sanity
                0x000000000000aa14       0x40 app/libapp.a(xiofusion.c.obj)
                0x000000000000aa14                fusion_update_gyro_sanity
 .text.bmi_update_fs
                0x000000000000aa54       0xd0 app/libapp.a(BMI270.c.obj)
                0x000000000000aa54                bmi_update_fs
 .text.bmi_update_odr
                0x000000000000ab24      0x278 app/libapp.a(BMI270.c.obj)
                0x000000000000ab24                bmi_update_odr
 .text.bmi_setup_DRDY
                0x000000000000ad9c       0x84 app/libapp.a(BMI270.c.obj)
                0x000000000000ad9c                bmi_setup_DRDY
 .text.bmi_accel_read
                0x000000000000ae20       0x94 app/libapp.a(BMI270.c.obj)
                0x000000000000ae20                bmi_accel_read
 .text.bmi_gyro_read
                0x000000000000aeb4       0xa8 app/libapp.a(BMI270.c.obj)
                0x000000000000aeb4                bmi_gyro_read
 .text.bmi_temp_read
                0x000000000000af5c       0x6c app/libapp.a(BMI270.c.obj)
                0x000000000000af5c                bmi_temp_read
 .text.bmi_fifo_read
                0x000000000000afc8       0xe4 app/libapp.a(BMI270.c.obj)
                0x000000000000afc8                bmi_fifo_read
 .text.bmi_fifo_process
                0x000000000000b0ac      0x104 app/libapp.a(BMI270.c.obj)
                0x000000000000b0ac                bmi_fifo_process
 .text.bmi_shutdown.part.0
                0x000000000000b1b0       0x3c app/libapp.a(BMI270.c.obj)
 .text.bmi_shutdown
                0x000000000000b1ec       0x38 app/libapp.a(BMI270.c.obj)
                0x000000000000b1ec                bmi_shutdown
 .text.bmi_setup_WOM
                0x000000000000b224       0xc4 app/libapp.a(BMI270.c.obj)
                0x000000000000b224                bmi_setup_WOM
 .text.asic_init
                0x000000000000b2e8      0x1c4 app/libapp.a(BMI270.c.obj)
 .text.bmi_init
                0x000000000000b4ac      0x170 app/libapp.a(BMI270.c.obj)
                0x000000000000b4ac                bmi_init
 .text.bmi_crt  0x000000000000b61c      0x28c app/libapp.a(BMI270.c.obj)
                0x000000000000b61c                bmi_crt
 .text.icm_update_fs
                0x000000000000b8a8       0x10 app/libapp.a(ICM42688.c.obj)
                0x000000000000b8a8                icm_update_fs
 .text.icm_accel_read
                0x000000000000b8b8       0x7c app/libapp.a(ICM42688.c.obj)
                0x000000000000b8b8                icm_accel_read
 .text.icm_gyro_read
                0x000000000000b934       0x7c app/libapp.a(ICM42688.c.obj)
                0x000000000000b934                icm_gyro_read
 .text.icm_temp_read
                0x000000000000b9b0       0x6c app/libapp.a(ICM42688.c.obj)
                0x000000000000b9b0                icm_temp_read
 .text.icm_fifo_read
                0x000000000000ba1c      0x108 app/libapp.a(ICM42688.c.obj)
                0x000000000000ba1c                icm_fifo_read
 .text.icm_fifo_process
                0x000000000000bb24      0x130 app/libapp.a(ICM42688.c.obj)
                0x000000000000bb24                icm_fifo_process
 .text.icm_shutdown.part.0
                0x000000000000bc54       0x3c app/libapp.a(ICM42688.c.obj)
 .text.icm_shutdown
                0x000000000000bc90       0x2c app/libapp.a(ICM42688.c.obj)
                0x000000000000bc90                icm_shutdown
 .text.icm_setup_DRDY.part.0
                0x000000000000bcbc       0x3c app/libapp.a(ICM42688.c.obj)
 .text.icm_update_odr
                0x000000000000bcf8      0x350 app/libapp.a(ICM42688.c.obj)
                0x000000000000bcf8                icm_update_odr
 .text.icm_setup_WOM
                0x000000000000c048       0xe4 app/libapp.a(ICM42688.c.obj)
                0x000000000000c048                icm_setup_WOM
 .text.icm_init
                0x000000000000c12c      0x12c app/libapp.a(ICM42688.c.obj)
                0x000000000000c12c                icm_init
 .text.icm45_update_fs
                0x000000000000c258       0x10 app/libapp.a(ICM45686.c.obj)
                0x000000000000c258                icm45_update_fs
 .text.icm45_accel_read
                0x000000000000c268       0x7c app/libapp.a(ICM45686.c.obj)
                0x000000000000c268                icm45_accel_read
 .text.icm45_gyro_read
                0x000000000000c2e4       0x7c app/libapp.a(ICM45686.c.obj)
                0x000000000000c2e4                icm45_gyro_read
 .text.icm45_temp_read
                0x000000000000c360       0x60 app/libapp.a(ICM45686.c.obj)
                0x000000000000c360                icm45_temp_read
 .text.icm45_fifo_read
                0x000000000000c3c0      0x108 app/libapp.a(ICM45686.c.obj)
                0x000000000000c3c0                icm45_fifo_read
 .text.icm45_fifo_process
                0x000000000000c4c8      0x130 app/libapp.a(ICM45686.c.obj)
                0x000000000000c4c8                icm45_fifo_process
 .text.icm45_setup_WOM
                0x000000000000c5f8       0xc0 app/libapp.a(ICM45686.c.obj)
                0x000000000000c5f8                icm45_setup_WOM
 .text.icm45_shutdown.part.0
                0x000000000000c6b8       0x3c app/libapp.a(ICM45686.c.obj)
 .text.icm45_shutdown
                0x000000000000c6f4       0x2c app/libapp.a(ICM45686.c.obj)
                0x000000000000c6f4                icm45_shutdown
 .text.icm45_setup_DRDY.part.0
                0x000000000000c720       0x3c app/libapp.a(ICM45686.c.obj)
 .text.icm45_ext_passthrough.part.0
                0x000000000000c75c       0x3c app/libapp.a(ICM45686.c.obj)
 .text.icm45_update_odr
                0x000000000000c798      0x300 app/libapp.a(ICM45686.c.obj)
                0x000000000000c798                icm45_update_odr
 .text.icm45_init
                0x000000000000ca98      0x160 app/libapp.a(ICM45686.c.obj)
                0x000000000000ca98                icm45_init
 .text.lsm6dsm_update_fs
                0x000000000000cbf8       0xe4 app/libapp.a(LSM6DSM.c.obj)
                0x000000000000cbf8                lsm6dsm_update_fs
 .text.lsm6dsm_fifo_process
                0x000000000000ccdc       0x98 app/libapp.a(LSM6DSM.c.obj)
                0x000000000000ccdc                lsm6dsm_fifo_process
 .text.lsm6dsm_update_odr
                0x000000000000cd74      0x440 app/libapp.a(LSM6DSM.c.obj)
                0x000000000000cd74                lsm6dsm_update_odr
 .text.lsm6dsm_init
                0x000000000000d1b4       0xbc app/libapp.a(LSM6DSM.c.obj)
                0x000000000000d1b4                lsm6dsm_init
 .text.lsm6dsm_fifo_read
                0x000000000000d270      0x17c app/libapp.a(LSM6DSM.c.obj)
                0x000000000000d270                lsm6dsm_fifo_read
 .text.lsm6dsm_setup_DRDY
                0x000000000000d3ec       0x7c app/libapp.a(LSM6DSM.c.obj)
                0x000000000000d3ec                lsm6dsm_setup_DRDY
 .text.lsm6dsm_setup_WOM
                0x000000000000d468       0xa8 app/libapp.a(LSM6DSM.c.obj)
                0x000000000000d468                lsm6dsm_setup_WOM
 .text.lsm6dso_update_fs
                0x000000000000d510       0xe4 app/libapp.a(LSM6DSO.c.obj)
                0x000000000000d510                lsm6dso_update_fs
 .text.lsm6dso_update_odr
                0x000000000000d5f4      0x38c app/libapp.a(LSM6DSO.c.obj)
                0x000000000000d5f4                lsm6dso_update_odr
 .text.lsm6dso_ext_passthrough
                0x000000000000d980       0x7c app/libapp.a(LSM6DSO.c.obj)
                0x000000000000d980                lsm6dso_ext_passthrough
 .text.lsm6dso_init
                0x000000000000d9fc      0x100 app/libapp.a(LSM6DSO.c.obj)
                0x000000000000d9fc                lsm6dso_init
 .text.lsm6dso_fifo_read
                0x000000000000dafc       0xe8 app/libapp.a(LSM6DSO.c.obj)
                0x000000000000dafc                lsm6dso_fifo_read
 .text.lsm6dso_ext_setup
                0x000000000000dbe4       0x10 app/libapp.a(LSM6DSO.c.obj)
                0x000000000000dbe4                lsm6dso_ext_setup
 .text.lsm6dso_setup_WOM
                0x000000000000dbf4       0xb4 app/libapp.a(LSM6DSO.c.obj)
                0x000000000000dbf4                lsm6dso_setup_WOM
 .text.lsm_update_fs
                0x000000000000dca8      0x114 app/libapp.a(LSM6DSV.c.obj)
                0x000000000000dca8                lsm_update_fs
 .text.lsm_fifo_process
                0x000000000000ddbc       0x8c app/libapp.a(LSM6DSV.c.obj)
                0x000000000000ddbc                lsm_fifo_process
 .text.lsm_update_odr
                0x000000000000de48      0x2dc app/libapp.a(LSM6DSV.c.obj)
                0x000000000000de48                lsm_update_odr
 .text.lsm_ext_passthrough
                0x000000000000e124       0x7c app/libapp.a(LSM6DSV.c.obj)
                0x000000000000e124                lsm_ext_passthrough
 .text.lsm_init
                0x000000000000e1a0      0x124 app/libapp.a(LSM6DSV.c.obj)
                0x000000000000e1a0                lsm_init
 .text.lsm_accel_read
                0x000000000000e2c4       0x80 app/libapp.a(LSM6DSV.c.obj)
                0x000000000000e2c4                lsm_accel_read
 .text.lsm_gyro_read
                0x000000000000e344       0x80 app/libapp.a(LSM6DSV.c.obj)
                0x000000000000e344                lsm_gyro_read
 .text.lsm_temp_read
                0x000000000000e3c4       0x60 app/libapp.a(LSM6DSV.c.obj)
                0x000000000000e3c4                lsm_temp_read
 .text.lsm_fifo_read
                0x000000000000e424       0xe8 app/libapp.a(LSM6DSV.c.obj)
                0x000000000000e424                lsm_fifo_read
 .text.lsm_setup_DRDY
                0x000000000000e50c       0x80 app/libapp.a(LSM6DSV.c.obj)
                0x000000000000e50c                lsm_setup_DRDY
 .text.lsm_ext_setup
                0x000000000000e58c       0x50 app/libapp.a(LSM6DSV.c.obj)
                0x000000000000e58c                lsm_ext_setup
 .text.lsm_shutdown.part.0
                0x000000000000e5dc       0x3c app/libapp.a(LSM6DSV.c.obj)
 .text.lsm_shutdown
                0x000000000000e618       0x2c app/libapp.a(LSM6DSV.c.obj)
                0x000000000000e618                lsm_shutdown
 .text.lsm_ext_write_read
                0x000000000000e644      0x15c app/libapp.a(LSM6DSV.c.obj)
                0x000000000000e644                lsm_ext_write_read
 .text.lsm_setup_WOM
                0x000000000000e7a0       0xa8 app/libapp.a(LSM6DSV.c.obj)
                0x000000000000e7a0                lsm_setup_WOM
 .text.lsm_ext_write
                0x000000000000e848       0xfc app/libapp.a(LSM6DSV.c.obj)
                0x000000000000e848                lsm_ext_write
 .text.sensor_interface_register_sensor_imu_i2c
                0x000000000000e944       0x14 app/libapp.a(interface.c.obj)
                0x000000000000e944                sensor_interface_register_sensor_imu_i2c
 .text.sensor_interface_register_sensor_mag_i2c
                0x000000000000e958       0x14 app/libapp.a(interface.c.obj)
                0x000000000000e958                sensor_interface_register_sensor_mag_i2c
 .text.sensor_interface_spi_configure
                0x000000000000e96c       0x2c app/libapp.a(interface.c.obj)
                0x000000000000e96c                sensor_interface_spi_configure
 .text.sensor_interface_ext_configure
                0x000000000000e998        0xc app/libapp.a(interface.c.obj)
                0x000000000000e998                sensor_interface_ext_configure
 .text.ssi_write
                0x000000000000e9a4       0x6c app/libapp.a(interface.c.obj)
                0x000000000000e9a4                ssi_write
 .text.ssi_write_read
                0x000000000000ea10       0xdc app/libapp.a(interface.c.obj)
                0x000000000000ea10                ssi_write_read
 .text.ssi_burst_read
                0x000000000000eaec       0x30 app/libapp.a(interface.c.obj)
                0x000000000000eaec                ssi_burst_read
 .text.ssi_burst_write
                0x000000000000eb1c       0x90 app/libapp.a(interface.c.obj)
                0x000000000000eb1c                ssi_burst_write
 .text.ssi_reg_read_byte
                0x000000000000ebac       0x30 app/libapp.a(interface.c.obj)
                0x000000000000ebac                ssi_reg_read_byte
 .text.ssi_reg_update_byte
                0x000000000000ebdc       0x50 app/libapp.a(interface.c.obj)
                0x000000000000ebdc                ssi_reg_update_byte
 .text.ssi_burst_read_interval
                0x000000000000ec2c       0x54 app/libapp.a(interface.c.obj)
                0x000000000000ec2c                ssi_burst_read_interval
 .text.ak_mag_process
                0x000000000000ec80       0x44 app/libapp.a(AK09940.c.obj)
                0x000000000000ec80                ak_mag_process
 .text.ak_update_odr
                0x000000000000ecc4       0xf8 app/libapp.a(AK09940.c.obj)
                0x000000000000ecc4                ak_update_odr
 .text.ak_init  0x000000000000edbc       0x18 app/libapp.a(AK09940.c.obj)
                0x000000000000edbc                ak_init
 .text.ak_mag_read
                0x000000000000edd4      0x104 app/libapp.a(AK09940.c.obj)
                0x000000000000edd4                ak_mag_read
 .text.ak_shutdown.part.0
                0x000000000000eed8       0x3c app/libapp.a(AK09940.c.obj)
 .text.ak_shutdown
                0x000000000000ef14       0x24 app/libapp.a(AK09940.c.obj)
                0x000000000000ef14                ak_shutdown
 .text.ak_mag_oneshot.part.0
                0x000000000000ef38       0x3c app/libapp.a(AK09940.c.obj)
 .text.ak_mag_oneshot
                0x000000000000ef74       0x28 app/libapp.a(AK09940.c.obj)
                0x000000000000ef74                ak_mag_oneshot
 .text.ak_temp_read.part.0
                0x000000000000ef9c       0x3c app/libapp.a(AK09940.c.obj)
 .text.ak_temp_read
                0x000000000000efd8       0x4c app/libapp.a(AK09940.c.obj)
                0x000000000000efd8                ak_temp_read
 .text.bmm1_mag_process
                0x000000000000f024      0x310 app/libapp.a(BMM150.c.obj)
                0x000000000000f024                bmm1_mag_process
 .text.bmm1_update_odr
                0x000000000000f334      0x178 app/libapp.a(BMM150.c.obj)
                0x000000000000f334                bmm1_update_odr
 .text.bmm1_mag_read
                0x000000000000f4ac       0x78 app/libapp.a(BMM150.c.obj)
                0x000000000000f4ac                bmm1_mag_read
 .text.bmm1_shutdown.part.0
                0x000000000000f524       0x3c app/libapp.a(BMM150.c.obj)
 .text.bmm1_shutdown
                0x000000000000f560       0x24 app/libapp.a(BMM150.c.obj)
                0x000000000000f560                bmm1_shutdown
 .text.bmm1_mag_oneshot.part.0
                0x000000000000f584       0x3c app/libapp.a(BMM150.c.obj)
 .text.bmm1_init
                0x000000000000f5c0      0x174 app/libapp.a(BMM150.c.obj)
                0x000000000000f5c0                bmm1_init
 .text.bmm3_mag_process
                0x000000000000f734       0x64 app/libapp.a(BMM350.c.obj)
                0x000000000000f734                bmm3_mag_process
 .text.bmm3_update_odr
                0x000000000000f798      0x16c app/libapp.a(BMM350.c.obj)
                0x000000000000f798                bmm3_update_odr
 .text.bmm3_init
                0x000000000000f904       0x70 app/libapp.a(BMM350.c.obj)
                0x000000000000f904                bmm3_init
 .text.bmm3_mag_read
                0x000000000000f974       0x70 app/libapp.a(BMM350.c.obj)
                0x000000000000f974                bmm3_mag_read
 .text.bmm3_temp_read
                0x000000000000f9e4       0x9c app/libapp.a(BMM350.c.obj)
                0x000000000000f9e4                bmm3_temp_read
 .text.bmm3_shutdown.part.0
                0x000000000000fa80       0x3c app/libapp.a(BMM350.c.obj)
 .text.bmm3_shutdown
                0x000000000000fabc       0x24 app/libapp.a(BMM350.c.obj)
                0x000000000000fabc                bmm3_shutdown
 .text.bmm3_mag_oneshot.part.0
                0x000000000000fae0       0x3c app/libapp.a(BMM350.c.obj)
 .text.ist8306_mag_process
                0x000000000000fb1c       0x40 app/libapp.a(IST8306.c.obj)
                0x000000000000fb1c                ist8306_mag_process
 .text.ist8306_update_odr
                0x000000000000fb5c      0x12c app/libapp.a(IST8306.c.obj)
                0x000000000000fb5c                ist8306_update_odr
 .text.ist8306_init
                0x000000000000fc88       0x18 app/libapp.a(IST8306.c.obj)
                0x000000000000fc88                ist8306_init
 .text.ist8306_mag_read
                0x000000000000fca0       0xf8 app/libapp.a(IST8306.c.obj)
                0x000000000000fca0                ist8306_mag_read
 .text.ist8306_shutdown.part.0
                0x000000000000fd98       0x3c app/libapp.a(IST8306.c.obj)
 .text.ist8306_shutdown
                0x000000000000fdd4       0x24 app/libapp.a(IST8306.c.obj)
                0x000000000000fdd4                ist8306_shutdown
 .text.ist8306_mag_oneshot.part.0
                0x000000000000fdf8       0x3c app/libapp.a(IST8306.c.obj)
 .text.ist8306_mag_oneshot
                0x000000000000fe34       0x28 app/libapp.a(IST8306.c.obj)
                0x000000000000fe34                ist8306_mag_oneshot
 .text.ist8308_mag_process
                0x000000000000fe5c       0x40 app/libapp.a(IST8308.c.obj)
                0x000000000000fe5c                ist8308_mag_process
 .text.ist8308_update_odr
                0x000000000000fe9c      0x12c app/libapp.a(IST8308.c.obj)
                0x000000000000fe9c                ist8308_update_odr
 .text.ist8308_init
                0x000000000000ffc8       0x38 app/libapp.a(IST8308.c.obj)
                0x000000000000ffc8                ist8308_init
 .text.ist8308_mag_read
                0x0000000000010000       0xf8 app/libapp.a(IST8308.c.obj)
                0x0000000000010000                ist8308_mag_read
 .text.ist8308_shutdown.part.0
                0x00000000000100f8       0x3c app/libapp.a(IST8308.c.obj)
 .text.ist8308_shutdown
                0x0000000000010134       0x24 app/libapp.a(IST8308.c.obj)
                0x0000000000010134                ist8308_shutdown
 .text.ist8308_mag_oneshot.part.0
                0x0000000000010158       0x3c app/libapp.a(IST8308.c.obj)
 .text.ist8308_mag_oneshot
                0x0000000000010194       0x28 app/libapp.a(IST8308.c.obj)
                0x0000000000010194                ist8308_mag_oneshot
 .text.lis2_mag_process
                0x00000000000101bc       0x34 app/libapp.a(LIS2MDL.c.obj)
                0x00000000000101bc                lis2_mag_process
 .text.lis2_update_odr
                0x00000000000101f0       0xec app/libapp.a(LIS2MDL.c.obj)
                0x00000000000101f0                lis2_update_odr
 .text.lis2_init
                0x00000000000102dc       0x18 app/libapp.a(LIS2MDL.c.obj)
                0x00000000000102dc                lis2_init
 .text.lis2_mag_read
                0x00000000000102f4       0x74 app/libapp.a(LIS2MDL.c.obj)
                0x00000000000102f4                lis2_mag_read
 .text.lis2_shutdown.part.0
                0x0000000000010368       0x3c app/libapp.a(LIS2MDL.c.obj)
 .text.lis2_shutdown
                0x00000000000103a4       0x24 app/libapp.a(LIS2MDL.c.obj)
                0x00000000000103a4                lis2_shutdown
 .text.lis2_mag_oneshot.part.0
                0x00000000000103c8       0x3c app/libapp.a(LIS2MDL.c.obj)
 .text.lis2_mag_oneshot
                0x0000000000010404       0x28 app/libapp.a(LIS2MDL.c.obj)
                0x0000000000010404                lis2_mag_oneshot
 .text.lis2_temp_read.part.0
                0x000000000001042c       0x3c app/libapp.a(LIS2MDL.c.obj)
 .text.lis3_mag_process
                0x0000000000010468       0x34 app/libapp.a(LIS3MDL.c.obj)
                0x0000000000010468                lis3_mag_process
 .text.lis3_update_odr
                0x000000000001049c      0x178 app/libapp.a(LIS3MDL.c.obj)
                0x000000000001049c                lis3_update_odr
 .text.lis3_init
                0x0000000000010614       0x7c app/libapp.a(LIS3MDL.c.obj)
                0x0000000000010614                lis3_init
 .text.lis3_mag_read
                0x0000000000010690       0x74 app/libapp.a(LIS3MDL.c.obj)
                0x0000000000010690                lis3_mag_read
 .text.lis3_shutdown.part.0
                0x0000000000010704       0x3c app/libapp.a(LIS3MDL.c.obj)
 .text.lis3_shutdown
                0x0000000000010740       0x24 app/libapp.a(LIS3MDL.c.obj)
                0x0000000000010740                lis3_shutdown
 .text.lis3_mag_oneshot.part.0
                0x0000000000010764       0x3c app/libapp.a(LIS3MDL.c.obj)
 .text.lis3_temp_read.part.0
                0x00000000000107a0       0x3c app/libapp.a(LIS3MDL.c.obj)
 .text.mmc_mag_process
                0x00000000000107dc       0x6c app/libapp.a(MMC5983MA.c.obj)
                0x00000000000107dc                mmc_mag_process
 .text.mmc_update_odr
                0x0000000000010848      0x13c app/libapp.a(MMC5983MA.c.obj)
                0x0000000000010848                mmc_update_odr
 .text.mmc_mag_read
                0x0000000000010984       0xf8 app/libapp.a(MMC5983MA.c.obj)
                0x0000000000010984                mmc_mag_read
 .text.mmc_shutdown.part.0
                0x0000000000010a7c       0x3c app/libapp.a(MMC5983MA.c.obj)
 .text.mmc_shutdown
                0x0000000000010ab8       0x24 app/libapp.a(MMC5983MA.c.obj)
                0x0000000000010ab8                mmc_shutdown
 .text.mmc_mag_oneshot.part.0
                0x0000000000010adc       0x3c app/libapp.a(MMC5983MA.c.obj)
 .text.mmc_mag_oneshot
                0x0000000000010b18       0x38 app/libapp.a(MMC5983MA.c.obj)
                0x0000000000010b18                mmc_mag_oneshot
 .text.mmc_SET  0x0000000000010b50       0x4c app/libapp.a(MMC5983MA.c.obj)
 .text.mmc_init
                0x0000000000010b9c       0x74 app/libapp.a(MMC5983MA.c.obj)
                0x0000000000010b9c                mmc_init
 .text.mmc_temp_read
                0x0000000000010c10      0x168 app/libapp.a(MMC5983MA.c.obj)
                0x0000000000010c10                mmc_temp_read
 .text.qmc_mag_process
                0x0000000000010d78       0x48 app/libapp.a(QMC6309.c.obj)
                0x0000000000010d78                qmc_mag_process
 .text.qmc_update_odr
                0x0000000000010dc0      0x110 app/libapp.a(QMC6309.c.obj)
                0x0000000000010dc0                qmc_update_odr
 .text.qmc_init
                0x0000000000010ed0       0x30 app/libapp.a(QMC6309.c.obj)
                0x0000000000010ed0                qmc_init
 .text.qmc_shutdown.part.0
                0x0000000000010f00       0x3c app/libapp.a(QMC6309.c.obj)
 .text.qmc_mag_oneshot.part.0
                0x0000000000010f3c       0x3c app/libapp.a(QMC6309.c.obj)
 .text.qmc_mag_oneshot
                0x0000000000010f78       0x3c app/libapp.a(QMC6309.c.obj)
                0x0000000000010f78                qmc_mag_oneshot
 .text.qmc_mag_read
                0x0000000000010fb4      0x14c app/libapp.a(QMC6309.c.obj)
                0x0000000000010fb4                qmc_mag_read
 .text.magneto_sample
                0x0000000000011100      0x118 app/libapp.a(magneto1_4.c.obj)
                0x0000000000011100                magneto_sample
 .text.magneto_current_calibration
                0x0000000000011218      0xa34 app/libapp.a(magneto1_4.c.obj)
                0x0000000000011218                magneto_current_calibration
 .text.Choleski_LU_Decomposition
                0x0000000000011c4c       0xf4 app/libapp.a(mymathlib_matrix.c.obj)
                0x0000000000011c4c                Choleski_LU_Decomposition
 .text.Identity_Matrix
                0x0000000000011d40       0x54 app/libapp.a(mymathlib_matrix.c.obj)
                0x0000000000011d40                Identity_Matrix
 .text.Product_and_Sum_of_Shifts
                0x0000000000011d94      0x114 app/libapp.a(mymathlib_matrix.c.obj)
                0x0000000000011d94                Product_and_Sum_of_Shifts
 .text.Two_Consecutive_Small_Subdiagonal
                0x0000000000011ea8      0x244 app/libapp.a(mymathlib_matrix.c.obj)
                0x0000000000011ea8                Two_Consecutive_Small_Subdiagonal
 .text.BackSubstitution
                0x00000000000120ec       0xdc app/libapp.a(mymathlib_matrix.c.obj)
                0x00000000000120ec                BackSubstitution
 .text.QR_Hessenberg_Matrix
                0x00000000000121c8      0x138 app/libapp.a(mymathlib_matrix.c.obj)
                0x00000000000121c8                QR_Hessenberg_Matrix
 .text.sensor_scan_i2c
                0x0000000000012300      0x228 app/libapp.a(scan.c.obj)
                0x0000000000012300                sensor_scan_i2c
 .text.set_update_time_ms
                0x0000000000012528       0x98 app/libapp.a(sensor.c.obj)
 .text.main_imu_suspend.part.0
                0x00000000000125c0       0x60 app/libapp.a(sensor.c.obj)
 .text.sensor_interrupt_handler
                0x0000000000012620       0x34 app/libapp.a(sensor.c.obj)
 .text.sensor_scan_imu
                0x0000000000012654       0x2c app/libapp.a(sensor.c.obj)
                0x0000000000012654                sensor_scan_imu
 .text.sensor_scan_mag
                0x0000000000012680       0x2c app/libapp.a(sensor.c.obj)
                0x0000000000012680                sensor_scan_mag
 .text.sensor_get_sensor_imu_name
                0x00000000000126ac       0x20 app/libapp.a(sensor.c.obj)
                0x00000000000126ac                sensor_get_sensor_imu_name
 .text.sensor_get_sensor_mag_name
                0x00000000000126cc       0x20 app/libapp.a(sensor.c.obj)
                0x00000000000126cc                sensor_get_sensor_mag_name
 .text.sensor_get_sensor_fusion_name
                0x00000000000126ec       0x20 app/libapp.a(sensor.c.obj)
                0x00000000000126ec                sensor_get_sensor_fusion_name
 .text.sensor_scan_read
                0x000000000001270c       0xa8 app/libapp.a(sensor.c.obj)
                0x000000000001270c                sensor_scan_read
 .text.sensor_scan_write
                0x00000000000127b4       0x3c app/libapp.a(sensor.c.obj)
                0x00000000000127b4                sensor_scan_write
 .text.sensor_scan_clear
                0x00000000000127f0       0x1c app/libapp.a(sensor.c.obj)
                0x00000000000127f0                sensor_scan_clear
 .text.sensor_scan
                0x000000000001280c      0x388 app/libapp.a(sensor.c.obj)
 .text.sensor_scan_thread
                0x0000000000012b94       0x58 app/libapp.a(sensor.c.obj)
                0x0000000000012b94                sensor_scan_thread
 .text.sensor_retained_read
                0x0000000000012bec      0x258 app/libapp.a(sensor.c.obj)
                0x0000000000012bec                sensor_retained_read
 .text.sensor_retained_write
                0x0000000000012e44       0x3c app/libapp.a(sensor.c.obj)
                0x0000000000012e44                sensor_retained_write
 .text.sensor_loop.part.0
                0x0000000000012e80      0xb54 app/libapp.a(sensor.c.obj)
 .text.sensor_loop
                0x00000000000139d4      0x65c app/libapp.a(sensor.c.obj)
 .text.wait_for_threads
                0x0000000000014030       0x18 app/libapp.a(sensor.c.obj)
                0x0000000000014030                wait_for_threads
 .text.main_imu_suspend
                0x0000000000014048       0x1c app/libapp.a(sensor.c.obj)
                0x0000000000014048                main_imu_suspend
 .text.sensor_request_scan
                0x0000000000014064      0x13c app/libapp.a(sensor.c.obj)
                0x0000000000014064                sensor_request_scan
 .text.sensor_shutdown
                0x00000000000141a0       0x8c app/libapp.a(sensor.c.obj)
                0x00000000000141a0                sensor_shutdown
 .text.sensor_setup_WOM
                0x000000000001422c       0x5c app/libapp.a(sensor.c.obj)
                0x000000000001422c                sensor_setup_WOM
 .text.main_imu_resume
                0x0000000000014288       0x48 app/libapp.a(sensor.c.obj)
                0x0000000000014288                main_imu_resume
 .text.main_imu_restart
                0x00000000000142d0       0x34 app/libapp.a(sensor.c.obj)
                0x00000000000142d0                main_imu_restart
 .text.sensor_fusion_invalidate
                0x0000000000014304       0x48 app/libapp.a(sensor.c.obj)
                0x0000000000014304                sensor_fusion_invalidate
 .text.imu_none_temp_read
                0x000000000001434c        0xc app/libapp.a(sensor_none.c.obj)
                0x000000000001434c                imu_none_temp_read
 .text.mag_none_temp_read
                0x0000000000014358        0xc app/libapp.a(sensor_none.c.obj)
                0x0000000000014358                mag_none_temp_read
 .text.battery_setup
                0x0000000000014364       0x64 app/libapp.a(battery.c.obj)
 .text.battery_sample
                0x00000000000143c8       0x54 app/libapp.a(battery.c.obj)
                0x00000000000143c8                battery_sample
 .text.read_batt_mV
                0x000000000001441c       0x30 app/libapp.a(battery.c.obj)
                0x000000000001441c                read_batt_mV
 .text.update_runtime
                0x000000000001444c       0x2c app/libapp.a(battery_tracker.c.obj)
 .text.reset_tracker
                0x0000000000014478       0x3c app/libapp.a(battery_tracker.c.obj)
 .text.update_statistics
                0x00000000000144b4       0x3c app/libapp.a(battery_tracker.c.obj)
 .text.update_curve
                0x00000000000144f0      0x190 app/libapp.a(battery_tracker.c.obj)
 .text.sys_update_battery_tracker_voltage
                0x0000000000014680       0x24 app/libapp.a(battery_tracker.c.obj)
                0x0000000000014680                sys_update_battery_tracker_voltage
 .text.sys_get_calibrated_battery_pptt
                0x00000000000146a4      0x138 app/libapp.a(battery_tracker.c.obj)
                0x00000000000146a4                sys_get_calibrated_battery_pptt
 .text.sys_get_battery_mV
                0x00000000000147dc        0xc app/libapp.a(battery_tracker.c.obj)
                0x00000000000147dc                sys_get_battery_mV
 .text.sys_get_valid_battery_mV
                0x00000000000147e8       0x1c app/libapp.a(battery_tracker.c.obj)
                0x00000000000147e8                sys_get_valid_battery_mV
 .text.sys_get_valid_battery_pptt
                0x0000000000014804        0xc app/libapp.a(battery_tracker.c.obj)
                0x0000000000014804                sys_get_valid_battery_pptt
 .text.sys_get_last_unplugged_time
                0x0000000000014810        0xc app/libapp.a(battery_tracker.c.obj)
                0x0000000000014810                sys_get_last_unplugged_time
 .text.sys_get_battery_runtime_estimate
                0x000000000001481c       0xa0 app/libapp.a(battery_tracker.c.obj)
                0x000000000001481c                sys_get_battery_runtime_estimate
 .text.sys_get_battery_runtime_min_estimate
                0x00000000000148bc       0x9c app/libapp.a(battery_tracker.c.obj)
                0x00000000000148bc                sys_get_battery_runtime_min_estimate
 .text.sys_get_battery_runtime_max_estimate
                0x0000000000014958       0x9c app/libapp.a(battery_tracker.c.obj)
                0x0000000000014958                sys_get_battery_runtime_max_estimate
 .text.sys_get_battery_remaining_time_estimate
                0x00000000000149f4       0x84 app/libapp.a(battery_tracker.c.obj)
                0x00000000000149f4                sys_get_battery_remaining_time_estimate
 .text.sys_get_battery_cycles
                0x0000000000014a78       0x48 app/libapp.a(battery_tracker.c.obj)
                0x0000000000014a78                sys_get_battery_cycles
 .text.sys_get_battery_calibration_coverage
                0x0000000000014ac0       0x4c app/libapp.a(battery_tracker.c.obj)
                0x0000000000014ac0                sys_get_battery_calibration_coverage
 .text.sys_get_calibrated_battery_range_min_pptt
                0x0000000000014b0c       0x30 app/libapp.a(battery_tracker.c.obj)
                0x0000000000014b0c                sys_get_calibrated_battery_range_min_pptt
 .text.sys_get_calibrated_battery_range_max_pptt
                0x0000000000014b3c       0x2c app/libapp.a(battery_tracker.c.obj)
                0x0000000000014b3c                sys_get_calibrated_battery_range_max_pptt
 .text.sys_reset_battery_tracker
                0x0000000000014b68       0xcc app/libapp.a(battery_tracker.c.obj)
                0x0000000000014b68                sys_reset_battery_tracker
 .text.led_pin_set
                0x0000000000014c34       0x48 app/libapp.a(led.c.obj)
 .text.gpio_pin_configure_dt.constprop.0.isra.0
                0x0000000000014c7c       0x48 app/libapp.a(led.c.obj)
 .text.led_pin_init
                0x0000000000014cc4       0x50 app/libapp.a(led.c.obj)
 .text.set_led  0x0000000000014d14       0xd0 app/libapp.a(led.c.obj)
                0x0000000000014d14                set_led
 .text.led_thread
                0x0000000000014de4      0x284 app/libapp.a(led.c.obj)
 .text.disable_DFU_thread
                0x0000000000015068       0x14 app/libapp.a(power.c.obj)
 .text.configure_system_off
                0x000000000001507c       0x90 app/libapp.a(power.c.obj)
 .text.nrf_gpio_pin_port_decode
                0x000000000001510c       0x54 app/libapp.a(power.c.obj)
 .text.sys_power_state_request.part.0.isra.0
                0x0000000000015160       0x3c app/libapp.a(power.c.obj)
 .text.wait_for_logging.part.0
                0x000000000001519c       0x3c app/libapp.a(power.c.obj)
 .text.wait_for_logging
                0x00000000000151d8       0x20 app/libapp.a(power.c.obj)
 .text.sys_system_off
                0x00000000000151f8      0x12c app/libapp.a(power.c.obj)
 .text.sys_system_reboot
                0x0000000000015324       0x8c app/libapp.a(power.c.obj)
 .text.sys_WOM  0x00000000000153b0      0x230 app/libapp.a(power.c.obj)
 .text.power_thread
                0x00000000000155e0      0x4b4 app/libapp.a(power.c.obj)
 .text.sys_interface_suspend
                0x0000000000015a94       0x1c app/libapp.a(power.c.obj)
                0x0000000000015a94                sys_interface_suspend
 .text.sys_interface_resume
                0x0000000000015ab0       0x1c app/libapp.a(power.c.obj)
                0x0000000000015ab0                sys_interface_resume
 .text.sys_request_WOM
                0x0000000000015acc       0x24 app/libapp.a(power.c.obj)
                0x0000000000015acc                sys_request_WOM
 .text.sys_request_system_off
                0x0000000000015af0       0x20 app/libapp.a(power.c.obj)
                0x0000000000015af0                sys_request_system_off
 .text.sys_request_system_reboot
                0x0000000000015b10       0x20 app/libapp.a(power.c.obj)
                0x0000000000015b10                sys_request_system_reboot
 .text.vin_read
                0x0000000000015b30       0x20 app/libapp.a(power.c.obj)
                0x0000000000015b30                vin_read
 .text.status_thread
                0x0000000000015b50       0x60 app/libapp.a(status.c.obj)
 .text.set_status
                0x0000000000015bb0      0x160 app/libapp.a(status.c.obj)
                0x0000000000015bb0                set_status
 .text.get_status
                0x0000000000015d10        0xc app/libapp.a(status.c.obj)
                0x0000000000015d10                get_status
 .text.status_ready
                0x0000000000015d1c       0x14 app/libapp.a(status.c.obj)
                0x0000000000015d1c                status_ready
 .text.nrf_gpio_pin_port_decode
                0x0000000000015d30       0x54 app/libapp.a(system.c.obj)
 .text.sys_nvs_init
                0x0000000000015d84       0x9c app/libapp.a(system.c.obj)
 .text.gpio_pin_configure_dt.isra.0
                0x0000000000015e20       0xac app/libapp.a(system.c.obj)
 .text.sys_button_init
                0x0000000000015ecc       0x70 app/libapp.a(system.c.obj)
 .text.sys_gpio_init
                0x0000000000015f3c       0x14 app/libapp.a(system.c.obj)
 .text.configure_sense_pins
                0x0000000000015f50       0x74 app/libapp.a(system.c.obj)
                0x0000000000015f50                configure_sense_pins
 .text.reboot_counter_read
                0x0000000000015fc4       0x34 app/libapp.a(system.c.obj)
                0x0000000000015fc4                reboot_counter_read
 .text.reboot_counter_write
                0x0000000000015ff8       0x38 app/libapp.a(system.c.obj)
                0x0000000000015ff8                reboot_counter_write
 .text.sys_write
                0x0000000000016030       0x78 app/libapp.a(system.c.obj)
                0x0000000000016030                sys_write
 .text.sys_read
                0x00000000000160a8       0x94 app/libapp.a(system.c.obj)
                0x00000000000160a8                sys_read
 .text.sys_retained_init
                0x000000000001613c       0xf8 app/libapp.a(system.c.obj)
 .text.sys_clear
                0x0000000000016234       0x80 app/libapp.a(system.c.obj)
                0x0000000000016234                sys_clear
 .text.set_sensor_clock
                0x00000000000162b4       0x74 app/libapp.a(system.c.obj)
                0x00000000000162b4                set_sensor_clock
 .text.button_read
                0x0000000000016328       0x50 app/libapp.a(system.c.obj)
                0x0000000000016328                button_read
 .text.button_interrupt_handler
                0x0000000000016378       0x48 app/libapp.a(system.c.obj)
 .text.sys_user_shutdown
                0x00000000000163c0      0x100 app/libapp.a(system.c.obj)
                0x00000000000163c0                sys_user_shutdown
 .text.sys_reset_mode
                0x00000000000164c0       0xc4 app/libapp.a(system.c.obj)
                0x00000000000164c0                sys_reset_mode
 .text.button_thread
                0x0000000000016584      0x1b4 app/libapp.a(system.c.obj)
 .text.usb_init_thread
                0x0000000000016738        0xc app/libapp.a(usb.c.obj)
 .text.status_cb
                0x0000000000016744       0xa8 app/libapp.a(usb.c.obj)
 .text.a_to_lin_a
                0x00000000000167ec       0x70 app/libapp.a(util.c.obj)
                0x00000000000167ec                a_to_lin_a
 .text.q_fem    0x000000000001685c       0x98 app/libapp.a(util.c.obj)
                0x000000000001685c                q_fem
 .text.FusionFastInverseSqrt
                0x00000000000168f4       0x34 app/libapp.a(FusionAhrs.c.obj)
 .text.FusionAhrsReset
                0x0000000000016928       0x48 app/libapp.a(FusionAhrs.c.obj)
                0x0000000000016928                FusionAhrsReset
 .text.FusionAhrsSetSettings
                0x0000000000016970       0xe8 app/libapp.a(FusionAhrs.c.obj)
                0x0000000000016970                FusionAhrsSetSettings
 .text.FusionAhrsInitialise
                0x0000000000016a58       0x30 app/libapp.a(FusionAhrs.c.obj)
                0x0000000000016a58                FusionAhrsInitialise
 .text.FusionAhrsUpdate
                0x0000000000016a88      0x430 app/libapp.a(FusionAhrs.c.obj)
                0x0000000000016a88                FusionAhrsUpdate
 .text.norm     0x0000000000016eb8       0x3c app/libapp.a(vqf.c.obj)
 .text.normalize
                0x0000000000016ef4       0x34 app/libapp.a(vqf.c.obj)
 .text.filterCoeffs
                0x0000000000016f28       0x78 app/libapp.a(vqf.c.obj)
 .text.gainFromTau
                0x0000000000016fa0       0x58 app/libapp.a(vqf.c.obj)
 .text.init_params
                0x0000000000016ff8       0x88 app/libapp.a(vqf.c.obj)
                0x0000000000016ff8                init_params
 .text.updateGyr
                0x0000000000017080      0x184 app/libapp.a(vqf.c.obj)
                0x0000000000017080                updateGyr
 .text.updateAcc
                0x0000000000017204      0x838 app/libapp.a(vqf.c.obj)
                0x0000000000017204                updateAcc
 .text.updateMag
                0x0000000000017a3c      0x388 app/libapp.a(vqf.c.obj)
                0x0000000000017a3c                updateMag
 .text.getBiasEstimate
                0x0000000000017dc4      0x164 app/libapp.a(vqf.c.obj)
                0x0000000000017dc4                getBiasEstimate
 .text.setBiasEstimate
                0x0000000000017f28       0x48 app/libapp.a(vqf.c.obj)
                0x0000000000017f28                setBiasEstimate
 .text.resetState
                0x0000000000017f70      0x148 app/libapp.a(vqf.c.obj)
                0x0000000000017f70                resetState
 .text.setup    0x00000000000180b8      0x140 app/libapp.a(vqf.c.obj)
                0x00000000000180b8                setup
 .text.initVqf  0x00000000000181f8       0x38 app/libapp.a(vqf.c.obj)
                0x00000000000181f8                initVqf
 .text.crc32_k_4_2_update
                0x0000000000018230       0x34 zephyr/libzephyr.a(crc32k_4_2_sw.c.obj)
                0x0000000000018230                crc32_k_4_2_update
 .text.crc32_ieee_update
                0x0000000000018264       0x3c zephyr/libzephyr.a(crc32_sw.c.obj)
                0x0000000000018264                crc32_ieee_update
 .text.crc8_ccitt
                0x00000000000182a0       0x2c zephyr/libzephyr.a(crc8_sw.c.obj)
                0x00000000000182a0                crc8_ccitt
 .text.sys_heap_free
                0x00000000000182cc       0x74 zephyr/libzephyr.a(heap.c.obj)
                0x00000000000182cc                sys_heap_free
 .text.sys_heap_init
                0x0000000000018340      0x10c zephyr/libzephyr.a(heap.c.obj)
                0x0000000000018340                sys_heap_init
 .text.cbvprintf_package
                0x000000000001844c      0x3f8 zephyr/libzephyr.a(cbprintf_packaged.c.obj)
                0x000000000001844c                cbvprintf_package
 .text.cbprintf_package_convert
                0x0000000000018844      0x460 zephyr/libzephyr.a(cbprintf_packaged.c.obj)
                0x0000000000018844                cbprintf_package_convert
 .text.__printk_hook_install
                0x0000000000018ca4        0xc zephyr/libzephyr.a(printk.c.obj)
                0x0000000000018ca4                __printk_hook_install
 .text.vsnprintk
                0x0000000000018cb0       0x2c zephyr/libzephyr.a(printk.c.obj)
                0x0000000000018cb0                vsnprintk
 .text.extract_decimal
                0x0000000000018cdc       0x2c zephyr/libzephyr.a(cbprintf_complete.c.obj)
 .text.encode_uint
                0x0000000000018d08       0x9c zephyr/libzephyr.a(cbprintf_complete.c.obj)
 .text.mpsc_pbuf_init
                0x0000000000018da4       0x5c zephyr/libzephyr.a(mpsc_pbuf.c.obj)
                0x0000000000018da4                mpsc_pbuf_init
 .text.mpsc_pbuf_alloc
                0x0000000000018e00      0x160 zephyr/libzephyr.a(mpsc_pbuf.c.obj)
                0x0000000000018e00                mpsc_pbuf_alloc
 .text.mpsc_pbuf_commit
                0x0000000000018f60       0x8c zephyr/libzephyr.a(mpsc_pbuf.c.obj)
                0x0000000000018f60                mpsc_pbuf_commit
 .text.mpsc_pbuf_claim
                0x0000000000018fec       0xec zephyr/libzephyr.a(mpsc_pbuf.c.obj)
                0x0000000000018fec                mpsc_pbuf_claim
 .text.mpsc_pbuf_free
                0x00000000000190d8       0xc0 zephyr/libzephyr.a(mpsc_pbuf.c.obj)
                0x00000000000190d8                mpsc_pbuf_free
 .text.mpsc_pbuf_is_pending
                0x0000000000019198       0x80 zephyr/libzephyr.a(mpsc_pbuf.c.obj)
                0x0000000000019198                mpsc_pbuf_is_pending
 .text.sys_reboot
                0x0000000000019218       0x2c zephyr/libzephyr.a(reboot.c.obj)
                0x0000000000019218                sys_reboot
 .text.base64_encode
                0x0000000000019244      0x100 zephyr/libzephyr.a(base64.c.obj)
                0x0000000000019244                base64_encode
 .text.base64_decode
                0x0000000000019344      0x140 zephyr/libzephyr.a(base64.c.obj)
                0x0000000000019344                base64_decode
 .text.process_event
                0x0000000000019484      0x338 zephyr/libzephyr.a(onoff.c.obj)
 .text.transition_complete
                0x00000000000197bc       0x50 zephyr/libzephyr.a(onoff.c.obj)
 .text.onoff_request
                0x000000000001980c      0x108 zephyr/libzephyr.a(onoff.c.obj)
                0x000000000001980c                onoff_request
 .text.onoff_release
                0x0000000000019914       0xac zephyr/libzephyr.a(onoff.c.obj)
                0x0000000000019914                onoff_release
 .text.onoff_cancel
                0x00000000000199c0       0xac zephyr/libzephyr.a(onoff.c.obj)
                0x00000000000199c0                onoff_cancel
 .text.sys_notify_finalize
                0x0000000000019a6c       0x38 zephyr/libzephyr.a(notify.c.obj)
                0x0000000000019a6c                sys_notify_finalize
 .text.ring_buf_put
                0x0000000000019aa4       0x5c zephyr/libzephyr.a(ring_buffer.c.obj)
                0x0000000000019aa4                ring_buf_put
 .text.ring_buf_get
                0x0000000000019b00       0x60 zephyr/libzephyr.a(ring_buffer.c.obj)
                0x0000000000019b00                ring_buf_get
 .text.nvs_recover_last_ate
                0x0000000000019b60       0x64 zephyr/libzephyr.a(nvs.c.obj)
 .text.nvs_sector_close
                0x0000000000019bc4       0x58 zephyr/libzephyr.a(nvs.c.obj)
 .text.nvs_clear
                0x0000000000019c1c       0x60 zephyr/libzephyr.a(nvs.c.obj)
                0x0000000000019c1c                nvs_clear
 .text.nvs_mount
                0x0000000000019c7c      0x3fc zephyr/libzephyr.a(nvs.c.obj)
                0x0000000000019c7c                nvs_mount
 .text.nvs_write
                0x000000000001a078      0x1f8 zephyr/libzephyr.a(nvs.c.obj)
                0x000000000001a078                nvs_write
 .text.nvs_read_hist
                0x000000000001a270      0x100 zephyr/libzephyr.a(nvs.c.obj)
                0x000000000001a270                nvs_read_hist
 .text.enable_logger
                0x000000000001a370       0x5c zephyr/libzephyr.a(log_core.c.obj)
 .text.activate_foreach_backend
                0x000000000001a3cc       0x64 zephyr/libzephyr.a(log_core.c.obj)
 .text.z_log_init
                0x000000000001a430       0xd0 zephyr/libzephyr.a(log_core.c.obj)
 .text.log_process_thread_timer_expiry_fn
                0x000000000001a500        0xc zephyr/libzephyr.a(log_core.c.obj)
 .text.log_format_func_t_get
                0x000000000001a50c        0xc zephyr/libzephyr.a(log_core.c.obj)
                0x000000000001a50c                log_format_func_t_get
 .text.log_set_timestamp_func
                0x000000000001a518       0x20 zephyr/libzephyr.a(log_core.c.obj)
                0x000000000001a518                log_set_timestamp_func
 .text.z_log_notify_backend_enabled
                0x000000000001a538       0x1c zephyr/libzephyr.a(log_core.c.obj)
                0x000000000001a538                z_log_notify_backend_enabled
 .text.z_log_dropped
                0x000000000001a554       0x44 zephyr/libzephyr.a(log_core.c.obj)
                0x000000000001a554                z_log_dropped
 .text.z_log_dropped_read_and_clear
                0x000000000001a598       0x20 zephyr/libzephyr.a(log_core.c.obj)
                0x000000000001a598                z_log_dropped_read_and_clear
 .text.dropped_notify
                0x000000000001a5b8       0x50 zephyr/libzephyr.a(log_core.c.obj)
                0x000000000001a5b8                dropped_notify
 .text.z_log_msg_init
                0x000000000001a608       0x20 zephyr/libzephyr.a(log_core.c.obj)
                0x000000000001a608                z_log_msg_init
 .text.log_core_init
                0x000000000001a628       0x70 zephyr/libzephyr.a(log_core.c.obj)
                0x000000000001a628                log_core_init
 .text.z_log_msg_alloc
                0x000000000001a698       0x10 zephyr/libzephyr.a(log_core.c.obj)
                0x000000000001a698                z_log_msg_alloc
 .text.z_log_msg_local_claim
                0x000000000001a6a8        0xc zephyr/libzephyr.a(log_core.c.obj)
                0x000000000001a6a8                z_log_msg_local_claim
 .text.z_log_msg_free
                0x000000000001a6b4       0x10 zephyr/libzephyr.a(log_core.c.obj)
                0x000000000001a6b4                z_log_msg_free
 .text.z_log_msg_pending
                0x000000000001a6c4        0xc zephyr/libzephyr.a(log_core.c.obj)
                0x000000000001a6c4                z_log_msg_pending
 .text.z_impl_log_process
                0x000000000001a6d0       0xe0 zephyr/libzephyr.a(log_core.c.obj)
                0x000000000001a6d0                z_impl_log_process
 .text.z_impl_log_panic
                0x000000000001a7b0       0x64 zephyr/libzephyr.a(log_core.c.obj)
                0x000000000001a7b0                z_impl_log_panic
 .text.log_process_thread_func
                0x000000000001a814       0xd4 zephyr/libzephyr.a(log_core.c.obj)
 .text.z_log_msg_post_finalize
                0x000000000001a8e8       0xbc zephyr/libzephyr.a(log_core.c.obj)
 .text.z_log_msg_commit
                0x000000000001a9a4       0x24 zephyr/libzephyr.a(log_core.c.obj)
                0x000000000001a9a4                z_log_msg_commit
 .text.log_source_name_get
                0x000000000001a9c8       0x1c zephyr/libzephyr.a(log_mgmt.c.obj)
                0x000000000001a9c8                log_source_name_get
 .text.log_backend_get_by_name
                0x000000000001a9e4       0x48 zephyr/libzephyr.a(log_mgmt.c.obj)
                0x000000000001a9e4                log_backend_get_by_name
 .text.log_backend_disable
                0x000000000001aa2c       0x2c zephyr/libzephyr.a(log_mgmt.c.obj)
                0x000000000001aa2c                log_backend_disable
 .text.z_impl_z_log_msg_static_create
                0x000000000001aa58      0x128 zephyr/libzephyr.a(log_msg.c.obj)
                0x000000000001aa58                z_impl_z_log_msg_static_create
 .text.z_log_msg_runtime_vcreate
                0x000000000001ab80       0xec zephyr/libzephyr.a(log_msg.c.obj)
                0x000000000001ab80                z_log_msg_runtime_vcreate
 .text.log_msg_get_source_id
                0x000000000001ac6c       0x18 zephyr/libzephyr.a(log_msg.c.obj)
                0x000000000001ac6c                log_msg_get_source_id
 .text.print_formatted
                0x000000000001ac84       0x24 zephyr/libzephyr.a(log_output.c.obj)
 .text.newline_print
                0x000000000001aca8       0x1c zephyr/libzephyr.a(log_output.c.obj)
 .text.out_func
                0x000000000001acc4       0x5c zephyr/libzephyr.a(log_output.c.obj)
 .text.log_output_process
                0x000000000001ad20      0x318 zephyr/libzephyr.a(log_output.c.obj)
                0x000000000001ad20                log_output_process
 .text.log_output_dropped_process
                0x000000000001b038       0x58 zephyr/libzephyr.a(log_output.c.obj)
                0x000000000001b038                log_output_dropped_process
 .text.log_output_timestamp_freq_set
                0x000000000001b090       0x2c zephyr/libzephyr.a(log_output.c.obj)
                0x000000000001b090                log_output_timestamp_freq_set
 .text.log_backend_rtt_init
                0x000000000001b0bc        0xc zephyr/libzephyr.a(log_backend_rtt.c.obj)
 .text.format_set
                0x000000000001b0c8        0xc zephyr/libzephyr.a(log_backend_rtt.c.obj)
 .text.dropped  0x000000000001b0d4        0xc zephyr/libzephyr.a(log_backend_rtt.c.obj)
 .text.process  0x000000000001b0e0       0x24 zephyr/libzephyr.a(log_backend_rtt.c.obj)
 .text.panic    0x000000000001b104       0x34 zephyr/libzephyr.a(log_backend_rtt.c.obj)
 .text.on_failed_write
                0x000000000001b138       0x28 zephyr/libzephyr.a(log_backend_rtt.c.obj)
 .text.data_out
                0x000000000001b160       0x88 zephyr/libzephyr.a(log_backend_rtt.c.obj)