Archive member included to satisfy reference by file (symbol)

app/libapp.a(config.c.obj)    (--whole-archive)
app/libapp.a(connection.c.obj)
                              (--whole-archive)
app/libapp.a(esb.c.obj)       (--whole-archive)
app/libapp.a(timer.c.obj)     (--whole-archive)
app/libapp.a(console.c.obj)   (--whole-archive)
app/libapp.a(hid.c.obj)       (--whole-archive)
app/libapp.a(main.c.obj)      (--whole-archive)
app/libapp.a(parse_args.c.obj)
                              (--whole-archive)
app/libapp.a(retained.c.obj)  (--whole-archive)
app/libapp.a(calibration.c.obj)
                              (--whole-archive)
app/libapp.a(fusion_none.c.obj)
                              (--whole-archive)
app/libapp.a(motionsense.c.obj)
                              (--whole-archive)
app/libapp.a(vqf.c.obj)       (--whole-archive)
app/libapp.a(xioFusionOffset2.c.obj)
                              (--whole-archive)
app/libapp.a(xiofusion.c.obj)
                              (--whole-archive)
app/libapp.a(BMI270.c.obj)    (--whole-archive)
app/libapp.a(ICM42688.c.obj)  (--whole-archive)
app/libapp.a(ICM45686.c.obj)  (--whole-archive)
app/libapp.a(LSM6DSM.c.obj)   (--whole-archive)
app/libapp.a(LSM6DSO.c.obj)   (--whole-archive)
app/libapp.a(LSM6DSV.c.obj)   (--whole-archive)
app/libapp.a(interface.c.obj)
                              (--whole-archive)
app/libapp.a(AK09940.c.obj)   (--whole-archive)
app/libapp.a(BMM150.c.obj)    (--whole-archive)
app/libapp.a(BMM350.c.obj)    (--whole-archive)
app/libapp.a(IST8306.c.obj)   (--whole-archive)
app/libapp.a(IST8308.c.obj)   (--whole-archive)
app/libapp.a(LIS2MDL.c.obj)   (--whole-archive)
app/libapp.a(LIS3MDL.c.obj)   (--whole-archive)
app/libapp.a(MMC5983MA.c.obj)
                              (--whole-archive)
app/libapp.a(QMC6309.c.obj)   (--whole-archive)
app/libapp.a(magneto1_4.c.obj)
                              (--whole-archive)
app/libapp.a(mymathlib_matrix.c.obj)
                              (--whole-archive)
app/libapp.a(scan.c.obj)      (--whole-archive)
app/libapp.a(scan_ext.c.obj)  (--whole-archive)
app/libapp.a(scan_spi.c.obj)  (--whole-archive)
app/libapp.a(sensor.c.obj)    (--whole-archive)
app/libapp.a(sensor_none.c.obj)
                              (--whole-archive)
app/libapp.a(battery.c.obj)   (--whole-archive)
app/libapp.a(battery_tracker.c.obj)
                              (--whole-archive)
app/libapp.a(led.c.obj)       (--whole-archive)
app/libapp.a(power.c.obj)     (--whole-archive)
app/libapp.a(status.c.obj)    (--whole-archive)
app/libapp.a(system.c.obj)    (--whole-archive)
app/libapp.a(usb.c.obj)       (--whole-archive)
app/libapp.a(util.c.obj)      (--whole-archive)
app/libapp.a(FusionAhrs.c.obj)
                              (--whole-archive)
app/libapp.a(FusionCompass.c.obj)
                              (--whole-archive)
app/libapp.a(FusionOffset.c.obj)
                              (--whole-archive)
app/libapp.a(vqf.c.obj)       (--whole-archive)
zephyr/libzephyr.a(validate_libc.c.obj)
                              (--whole-archive)
zephyr/libzephyr.a(heap.c.obj)
                              (--whole-archive)
zephyr/libzephyr.a(cbprintf_packaged.c.obj)
                              (--whole-archive)
zephyr/libzephyr.a(clock.c.obj)
                              (--whole-archive)
zephyr/libzephyr.a(printk.c.obj)
                              (--whole-archive)
zephyr/libzephyr.a(sem.c.obj)
                              (--whole-archive)
zephyr/libzephyr.a(thread_entry.c.obj)
                              (--whole-archive)
zephyr/libzephyr.a(cbprintf_complete.c.obj)
                              (--whole-archive)
zephyr/libzephyr.a(cbprintf.c.obj)
                              (--whole-archive)
zephyr/libzephyr.a(assert.c.obj)
                              (--whole-archive)
zephyr/libzephyr.a(mpsc_pbuf.c.obj)
                              (--whole-archive)
zephyr/libzephyr.a(reboot.c.obj)
                              (--whole-archive)
zephyr/libzephyr.a(poweroff.c.obj)
                              (--whole-archive)
zephyr/libzephyr.a(base64.c.obj)
                              (--whole-archive)
zephyr/libzephyr.a(dec.c.obj)
                              (--whole-archive)
zephyr/libzephyr.a(hex.c.obj)
                              (--whole-archive)
zephyr/libzephyr.a(rb.c.obj)  (--whole-archive)
zephyr/libzephyr.a(timeutil.c.obj)
                              (--whole-archive)
zephyr/libzephyr.a(bitarray.c.obj)
                              (--whole-archive)
zephyr/libzephyr.a(bitmask.c.obj)
                              (--whole-archive)
zephyr/libzephyr.a(onoff.c.obj)
                              (--whole-archive)
zephyr/libzephyr.a(notify.c.obj)
                              (--whole-archive)
zephyr/libzephyr.a(ring_buffer.c.obj)
                              (--whole-archive)
zephyr/libzephyr.a(last_section_id.c.obj)
                              (--whole-archive)
zephyr/libzephyr.a(configs.c.obj)
[...]
Memory Configuration

Name             Origin             Length             Attributes
FLASH            0x0000000000001000 0x00000000000ed000 xr
RAM              0x0000000020000000 0x000000000003f000 xw
RETAINED_MEM     0x000000002003f000 0x0000000000001000 rw
DFU_DBL_RESET_MEM 0x0000000020007f7c 0x0000000000000004 rw
IDT_LIST         0x00000000ffff7fff 0x0000000000008000 xw
*default*        0x0000000000000000 0xffffffffffffffff

Linker script and memory map

LOAD zephyr/CMakeFiles/zephyr_final.dir/misc/empty_file.c.obj
LOAD zephyr/CMakeFiles/zephyr_final.dir/isr_tables.c.obj
LOAD zephyr/CMakeFiles/offsets.dir/./arch/arm/core/offsets/offsets.c.obj
LOAD app/libapp.a
LOAD zephyr/libzephyr.a
LOAD zephyr/arch/common/libarch__common.a
LOAD zephyr/arch/arch/arm/core/libarch__arm__core.a
LOAD zephyr/arch/arch/arm/core/cortex_m/libarch__arm__core__cortex_m.a
LOAD zephyr/arch/arch/arm/core/mpu/libarch__arm__core__mpu.a
LOAD zephyr/lib/libc/newlib/liblib__libc__newlib.a
LOAD zephyr/lib/libc/common/liblib__libc__common.a
LOAD zephyr/soc/soc/nrf52840/libsoc__nordic.a
LOAD zephyr/boards/boards/arm/promicro_uf2/lib..__..__..__Users__Lyall__Documents__GitHub__SlimeVR-Tracker-nRF__boards__nordic__promicro_uf2.a
LOAD zephyr/subsys/usb/device/class/hid/libsubsys__usb__device__class__hid.a
LOAD zephyr/subsys/crc/libsubsys__crc.a
LOAD zephyr/drivers/usb/device/libdrivers__usb__device.a
LOAD zephyr/drivers/usb/common/nrf_usbd_common/libdrivers__usb__common__nrf_usbd_common.a
LOAD zephyr/drivers/adc/libdrivers__adc.a
LOAD zephyr/drivers/clock_control/libdrivers__clock_control.a
LOAD zephyr/drivers/console/libdrivers__console.a
LOAD zephyr/drivers/flash/libdrivers__flash.a
LOAD zephyr/drivers/gpio/libdrivers__gpio.a
LOAD zephyr/drivers/hwinfo/libdrivers__hwinfo.a
LOAD zephyr/drivers/i2c/libdrivers__i2c.a
LOAD zephyr/drivers/pinctrl/libdrivers__pinctrl.a
LOAD zephyr/drivers/pwm/libdrivers__pwm.a
LOAD zephyr/drivers/retained_mem/libdrivers__retained_mem.a
LOAD zephyr/drivers/serial/libdrivers__serial.a
LOAD zephyr/drivers/timer/libdrivers__timer.a
LOAD modules/nrf/lib/multithreading_lock/lib..__nrf__lib__multithreading_lock.a
LOAD modules/nrf/lib/fatal_error/lib..__nrf__lib__fatal_error.a
LOAD modules/nrf/subsys/esb/lib..__nrf__subsys__esb.a
LOAD modules/nrf/subsys/mpsl/fem/lib..__nrf__subsys__mpsl__fem.a
LOAD modules/nrf/subsys/mpsl/hwres/lib..__nrf__subsys__mpsl__hwres.a
LOAD modules/hal_nordic/modules/hal_nordic/nrfx/libmodules__hal_nordic__nrfx.a
LOAD modules/segger/libmodules__segger.a
LOAD zephyr/kernel/libkernel.a
LOAD zephyr/arch/common/libisr_tables.a
LOAD C:/ncs/v3.2.4/nrfxlib/mpsl/fem/common/lib/nrf52/hard-float/libmpsl_fem_common.a
LOAD C:/ncs/v3.2.4/nrfxlib/mpsl/fem/nrf21540_gpio/lib/nrf52/hard-float/libmpsl_fem_nrf21540_gpio.a
LOAD C:/ncs/v3.2.4/nrfxlib/mpsl/fem/nrf21540_gpio_spi/lib/nrf52/hard-float/libmpsl_fem_nrf21540_gpio_spi.a
LOAD C:/ncs/v3.2.4/nrfxlib/mpsl/fem/nrf2220/lib/nrf52/hard-float/libmpsl_fem_nrf2220.a
LOAD C:/ncs/v3.2.4/nrfxlib/mpsl/fem/nrf2240/lib/nrf52/hard-float/libmpsl_fem_nrf2240.a
LOAD C:/ncs/v3.2.4/nrfxlib/mpsl/fem/nrf22xx/lib/nrf52/hard-float/libmpsl_fem_nrf22xx.a
LOAD C:/ncs/v3.2.4/nrfxlib/mpsl/fem/simple_gpio/lib/nrf52/hard-float/libmpsl_fem_simple_gpio.a
LOAD C:/ncs/v3.2.4/nrfxlib/mpsl/lib/nrf52/hard-float/libmpsl.a
LOAD C:/ncs/toolchains/fd21892d0f/opt/zephyr-sdk/arm-zephyr-eabi/arm-zephyr-eabi/lib/thumb/v7e-m+fp/hard\libm_nano.a
LOAD C:/ncs/toolchains/fd21892d0f/opt/zephyr-sdk/arm-zephyr-eabi/arm-zephyr-eabi/lib/thumb/v7e-m+fp/hard\libc_nano.a
LOAD c:/ncs/toolchains/fd21892d0f/opt/zephyr-sdk/arm-zephyr-eabi/bin/../lib/gcc/arm-zephyr-eabi/12.2.0/thumb/v7e-m+fp/hard\libgcc.a
LOAD C:/ncs/toolchains/fd21892d0f/opt/zephyr-sdk/arm-zephyr-eabi/arm-zephyr-eabi/lib/thumb/v7e-m+fp/hard\libc_nano.a
                0x0000000000000080                _region_min_align = 0x80

.rel.plt        0x0000000000001000        0x0
 *(SORT_BY_ALIGNMENT(.rel.plt))
                [!provide]                        PROVIDE (__rel_iplt_start = .)
 *(SORT_BY_ALIGNMENT(.rel.iplt))
 .rel.iplt      0x0000000000001000        0x0 zephyr/CMakeFiles/zephyr_final.dir/isr_tables.c.obj
                [!provide]                        PROVIDE (__rel_iplt_end = .)

.rela.plt       0x0000000000000000        0x0
 *(SORT_BY_ALIGNMENT(.rela.plt))
                [!provide]                        PROVIDE (__rela_iplt_start = .)
 *(SORT_BY_ALIGNMENT(.rela.iplt))
                [!provide]                        PROVIDE (__rela_iplt_end = .)

.rel.dyn
 *(SORT_BY_ALIGNMENT(.rel.*))

.rela.dyn
 *(SORT_BY_ALIGNMENT(.rela.*))

/DISCARD/
 *(SORT_BY_ALIGNMENT(.plt))

/DISCARD/
 *(SORT_BY_ALIGNMENT(.iplt))
                0x0000000000001000                __rom_region_start = 0x1000

rom_start       0x0000000000001000      0x100
                0x0000000000001000                __rom_start_address = .
 FILL mask 0x00
                0x0000000000001000                . = (. + (0x0 - (. - __rom_start_address)))
                0x0000000000001000                . = ALIGN (0x4)
                0x0000000000001000                . = ALIGN (0x80)
                0x0000000000001000                . = ALIGN (0x100)
                0x0000000000001000                _vector_start = .
 *(SORT_BY_ALIGNMENT(.exc_vector_table))
 *(SORT_BY_ALIGNMENT(.exc_vector_table.*))
 .exc_vector_table._vector_table_section
                0x0000000000001000       0x40 zephyr/arch/arch/arm/core/cortex_m/libarch__arm__core__cortex_m.a(vector_table.S.obj)
                0x0000000000001000                _vector_table
 *(SORT_BY_ALIGNMENT(.vectors))
                0x0000000000001100                _vector_end = .
                0x0000000000001040                . = ALIGN (0x4)
 *(SORT_BY_ALIGNMENT(.gnu.linkonce.irq_vector_table*))
 .gnu.linkonce.irq_vector_table
                0x0000000000001040       0xc0 zephyr/CMakeFiles/zephyr_final.dir/isr_tables.c.obj
                0x0000000000001040                _irq_vector_table
                0x0000000000001100                _vector_end = .

text            0x0000000000001100    0x2e420
                0x0000000000001100                __text_region_start = .
 *(SORT_BY_ALIGNMENT(.text))
 .text          0x0000000000001100        0xc C:/ncs/v3.2.4/nrfxlib/mpsl/fem/common/lib/nrf52/hard-float/libmpsl_fem_common.a(libmpsl_fem_common_debug_hardfp__obfuscated.elf)
                0x0000000000001100                mpsl_fem_enable
 .text          0x000000000000110c        0xc C:/ncs/v3.2.4/nrfxlib/mpsl/fem/common/lib/nrf52/hard-float/libmpsl_fem_common.a(libmpsl_fem_common_debug_hardfp__obfuscated.elf)
                0x000000000000110c                mpsl_fem_disable
 .text          0x0000000000001118        0xc C:/ncs/v3.2.4/nrfxlib/mpsl/fem/common/lib/nrf52/hard-float/libmpsl_fem_common.a(libmpsl_fem_common_debug_hardfp__obfuscated.elf)
                0x0000000000001118                mpsl_fem_pa_configuration_set
 .text          0x0000000000001124        0xc C:/ncs/v3.2.4/nrfxlib/mpsl/fem/common/lib/nrf52/hard-float/libmpsl_fem_common.a(libmpsl_fem_common_debug_hardfp__obfuscated.elf)
                0x0000000000001124                mpsl_fem_lna_configuration_set
 .text          0x0000000000001130        0xc C:/ncs/v3.2.4/nrfxlib/mpsl/fem/common/lib/nrf52/hard-float/libmpsl_fem_common.a(libmpsl_fem_common_debug_hardfp__obfuscated.elf)
                0x0000000000001130                mpsl_fem_pa_configuration_clear
 .text          0x000000000000113c        0xc C:/ncs/v3.2.4/nrfxlib/mpsl/fem/common/lib/nrf52/hard-float/libmpsl_fem_common.a(libmpsl_fem_common_debug_hardfp__obfuscated.elf)
                0x000000000000113c                mpsl_fem_lna_configuration_clear
 .text          0x0000000000001148        0xc C:/ncs/v3.2.4/nrfxlib/mpsl/fem/common/lib/nrf52/hard-float/libmpsl_fem_common.a(libmpsl_fem_common_debug_hardfp__obfuscated.elf)
                0x0000000000001148                mpsl_fem_deactivate_now
 .text          0x0000000000001154        0xc C:/ncs/v3.2.4/nrfxlib/mpsl/fem/common/lib/nrf52/hard-float/libmpsl_fem_common.a(libmpsl_fem_common_debug_hardfp__obfuscated.elf)
                0x0000000000001154                mpsl_fem_pa_power_control_set
 .text          0x0000000000001160       0x18 C:/ncs/v3.2.4/nrfxlib/mpsl/fem/common/lib/nrf52/hard-float/libmpsl_fem_common.a(libmpsl_fem_common_debug_hardfp__obfuscated.elf)
                0x0000000000001160                mpsl_fem_tx_power_split
 .text          0x0000000000001178       0x54 C:/ncs/v3.2.4/nrfxlib/mpsl/lib/nrf52/hard-float/libmpsl.a(libmpsl_debug_hardfp__obfuscated.elf)
                0x0000000000001178                sym_VWOYI7XCNXBFVPWSS6WFJ2CWKPJYCMRRQTU7QWQ
 .text          0x00000000000011cc       0x20 C:/ncs/v3.2.4/nrfxlib/mpsl/lib/nrf52/hard-float/libmpsl.a(libmpsl_debug_hardfp__obfuscated.elf)
                0x00000000000011cc                mpsl_tx_power_radio_supported_power_adjust
 .text          0x00000000000011ec       0x7c C:/ncs/v3.2.4/nrfxlib/mpsl/lib/nrf52/hard-float/libmpsl.a(libmpsl_debug_hardfp__obfuscated.elf)
                0x00000000000011ec                sym_JBMIQXYLJQQB56KLSIZ2WVKBMEMRZHLRBGLEPTA
 .text          0x0000000000001268       0x24 C:/ncs/v3.2.4/nrfxlib/mpsl/lib/nrf52/hard-float/libmpsl.a(libmpsl_debug_hardfp__obfuscated.elf)
 .text          0x000000000000128c       0x58 C:/ncs/v3.2.4/nrfxlib/mpsl/lib/nrf52/hard-float/libmpsl.a(libmpsl_debug_hardfp__obfuscated.elf)
                0x000000000000128c                sym_S2UAPMFVIQXDUOA6CV7GJMB33TYHEUH5D6LHO5Q
 .text          0x00000000000012e4       0x18 C:/ncs/v3.2.4/nrfxlib/mpsl/lib/nrf52/hard-float/libmpsl.a(libmpsl_debug_hardfp__obfuscated.elf)
                0x00000000000012e4                sym_CG4RHEKAJT5SDDAMNZDGCGOIJ7U3JN5EOJ5RYKA
 .text          0x00000000000012fc      0x378 c:/ncs/toolchains/fd21892d0f/opt/zephyr-sdk/arm-zephyr-eabi/bin/../lib/gcc/arm-zephyr-eabi/12.2.0/thumb/v7e-m+fp/hard\libgcc.a(_arm_addsubdf3.o)
                0x00000000000012fc                __aeabi_drsub
                0x0000000000001304                __subdf3
                0x0000000000001304                __aeabi_dsub
                0x0000000000001308                __aeabi_dadd
                0x0000000000001308                __adddf3
                0x0000000000001580                __floatunsidf
                0x0000000000001580                __aeabi_ui2d
                0x00000000000015a0                __aeabi_i2d
                0x00000000000015a0                __floatsidf
                0x00000000000015c4                __extendsfdf2
                0x00000000000015c4                __aeabi_f2d
                0x0000000000001608                __floatundidf
                0x0000000000001608                __aeabi_ul2d
                0x0000000000001618                __aeabi_l2d
                0x0000000000001618                __floatdidf
 .text          0x0000000000001674      0x424 c:/ncs/toolchains/fd21892d0f/opt/zephyr-sdk/arm-zephyr-eabi/bin/../lib/gcc/arm-zephyr-eabi/12.2.0/thumb/v7e-m+fp/hard\libgcc.a(_arm_muldivdf3.o)
                0x0000000000001674                __aeabi_dmul
                0x0000000000001674                __muldf3
                0x00000000000018c8                __divdf3
                0x00000000000018c8                __aeabi_ddiv
 .text          0x0000000000001a98      0x110 c:/ncs/toolchains/fd21892d0f/opt/zephyr-sdk/arm-zephyr-eabi/bin/../lib/gcc/arm-zephyr-eabi/12.2.0/thumb/v7e-m+fp/hard\libgcc.a(_arm_cmpdf2.o)
                0x0000000000001a98                __gtdf2
                0x0000000000001a98                __gedf2
                0x0000000000001aa0                __ltdf2
                0x0000000000001aa0                __ledf2
                0x0000000000001aa8                __nedf2
                0x0000000000001aa8                __cmpdf2
                0x0000000000001aa8                __eqdf2
                0x0000000000001b24                __aeabi_cdrcmple
                0x0000000000001b34                __aeabi_cdcmple
                0x0000000000001b34                __aeabi_cdcmpeq
                0x0000000000001b44                __aeabi_dcmpeq
                0x0000000000001b58                __aeabi_dcmplt
                0x0000000000001b6c                __aeabi_dcmple
                0x0000000000001b80                __aeabi_dcmpge
                0x0000000000001b94                __aeabi_dcmpgt
 .text          0x0000000000001ba8       0x2c c:/ncs/toolchains/fd21892d0f/opt/zephyr-sdk/arm-zephyr-eabi/bin/../lib/gcc/arm-zephyr-eabi/12.2.0/thumb/v7e-m+fp/hard\libgcc.a(_arm_unorddf2.o)
                0x0000000000001ba8                __unorddf2
                0x0000000000001ba8                __aeabi_dcmpun
 .text          0x0000000000001bd4       0x50 c:/ncs/toolchains/fd21892d0f/opt/zephyr-sdk/arm-zephyr-eabi/bin/../lib/gcc/arm-zephyr-eabi/12.2.0/thumb/v7e-m+fp/hard\libgcc.a(_arm_fixdfsi.o)
                0x0000000000001bd4                __fixdfsi
                0x0000000000001bd4                __aeabi_d2iz
 .text          0x0000000000001c24       0xa0 c:/ncs/toolchains/fd21892d0f/opt/zephyr-sdk/arm-zephyr-eabi/bin/../lib/gcc/arm-zephyr-eabi/12.2.0/thumb/v7e-m+fp/hard\libgcc.a(_arm_truncdfsf2.o)
                0x0000000000001c24                __truncdfsf2
                0x0000000000001c24                __aeabi_d2f
 .text          0x0000000000001cc4       0xa0 c:/ncs/toolchains/fd21892d0f/opt/zephyr-sdk/arm-zephyr-eabi/bin/../lib/gcc/arm-zephyr-eabi/12.2.0/thumb/v7e-m+fp/hard\libgcc.a(_aeabi_ldivmod.o)
                0x0000000000001cc4                __aeabi_ldivmod
 .text          0x0000000000001d64       0x30 c:/ncs/toolchains/fd21892d0f/opt/zephyr-sdk/arm-zephyr-eabi/bin/../lib/gcc/arm-zephyr-eabi/12.2.0/thumb/v7e-m+fp/hard\libgcc.a(_aeabi_uldivmod.o)
                0x0000000000001d64                __aeabi_uldivmod
 .text          0x0000000000001d94        0x4 c:/ncs/toolchains/fd21892d0f/opt/zephyr-sdk/arm-zephyr-eabi/bin/../lib/gcc/arm-zephyr-eabi/12.2.0/thumb/v7e-m+fp/hard\libgcc.a(_dvmd_tls.o)
                0x0000000000001d94                __aeabi_idiv0
                0x0000000000001d94                __aeabi_ldiv0
 .text          0x0000000000001d98        0xe C:/ncs/v3.2.4/nrfxlib/mpsl/fem/common/lib/nrf52/hard-float/libmpsl_fem_common.a(libmpsl_fem_common_debug_hardfp__obfuscated.elf)
                0x0000000000001d98                mpsl_fem_init
 .text          0x0000000000001da6       0x20 C:/ncs/v3.2.4/nrfxlib/mpsl/fem/common/lib/nrf52/hard-float/libmpsl_fem_common.a(libmpsl_fem_common_debug_hardfp__obfuscated.elf)
                0x0000000000001da6                sym_PX4SKXGNX25XLMGGWQM65ZRFHI6666YGHL6AYMA
 .text          0x0000000000001dc6        0x6 C:/ncs/v3.2.4/nrfxlib/mpsl/fem/common/lib/nrf52/hard-float/libmpsl_fem_common.a(libmpsl_fem_common_debug_hardfp__obfuscated.elf)
 .text          0x0000000000001dcc        0x2 C:/ncs/v3.2.4/nrfxlib/mpsl/fem/common/lib/nrf52/hard-float/libmpsl_fem_common.a(libmpsl_fem_common_debug_hardfp__obfuscated.elf)
 .text          0x0000000000001dce        0x4 C:/ncs/v3.2.4/nrfxlib/mpsl/fem/common/lib/nrf52/hard-float/libmpsl_fem_common.a(libmpsl_fem_common_debug_hardfp__obfuscated.elf)
 .text          0x0000000000001dd2        0x6 C:/ncs/v3.2.4/nrfxlib/mpsl/fem/common/lib/nrf52/hard-float/libmpsl_fem_common.a(libmpsl_fem_common_debug_hardfp__obfuscated.elf)
 .text          0x0000000000001dd8        0x6 C:/ncs/v3.2.4/nrfxlib/mpsl/fem/common/lib/nrf52/hard-float/libmpsl_fem_common.a(libmpsl_fem_common_debug_hardfp__obfuscated.elf)
 .text          0x0000000000001dde        0x2 C:/ncs/v3.2.4/nrfxlib/mpsl/fem/common/lib/nrf52/hard-float/libmpsl_fem_common.a(libmpsl_fem_common_debug_hardfp__obfuscated.elf)
 .text          0x0000000000001de0        0x6 C:/ncs/v3.2.4/nrfxlib/mpsl/fem/common/lib/nrf52/hard-float/libmpsl_fem_common.a(libmpsl_fem_common_debug_hardfp__obfuscated.elf)
 .text          0x0000000000001de6        0x4 C:/ncs/v3.2.4/nrfxlib/mpsl/fem/common/lib/nrf52/hard-float/libmpsl_fem_common.a(libmpsl_fem_common_debug_hardfp__obfuscated.elf)
 .text          0x0000000000001dea        0x4 C:/ncs/v3.2.4/nrfxlib/mpsl/fem/common/lib/nrf52/hard-float/libmpsl_fem_common.a(libmpsl_fem_common_debug_hardfp__obfuscated.elf)
 .text          0x0000000000001dee        0x6 C:/ncs/v3.2.4/nrfxlib/mpsl/fem/common/lib/nrf52/hard-float/libmpsl_fem_common.a(libmpsl_fem_common_debug_hardfp__obfuscated.elf)
 .text          0x0000000000001df4        0xa C:/ncs/v3.2.4/nrfxlib/mpsl/fem/common/lib/nrf52/hard-float/libmpsl_fem_common.a(libmpsl_fem_common_debug_hardfp__obfuscated.elf)
 .text          0x0000000000001dfe        0x6 C:/ncs/v3.2.4/nrfxlib/mpsl/fem/common/lib/nrf52/hard-float/libmpsl_fem_common.a(libmpsl_fem_common_debug_hardfp__obfuscated.elf)
 .text          0x0000000000001e04        0x4 C:/ncs/v3.2.4/nrfxlib/mpsl/fem/common/lib/nrf52/hard-float/libmpsl_fem_common.a(libmpsl_fem_common_debug_hardfp__obfuscated.elf)
 .text          0x0000000000001e08        0x6 C:/ncs/v3.2.4/nrfxlib/mpsl/fem/common/lib/nrf52/hard-float/libmpsl_fem_common.a(libmpsl_fem_common_debug_hardfp__obfuscated.elf)
 .text          0x0000000000001e0e        0x6 C:/ncs/v3.2.4/nrfxlib/mpsl/fem/common/lib/nrf52/hard-float/libmpsl_fem_common.a(libmpsl_fem_common_debug_hardfp__obfuscated.elf)
 .text          0x0000000000001e14        0x2 C:/ncs/v3.2.4/nrfxlib/mpsl/fem/common/lib/nrf52/hard-float/libmpsl_fem_common.a(libmpsl_fem_common_debug_hardfp__obfuscated.elf)
 .text          0x0000000000001e16       0x14 C:/ncs/toolchains/fd21892d0f/opt/zephyr-sdk/arm-zephyr-eabi/arm-zephyr-eabi/lib/thumb/v7e-m+fp/hard\libc_nano.a(lib_a-strcmp.o)
                0x0000000000001e16                strcmp
 .text          0x0000000000001e2a       0x10 C:/ncs/toolchains/fd21892d0f/opt/zephyr-sdk/arm-zephyr-eabi/arm-zephyr-eabi/lib/thumb/v7e-m+fp/hard\libc_nano.a(lib_a-strlen.o)
                0x0000000000001e2a                strlen
 .text          0x0000000000001e3a      0x2a0 c:/ncs/toolchains/fd21892d0f/opt/zephyr-sdk/arm-zephyr-eabi/bin/../lib/gcc/arm-zephyr-eabi/12.2.0/thumb/v7e-m+fp/hard\libgcc.a(_udivmoddi4.o)
                0x0000000000001e3a                __udivmoddi4
 *(SORT_BY_ALIGNMENT(.text.*))
 *fill*         0x00000000000020da        0x6 
 .text.print_uptime
                0x00000000000020e0       0x7c app/libapp.a(console.c.obj)
 *fill*         0x000000000000215c        0x4 
 .text.console_thread
                0x0000000000002160      0xee0 app/libapp.a(console.c.obj)
 .text.Multiply_Matrices
                0x0000000000003040       0xa8 app/libapp.a(mymathlib_matrix.c.obj)
                0x0000000000003040                Multiply_Matrices
 .text.Hessenberg_Elementary_Transform
                0x00000000000030e8       0xc0 app/libapp.a(mymathlib_matrix.c.obj)
                0x00000000000030e8                Hessenberg_Elementary_Transform
 .text.Two_Eigenvalues
                0x00000000000031a8      0x24c app/libapp.a(mymathlib_matrix.c.obj)
                0x00000000000031a8                Two_Eigenvalues
 *fill*         0x00000000000033f4        0x4 
 .text.Double_QR_Step
                0x00000000000033f8      0x528 app/libapp.a(mymathlib_matrix.c.obj)
                0x00000000000033f8                Double_QR_Step
 .text.BackSubstitute_Real_Vector
                0x0000000000003920      0x284 app/libapp.a(mymathlib_matrix.c.obj)
                0x0000000000003920                BackSubstitute_Real_Vector
 *fill*         0x0000000000003ba4        0x4 
 .text.Calculate_Eigenvectors
                0x0000000000003ba8      0x148 app/libapp.a(mymathlib_matrix.c.obj)
                0x0000000000003ba8                Calculate_Eigenvectors
 .text.BackSubstitute_Complex_Vector
                0x0000000000003cf0      0x59c app/libapp.a(mymathlib_matrix.c.obj)
                0x0000000000003cf0                BackSubstitute_Complex_Vector
 *fill*         0x000000000000428c        0x4 
 .text.Lower_Triangular_Inverse
                0x0000000000004290      0x104 app/libapp.a(mymathlib_matrix.c.obj)
                0x0000000000004290                Lower_Triangular_Inverse
 *fill*         0x0000000000004394        0x4 
 .text.Choleski_LU_Inverse
                0x0000000000004398       0xa0 app/libapp.a(mymathlib_matrix.c.obj)
                0x0000000000004398                Choleski_LU_Inverse
 .text.Hessenberg_Form_Elementary
                0x0000000000004438      0x20c app/libapp.a(mymathlib_matrix.c.obj)
                0x0000000000004438                Hessenberg_Form_Elementary
 *fill*         0x0000000000004644        0x4 
 .text.sys_update_battery_tracker
                0x0000000000004648      0x500 app/libapp.a(battery_tracker.c.obj)
                0x0000000000004648                sys_update_battery_tracker
 .text.pwm_set_pulse_dt.constprop.0.isra.0
                0x0000000000004b48       0x9c app/libapp.a(led.c.obj)
 *fill*         0x0000000000004be4        0x4 
 .text.z_cbvprintf_impl
                0x0000000000004be8      0xd1c zephyr/libzephyr.a(cbprintf_complete.c.obj)
                0x0000000000004be8                z_cbvprintf_impl
 *fill*         0x0000000000005904        0x4 
 .text.clock_control_pwm_on
                0x0000000000005908      0x13c zephyr/drivers/clock_control/libdrivers__clock_control.a(clock_control_pwm.c.obj)
 *fill*         0x0000000000005a44        0x4 
 .text.exp      0x0000000000005a48       0x9c C:/ncs/toolchains/fd21892d0f/opt/zephyr-sdk/arm-zephyr-eabi/arm-zephyr-eabi/lib/thumb/v7e-m+fp/hard\libm_nano.a(lib_a-w_exp.o)
                0x0000000000005a48                exp
 *fill*         0x0000000000005ae4        0x4 
 .text.__ieee754_asin
                0x0000000000005ae8      0x408 C:/ncs/toolchains/fd21892d0f/opt/zephyr-sdk/arm-zephyr-eabi/arm-zephyr-eabi/lib/thumb/v7e-m+fp/hard\libm_nano.a(lib_a-e_asin.o)
                0x0000000000005ae8                __ieee754_asin
 .text.__ieee754_exp
                0x0000000000005ef0      0x2e4 C:/ncs/toolchains/fd21892d0f/opt/zephyr-sdk/arm-zephyr-eabi/arm-zephyr-eabi/lib/thumb/v7e-m+fp/hard\libm_nano.a(lib_a-e_exp.o)
                0x0000000000005ef0                __ieee754_exp
 *fill*         0x00000000000061d4        0x4 
 .text.nan      0x00000000000061d8       0x10 C:/ncs/toolchains/fd21892d0f/opt/zephyr-sdk/arm-zephyr-eabi/arm-zephyr-eabi/lib/thumb/v7e-m+fp/hard\libm_nano.a(lib_a-s_nan.o)
                0x00000000000061d8                nan
 .text.config_settings_init
                0x00000000000061e8       0x9c app/libapp.a(config.c.obj)
                0x00000000000061e8                config_settings_init
 .text.config_0_settings_write
                0x0000000000006284       0x44 app/libapp.a(config.c.obj)
                0x0000000000006284                config_0_settings_write
 .text.config_1_settings_write
                0x00000000000062c8       0x40 app/libapp.a(config.c.obj)
                0x00000000000062c8                config_1_settings_write
 .text.config_2_settings_write
                0x0000000000006308       0x34 app/libapp.a(config.c.obj)
                0x0000000000006308                config_2_settings_write
 .text.config_3_settings_write
                0x000000000000633c       0x34 app/libapp.a(config.c.obj)
                0x000000000000633c                config_3_settings_write
 .text.config_settings_reset
                0x0000000000006370       0x6c app/libapp.a(config.c.obj)
                0x0000000000006370                config_settings_reset
 .text.config_settings_reset_all
                0x00000000000063dc       0x84 app/libapp.a(config.c.obj)
                0x00000000000063dc                config_settings_reset_all
 .text.k_mutex_unlock.constprop.0.isra.0
                0x0000000000006460        0xc app/libapp.a(connection.c.obj)
 .text.connection_set_id
                0x000000000000646c        0xc app/libapp.a(connection.c.obj)
                0x000000000000646c                connection_set_id
 .text.connection_update_sensor_ids
                0x0000000000006478       0x40 app/libapp.a(connection.c.obj)
                0x0000000000006478                connection_update_sensor_ids
 .text.connection_update_sensor_data
                0x00000000000064b8       0x58 app/libapp.a(connection.c.obj)
                0x00000000000064b8                connection_update_sensor_data
 .text.connection_update_sensor_mag
                0x0000000000006510       0x24 app/libapp.a(connection.c.obj)
                0x0000000000006510                connection_update_sensor_mag
 .text.connection_update_sensor_temp
                0x0000000000006534       0x60 app/libapp.a(connection.c.obj)
                0x0000000000006534                connection_update_sensor_temp
 .text.connection_update_sensor_timeout_time
                0x0000000000006594        0xc app/libapp.a(connection.c.obj)
                0x0000000000006594                connection_update_sensor_timeout_time
 .text.connection_update_battery
                0x00000000000065a0       0x58 app/libapp.a(connection.c.obj)
                0x00000000000065a0                connection_update_battery
 .text.connection_update_status
                0x00000000000065f8       0x1c app/libapp.a(connection.c.obj)
                0x00000000000065f8                connection_update_status
 .text.connection_update_button
                0x0000000000006614       0x1c app/libapp.a(connection.c.obj)
                0x0000000000006614                connection_update_button
 .text.connection_set_shutdown
                0x0000000000006630        0xc app/libapp.a(connection.c.obj)
                0x0000000000006630                connection_set_shutdown
 .text.connection_write_packet_0
                0x000000000000663c       0xe8 app/libapp.a(connection.c.obj)
                0x000000000000663c                connection_write_packet_0
 .text.connection_write_packet_1
                0x0000000000006724      0x268 app/libapp.a(connection.c.obj)
                0x0000000000006724                connection_write_packet_1
 .text.connection_write_packet_2
                0x000000000000698c      0x290 app/libapp.a(connection.c.obj)
                0x000000000000698c                connection_write_packet_2
 .text.connection_write_packet_3
                0x0000000000006c1c       0xb4 app/libapp.a(connection.c.obj)
                0x0000000000006c1c                connection_write_packet_3
 .text.connection_write_packet_4
                0x0000000000006cd0      0x268 app/libapp.a(connection.c.obj)
                0x0000000000006cd0                connection_write_packet_4
 .text.connection_write_packet_5
                0x0000000000006f38       0xd4 app/libapp.a(connection.c.obj)
                0x0000000000006f38                connection_write_packet_5
 .text.connection_write_packet_6
                0x000000000000700c      0x140 app/libapp.a(connection.c.obj)
                0x000000000000700c                connection_write_packet_6
 .text.connection_write_packet_7
                0x000000000000714c      0x30c app/libapp.a(connection.c.obj)
                0x000000000000714c                connection_write_packet_7
 .text.connection_thread
                0x0000000000007458      0x254 app/libapp.a(connection.c.obj)
 .text.clocks_init.part.0
                0x00000000000076ac       0x3c app/libapp.a(esb.c.obj)
 .text.clocks_init
                0x00000000000076e8       0x20 app/libapp.a(esb.c.obj)
 .text.clocks_stop
                0x0000000000007708       0x1c app/libapp.a(esb.c.obj)
                0x0000000000007708                clocks_stop
 .text.event_handler
                0x0000000000007724      0x114 app/libapp.a(esb.c.obj)
                0x0000000000007724                event_handler
 .text.clocks_start
                0x0000000000007838       0xe8 app/libapp.a(esb.c.obj)
                0x0000000000007838                clocks_start
 .text.esb_initialize
                0x0000000000007920       0xb8 app/libapp.a(esb.c.obj)
                0x0000000000007920                esb_initialize
 .text.esb_deinitialize
                0x00000000000079d8       0x20 app/libapp.a(esb.c.obj)
                0x00000000000079d8                esb_deinitialize
 .text.esb_reset_pair.part.0
                0x00000000000079f8       0x48 app/libapp.a(esb.c.obj)
 .text.esb_set_addr_discovery
                0x0000000000007a40       0x38 app/libapp.a(esb.c.obj)
                0x0000000000007a40                esb_set_addr_discovery
 .text.esb_set_addr_paired
                0x0000000000007a78       0x98 app/libapp.a(esb.c.obj)
                0x0000000000007a78                esb_set_addr_paired
 .text.esb_pair
                0x0000000000007b10      0x334 app/libapp.a(esb.c.obj)
                0x0000000000007b10                esb_pair
 .text.esb_thread
                0x0000000000007e44      0x160 app/libapp.a(esb.c.obj)
 .text.esb_reset_pair
                0x0000000000007fa4       0x1c app/libapp.a(esb.c.obj)
                0x0000000000007fa4                esb_reset_pair
 .text.esb_set_pair
                0x0000000000007fc0       0xb8 app/libapp.a(esb.c.obj)
                0x0000000000007fc0                esb_set_pair
 .text.esb_clear_pair
                0x0000000000008078       0x50 app/libapp.a(esb.c.obj)
                0x0000000000008078                esb_clear_pair
 .text.esb_write
                0x00000000000080c8       0x54 app/libapp.a(esb.c.obj)
                0x00000000000080c8                esb_write
 .text.esb_ready
                0x000000000000811c       0x18 app/libapp.a(esb.c.obj)
                0x000000000000811c                esb_ready
 .text.strtolower
                0x0000000000008134       0x20 app/libapp.a(console.c.obj)
 .text.print_help
                0x0000000000008154       0xc4 app/libapp.a(console.c.obj)
 .text.parse_config_settings_id
                0x0000000000008218       0x34 app/libapp.a(console.c.obj)
 .text.console_thread_create
                0x000000000000824c       0x3c app/libapp.a(console.c.obj)
                0x000000000000824c                console_thread_create
 .text.console_thread_abort
                0x0000000000008288        0xc app/libapp.a(console.c.obj)
                0x0000000000008288                console_thread_abort
 .text.int_in_ready_cb.part.0
                0x0000000000008294       0x34 app/libapp.a(hid.c.obj)
 .text.protocol_cb
                0x00000000000082c8       0x48 app/libapp.a(hid.c.obj)
 .text.composite_pre_init
                0x0000000000008310       0xe8 app/libapp.a(hid.c.obj)
 .text.int_in_ready_cb
                0x00000000000083f8       0x28 app/libapp.a(hid.c.obj)
 .text.hid_thread
                0x0000000000008420      0x19c app/libapp.a(hid.c.obj)
 .text.hid_thread_create
                0x00000000000085bc       0x3c app/libapp.a(hid.c.obj)
                0x00000000000085bc                hid_thread_create
 .text.hid_thread_abort
                0x00000000000085f8        0xc app/libapp.a(hid.c.obj)
                0x00000000000085f8                hid_thread_abort
 .text.hid_int_in_ready
                0x0000000000008604        0xc app/libapp.a(hid.c.obj)
                0x0000000000008604                hid_int_in_ready
 .text.hid_write_packet_n
                0x0000000000008610       0x74 app/libapp.a(hid.c.obj)
                0x0000000000008610                hid_write_packet_n
 .text.gpio_pin_set_dt.isra.0
                0x0000000000008684       0x54 app/libapp.a(main.c.obj)
 .text.gpio_pin_configure_dt.constprop.0.isra.0
                0x00000000000086d8       0x94 app/libapp.a(main.c.obj)
 .text.main     0x000000000000876c      0x268 app/libapp.a(main.c.obj)
                0x000000000000876c                main
 .text.parse_args
                0x00000000000089d4       0x60 app/libapp.a(parse_args.c.obj)
                0x00000000000089d4                parse_args
 .text.retained_init
                0x0000000000008a34       0x14 app/libapp.a(retained.c.obj)
 .text.retained_validate
                0x0000000000008a48       0x5c app/libapp.a(retained.c.obj)
                0x0000000000008a48                retained_validate
 .text.retained_update
                0x0000000000008aa4       0x3c app/libapp.a(retained.c.obj)
                0x0000000000008aa4                retained_update
 .text.check_sides
                0x0000000000008ae0      0x104 app/libapp.a(calibration.c.obj)
 .text.magneto_reset
                0x0000000000008be4       0x4c app/libapp.a(calibration.c.obj)
 .text.isAccRest.constprop.0
                0x0000000000008c30       0x78 app/libapp.a(calibration.c.obj)
 .text.sensor_wait_accel.constprop.0
                0x0000000000008ca8       0xbc app/libapp.a(calibration.c.obj)
 .text.sensor_calibration_request.part.0.isra.0
                0x0000000000008d64       0x3c app/libapp.a(calibration.c.obj)
 .text.sensor_calibration_process_accel
                0x0000000000008da0       0x8c app/libapp.a(calibration.c.obj)
                0x0000000000008da0                sensor_calibration_process_accel
 .text.sensor_calibration_process_gyro
                0x0000000000008e2c       0x74 app/libapp.a(calibration.c.obj)
                0x0000000000008e2c                sensor_calibration_process_gyro
 .text.sensor_calibration_process_mag
                0x0000000000008ea0       0x4c app/libapp.a(calibration.c.obj)
                0x0000000000008ea0                sensor_calibration_process_mag
 .text.sensor_calibration_update_sensor_ids
                0x0000000000008eec        0xc app/libapp.a(calibration.c.obj)
                0x0000000000008eec                sensor_calibration_update_sensor_ids
 .text.sensor_calibration_get_sensor_data
                0x0000000000008ef8        0x8 app/libapp.a(calibration.c.obj)
                0x0000000000008ef8                sensor_calibration_get_sensor_data
 .text.sensor_calibration_read
                0x0000000000008f00       0x98 app/libapp.a(calibration.c.obj)
                0x0000000000008f00                sensor_calibration_read
 .text.sensor_calibration_clear
                0x0000000000008f98       0x84 app/libapp.a(calibration.c.obj)
                0x0000000000008f98                sensor_calibration_clear
 .text.sensor_calibration_validate
                0x000000000000901c       0xb8 app/libapp.a(calibration.c.obj)
                0x000000000000901c                sensor_calibration_validate
 .text.sensor_calibration_clear_6_side
                0x00000000000090d4       0x70 app/libapp.a(calibration.c.obj)
                0x00000000000090d4                sensor_calibration_clear_6_side
 .text.sensor_calibration_validate_6_side
                0x0000000000009144       0xd8 app/libapp.a(calibration.c.obj)
                0x0000000000009144                sensor_calibration_validate_6_side
 .text.sensor_calibration_clear_mag
                0x000000000000921c       0x68 app/libapp.a(calibration.c.obj)
                0x000000000000921c                sensor_calibration_clear_mag
 .text.sensor_calibration_validate_mag
                0x0000000000009284       0xec app/libapp.a(calibration.c.obj)
                0x0000000000009284                sensor_calibration_validate_mag
 .text.calibration_thread
                0x0000000000009370     0x12a0 app/libapp.a(calibration.c.obj)
 .text.sensor_request_calibration
                0x000000000000a610       0x14 app/libapp.a(calibration.c.obj)
                0x000000000000a610                sensor_request_calibration
 .text.sensor_request_calibration_6_side
                0x000000000000a624       0x14 app/libapp.a(calibration.c.obj)
                0x000000000000a624                sensor_request_calibration_6_side
 .text.sensor_request_calibration_mag
                0x000000000000a638       0x18 app/libapp.a(calibration.c.obj)
                0x000000000000a638                sensor_request_calibration_mag
 .text.set_params
                0x000000000000a650       0x78 app/libapp.a(vqf.c.obj)
 .text.vqf_init
                0x000000000000a6c8       0x40 app/libapp.a(vqf.c.obj)
                0x000000000000a6c8                vqf_init
 .text.vqf_load
                0x000000000000a708       0x2c app/libapp.a(vqf.c.obj)
                0x000000000000a708                vqf_load
 .text.vqf_save
                0x000000000000a734       0x28 app/libapp.a(vqf.c.obj)
                0x000000000000a734                vqf_save
 .text.vqf_update_gyro
                0x000000000000a75c       0x4c app/libapp.a(vqf.c.obj)
                0x000000000000a75c                vqf_update_gyro
 .text.vqf_update_accel
                0x000000000000a7a8       0x78 app/libapp.a(vqf.c.obj)
                0x000000000000a7a8                vqf_update_accel
 .text.vqf_update_mag
                0x000000000000a820       0x18 app/libapp.a(vqf.c.obj)
                0x000000000000a820                vqf_update_mag
 .text.vqf_get_gyro_bias
                0x000000000000a838       0x14 app/libapp.a(vqf.c.obj)
                0x000000000000a838                vqf_get_gyro_bias
 .text.vqf_set_gyro_bias
                0x000000000000a84c       0x10 app/libapp.a(vqf.c.obj)
                0x000000000000a84c                vqf_set_gyro_bias
 .text.vqf_get_quat
                0x000000000000a85c        0xc app/libapp.a(vqf.c.obj)
                0x000000000000a85c                vqf_get_quat
 .text.vqf_get_lin_a
                0x000000000000a868       0x8c app/libapp.a(vqf.c.obj)
                0x000000000000a868                vqf_get_lin_a
 .text.FusionOffsetInitialise2
                0x000000000000a8f4       0x34 app/libapp.a(xioFusionOffset2.c.obj)
                0x000000000000a8f4                FusionOffsetInitialise2
 .text.fusion_get_gyro_sanity
                0x000000000000a928        0xc app/libapp.a(xiofusion.c.obj)
                0x000000000000a928                fusion_get_gyro_sanity
 .text.fusion_init
                0x000000000000a934       0x64 app/libapp.a(xiofusion.c.obj)
                0x000000000000a934                fusion_init
 .text.fusion_load
                0x000000000000a998       0x30 app/libapp.a(xiofusion.c.obj)
                0x000000000000a998                fusion_load
 .text.fusion_save
                0x000000000000a9c8       0x34 app/libapp.a(xiofusion.c.obj)
                0x000000000000a9c8                fusion_save
 .text.fusion_get_gyro_bias
                0x000000000000a9fc       0x14 app/libapp.a(xiofusion.c.obj)
                0x000000000000a9fc                fusion_get_gyro_bias
 .text.fusion_set_gyro_bias
                0x000000000000aa10       0x14 app/libapp.a(xiofusion.c.obj)
                0x000000000000aa10                fusion_set_gyro_bias
 .text.fusion_get_quat
                0x000000000000aa24       0x24 app/libapp.a(xiofusion.c.obj)
                0x000000000000aa24                fusion_get_quat
 .text.fusion_update_gyro
                0x000000000000aa48       0x84 app/libapp.a(xiofusion.c.obj)
                0x000000000000aa48                fusion_update_gyro
 .text.fusion_update_accel
                0x000000000000aacc       0x3c app/libapp.a(xiofusion.c.obj)
                0x000000000000aacc                fusion_update_accel
 .text.fusion_update_mag
                0x000000000000ab08       0x3c app/libapp.a(xiofusion.c.obj)
                0x000000000000ab08                fusion_update_mag
 .text.fusion_update
                0x000000000000ab44       0x88 app/libapp.a(xiofusion.c.obj)
                0x000000000000ab44                fusion_update
 .text.fusion_get_lin_a
                0x000000000000abcc       0x34 app/libapp.a(xiofusion.c.obj)
                0x000000000000abcc                fusion_get_lin_a
 .text.fusion_update_gyro_sanity.part.0
                0x000000000000ac00       0x9c app/libapp.a(xiofusion.c.obj)
 .text.fusion_update_gyro_sanity
                0x000000000000ac9c       0x40 app/libapp.a(xiofusion.c.obj)
                0x000000000000ac9c                fusion_update_gyro_sanity
 .text.bmi_update_fs
                0x000000000000acdc       0xd0 app/libapp.a(BMI270.c.obj)
                0x000000000000acdc                bmi_update_fs
 .text.bmi_update_odr
                0x000000000000adac      0x278 app/libapp.a(BMI270.c.obj)
                0x000000000000adac                bmi_update_odr
 .text.bmi_setup_DRDY
                0x000000000000b024       0x84 app/libapp.a(BMI270.c.obj)
                0x000000000000b024                bmi_setup_DRDY
 .text.bmi_accel_read
                0x000000000000b0a8       0x94 app/libapp.a(BMI270.c.obj)
                0x000000000000b0a8                bmi_accel_read
 .text.bmi_gyro_read
                0x000000000000b13c       0xa8 app/libapp.a(BMI270.c.obj)
                0x000000000000b13c                bmi_gyro_read
 .text.bmi_fifo_read
                0x000000000000b1e4       0xe4 app/libapp.a(BMI270.c.obj)
                0x000000000000b1e4                bmi_fifo_read
 .text.bmi_fifo_process
                0x000000000000b2c8      0x104 app/libapp.a(BMI270.c.obj)
                0x000000000000b2c8                bmi_fifo_process
 .text.bmi_shutdown.part.0
                0x000000000000b3cc       0x3c app/libapp.a(BMI270.c.obj)
 .text.bmi_shutdown
                0x000000000000b408       0x38 app/libapp.a(BMI270.c.obj)
                0x000000000000b408                bmi_shutdown
 .text.bmi_temp_read.part.0
                0x000000000000b440       0x3c app/libapp.a(BMI270.c.obj)
 .text.bmi_setup_WOM
                0x000000000000b47c       0xc4 app/libapp.a(BMI270.c.obj)
                0x000000000000b47c                bmi_setup_WOM
 .text.asic_init
                0x000000000000b540      0x1c4 app/libapp.a(BMI270.c.obj)
 .text.bmi_init
                0x000000000000b704      0x170 app/libapp.a(BMI270.c.obj)
                0x000000000000b704                bmi_init
 .text.bmi_crt  0x000000000000b874      0x28c app/libapp.a(BMI270.c.obj)
                0x000000000000b874                bmi_crt
 .text.icm_update_fs
                0x000000000000bb00       0x10 app/libapp.a(ICM42688.c.obj)
                0x000000000000bb00                icm_update_fs
 .text.icm_accel_read
                0x000000000000bb10       0x7c app/libapp.a(ICM42688.c.obj)
                0x000000000000bb10                icm_accel_read
 .text.icm_gyro_read
                0x000000000000bb8c       0x7c app/libapp.a(ICM42688.c.obj)
                0x000000000000bb8c                icm_gyro_read
 .text.icm_fifo_read
                0x000000000000bc08      0x108 app/libapp.a(ICM42688.c.obj)
                0x000000000000bc08                icm_fifo_read
 .text.icm_fifo_process
                0x000000000000bd10      0x130 app/libapp.a(ICM42688.c.obj)
                0x000000000000bd10                icm_fifo_process
 .text.icm_shutdown.part.0
                0x000000000000be40       0x3c app/libapp.a(ICM42688.c.obj)
 .text.icm_shutdown
                0x000000000000be7c       0x2c app/libapp.a(ICM42688.c.obj)
                0x000000000000be7c                icm_shutdown
 .text.icm_temp_read.part.0
                0x000000000000bea8       0x3c app/libapp.a(ICM42688.c.obj)
 .text.icm_temp_read
                0x000000000000bee4       0x44 app/libapp.a(ICM42688.c.obj)
                0x000000000000bee4                icm_temp_read
 .text.icm_setup_DRDY.part.0
                0x000000000000bf28       0x3c app/libapp.a(ICM42688.c.obj)
 .text.icm_update_odr
                0x000000000000bf64      0x350 app/libapp.a(ICM42688.c.obj)
                0x000000000000bf64                icm_update_odr
 .text.icm_setup_WOM
                0x000000000000c2b4       0xe4 app/libapp.a(ICM42688.c.obj)
                0x000000000000c2b4                icm_setup_WOM
 .text.icm_init
                0x000000000000c398      0x12c app/libapp.a(ICM42688.c.obj)
                0x000000000000c398                icm_init
 .text.icm45_update_fs
                0x000000000000c4c4       0x10 app/libapp.a(ICM45686.c.obj)
                0x000000000000c4c4                icm45_update_fs
 .text.icm45_accel_read
                0x000000000000c4d4       0x7c app/libapp.a(ICM45686.c.obj)
                0x000000000000c4d4                icm45_accel_read
 .text.icm45_gyro_read
                0x000000000000c550       0x7c app/libapp.a(ICM45686.c.obj)
                0x000000000000c550                icm45_gyro_read
 .text.icm45_fifo_read
                0x000000000000c5cc      0x108 app/libapp.a(ICM45686.c.obj)
                0x000000000000c5cc                icm45_fifo_read
 .text.icm45_fifo_process
                0x000000000000c6d4      0x130 app/libapp.a(ICM45686.c.obj)
                0x000000000000c6d4                icm45_fifo_process
 .text.icm45_setup_WOM
                0x000000000000c804       0xc0 app/libapp.a(ICM45686.c.obj)
                0x000000000000c804                icm45_setup_WOM
 .text.icm45_shutdown.part.0
                0x000000000000c8c4       0x3c app/libapp.a(ICM45686.c.obj)
 .text.icm45_shutdown
                0x000000000000c900       0x2c app/libapp.a(ICM45686.c.obj)
                0x000000000000c900                icm45_shutdown
 .text.icm45_setup_DRDY.part.0
                0x000000000000c92c       0x3c app/libapp.a(ICM45686.c.obj)
 .text.icm45_ext_passthrough.part.0
                0x000000000000c968       0x3c app/libapp.a(ICM45686.c.obj)
 .text.icm45_temp_read.part.0
                0x000000000000c9a4       0x3c app/libapp.a(ICM45686.c.obj)
 .text.icm45_update_odr
                0x000000000000c9e0      0x300 app/libapp.a(ICM45686.c.obj)
                0x000000000000c9e0                icm45_update_odr
 .text.icm45_init
                0x000000000000cce0      0x160 app/libapp.a(ICM45686.c.obj)
                0x000000000000cce0                icm45_init
 .text.lsm6dsm_update_fs
                0x000000000000ce40       0xe4 app/libapp.a(LSM6DSM.c.obj)
                0x000000000000ce40                lsm6dsm_update_fs
 .text.lsm6dsm_fifo_process
                0x000000000000cf24       0x98 app/libapp.a(LSM6DSM.c.obj)
                0x000000000000cf24                lsm6dsm_fifo_process
 .text.lsm6dsm_update_odr
                0x000000000000cfbc      0x440 app/libapp.a(LSM6DSM.c.obj)
                0x000000000000cfbc                lsm6dsm_update_odr
 .text.lsm6dsm_init
                0x000000000000d3fc       0xbc app/libapp.a(LSM6DSM.c.obj)
                0x000000000000d3fc                lsm6dsm_init
 .text.lsm6dsm_fifo_read
                0x000000000000d4b8      0x17c app/libapp.a(LSM6DSM.c.obj)
                0x000000000000d4b8                lsm6dsm_fifo_read
 .text.lsm6dsm_setup_DRDY
                0x000000000000d634       0x7c app/libapp.a(LSM6DSM.c.obj)
                0x000000000000d634                lsm6dsm_setup_DRDY
 .text.lsm6dsm_setup_WOM
                0x000000000000d6b0       0xa8 app/libapp.a(LSM6DSM.c.obj)
                0x000000000000d6b0                lsm6dsm_setup_WOM
 .text.lsm6dso_update_fs
                0x000000000000d758       0xe4 app/libapp.a(LSM6DSO.c.obj)
                0x000000000000d758                lsm6dso_update_fs
 .text.lsm6dso_update_odr
                0x000000000000d83c      0x38c app/libapp.a(LSM6DSO.c.obj)
                0x000000000000d83c                lsm6dso_update_odr
 .text.lsm6dso_ext_passthrough
                0x000000000000dbc8       0x7c app/libapp.a(LSM6DSO.c.obj)
                0x000000000000dbc8                lsm6dso_ext_passthrough
 .text.lsm6dso_init
                0x000000000000dc44      0x100 app/libapp.a(LSM6DSO.c.obj)
                0x000000000000dc44                lsm6dso_init
 .text.lsm6dso_fifo_read
                0x000000000000dd44       0xe8 app/libapp.a(LSM6DSO.c.obj)
                0x000000000000dd44                lsm6dso_fifo_read
 .text.lsm6dso_ext_setup
                0x000000000000de2c       0x10 app/libapp.a(LSM6DSO.c.obj)
                0x000000000000de2c                lsm6dso_ext_setup
 .text.lsm6dso_setup_WOM
                0x000000000000de3c       0xb4 app/libapp.a(LSM6DSO.c.obj)
                0x000000000000de3c                lsm6dso_setup_WOM
 .text.lsm_update_fs
                0x000000000000def0      0x114 app/libapp.a(LSM6DSV.c.obj)
                0x000000000000def0                lsm_update_fs
 .text.lsm_fifo_process
                0x000000000000e004       0x8c app/libapp.a(LSM6DSV.c.obj)
                0x000000000000e004                lsm_fifo_process
 .text.lsm_update_odr
                0x000000000000e090      0x2dc app/libapp.a(LSM6DSV.c.obj)
                0x000000000000e090                lsm_update_odr
 .text.lsm_ext_passthrough
                0x000000000000e36c       0x7c app/libapp.a(LSM6DSV.c.obj)
                0x000000000000e36c                lsm_ext_passthrough
 .text.lsm_init
                0x000000000000e3e8      0x124 app/libapp.a(LSM6DSV.c.obj)
                0x000000000000e3e8                lsm_init
 .text.lsm_accel_read
                0x000000000000e50c       0x80 app/libapp.a(LSM6DSV.c.obj)
                0x000000000000e50c                lsm_accel_read
 .text.lsm_gyro_read
                0x000000000000e58c       0x80 app/libapp.a(LSM6DSV.c.obj)
                0x000000000000e58c                lsm_gyro_read
 .text.lsm_fifo_read
                0x000000000000e60c       0xe8 app/libapp.a(LSM6DSV.c.obj)
                0x000000000000e60c                lsm_fifo_read
 .text.lsm_setup_DRDY
                0x000000000000e6f4       0x80 app/libapp.a(LSM6DSV.c.obj)
                0x000000000000e6f4                lsm_setup_DRDY
 .text.lsm_ext_setup
                0x000000000000e774       0x50 app/libapp.a(LSM6DSV.c.obj)
                0x000000000000e774                lsm_ext_setup
 .text.lsm_shutdown.part.0
                0x000000000000e7c4       0x3c app/libapp.a(LSM6DSV.c.obj)
 .text.lsm_shutdown
                0x000000000000e800       0x2c app/libapp.a(LSM6DSV.c.obj)
                0x000000000000e800                lsm_shutdown
 .text.lsm_temp_read.part.0
                0x000000000000e82c       0x3c app/libapp.a(LSM6DSV.c.obj)
 .text.lsm_ext_write_read
                0x000000000000e868      0x15c app/libapp.a(LSM6DSV.c.obj)
                0x000000000000e868                lsm_ext_write_read
 .text.lsm_setup_WOM
                0x000000000000e9c4       0xa8 app/libapp.a(LSM6DSV.c.obj)
                0x000000000000e9c4                lsm_setup_WOM
 .text.lsm_ext_write
                0x000000000000ea6c       0xfc app/libapp.a(LSM6DSV.c.obj)
                0x000000000000ea6c                lsm_ext_write
 .text.sensor_interface_register_sensor_imu_i2c
                0x000000000000eb68       0x14 app/libapp.a(interface.c.obj)
                0x000000000000eb68                sensor_interface_register_sensor_imu_i2c
 .text.sensor_interface_register_sensor_mag_i2c
                0x000000000000eb7c       0x14 app/libapp.a(interface.c.obj)
                0x000000000000eb7c                sensor_interface_register_sensor_mag_i2c
 .text.sensor_interface_spi_configure
                0x000000000000eb90       0x2c app/libapp.a(interface.c.obj)
                0x000000000000eb90                sensor_interface_spi_configure
 .text.sensor_interface_ext_configure
                0x000000000000ebbc        0xc app/libapp.a(interface.c.obj)
                0x000000000000ebbc                sensor_interface_ext_configure
 .text.ssi_write
                0x000000000000ebc8       0x6c app/libapp.a(interface.c.obj)
                0x000000000000ebc8                ssi_write
 .text.ssi_write_read
                0x000000000000ec34       0xdc app/libapp.a(interface.c.obj)
                0x000000000000ec34                ssi_write_read
 .text.ssi_burst_read
                0x000000000000ed10       0x30 app/libapp.a(interface.c.obj)
                0x000000000000ed10                ssi_burst_read
 .text.ssi_burst_write
                0x000000000000ed40       0x90 app/libapp.a(interface.c.obj)
                0x000000000000ed40                ssi_burst_write
 .text.ssi_reg_read_byte
                0x000000000000edd0       0x30 app/libapp.a(interface.c.obj)
                0x000000000000edd0                ssi_reg_read_byte
 .text.ssi_reg_update_byte
                0x000000000000ee00       0x50 app/libapp.a(interface.c.obj)
                0x000000000000ee00                ssi_reg_update_byte
 .text.ssi_burst_read_interval
                0x000000000000ee50       0x54 app/libapp.a(interface.c.obj)
                0x000000000000ee50                ssi_burst_read_interval
 .text.ak_mag_process
                0x000000000000eea4       0x44 app/libapp.a(AK09940.c.obj)
                0x000000000000eea4                ak_mag_process
 .text.ak_update_odr
                0x000000000000eee8       0xf8 app/libapp.a(AK09940.c.obj)
                0x000000000000eee8                ak_update_odr
 .text.ak_init  0x000000000000efe0       0x18 app/libapp.a(AK09940.c.obj)
                0x000000000000efe0                ak_init
 .text.ak_mag_read
                0x000000000000eff8      0x104 app/libapp.a(AK09940.c.obj)
                0x000000000000eff8                ak_mag_read
 .text.ak_shutdown.part.0
                0x000000000000f0fc       0x3c app/libapp.a(AK09940.c.obj)
 .text.ak_shutdown
                0x000000000000f138       0x24 app/libapp.a(AK09940.c.obj)
                0x000000000000f138                ak_shutdown
 .text.ak_mag_oneshot.part.0
                0x000000000000f15c       0x3c app/libapp.a(AK09940.c.obj)
 .text.ak_mag_oneshot
                0x000000000000f198       0x28 app/libapp.a(AK09940.c.obj)
                0x000000000000f198                ak_mag_oneshot
 .text.ak_temp_read.part.0
                0x000000000000f1c0       0x3c app/libapp.a(AK09940.c.obj)
 .text.ak_temp_read
                0x000000000000f1fc       0x4c app/libapp.a(AK09940.c.obj)
                0x000000000000f1fc                ak_temp_read
 .text.bmm1_mag_process
                0x000000000000f248      0x310 app/libapp.a(BMM150.c.obj)
                0x000000000000f248                bmm1_mag_process
 .text.bmm1_update_odr
                0x000000000000f558      0x178 app/libapp.a(BMM150.c.obj)
                0x000000000000f558                bmm1_update_odr
 .text.bmm1_mag_read
                0x000000000000f6d0       0x78 app/libapp.a(BMM150.c.obj)
                0x000000000000f6d0                bmm1_mag_read
 .text.bmm1_shutdown.part.0
                0x000000000000f748       0x3c app/libapp.a(BMM150.c.obj)
 .text.bmm1_shutdown
                0x000000000000f784       0x24 app/libapp.a(BMM150.c.obj)
                0x000000000000f784                bmm1_shutdown
 .text.bmm1_mag_oneshot.part.0
                0x000000000000f7a8       0x3c app/libapp.a(BMM150.c.obj)
 .text.bmm1_init
                0x000000000000f7e4      0x174 app/libapp.a(BMM150.c.obj)
                0x000000000000f7e4                bmm1_init
 .text.bmm3_mag_process
                0x000000000000f958       0x64 app/libapp.a(BMM350.c.obj)
                0x000000000000f958                bmm3_mag_process
 .text.bmm3_update_odr
                0x000000000000f9bc      0x16c app/libapp.a(BMM350.c.obj)
                0x000000000000f9bc                bmm3_update_odr
 .text.bmm3_init
                0x000000000000fb28       0x70 app/libapp.a(BMM350.c.obj)
                0x000000000000fb28                bmm3_init
 .text.bmm3_mag_read
                0x000000000000fb98       0x70 app/libapp.a(BMM350.c.obj)
                0x000000000000fb98                bmm3_mag_read
 .text.bmm3_temp_read
                0x000000000000fc08       0x9c app/libapp.a(BMM350.c.obj)
                0x000000000000fc08                bmm3_temp_read
 .text.bmm3_shutdown.part.0
                0x000000000000fca4       0x3c app/libapp.a(BMM350.c.obj)
 .text.bmm3_shutdown
                0x000000000000fce0       0x24 app/libapp.a(BMM350.c.obj)
                0x000000000000fce0                bmm3_shutdown
 .text.bmm3_mag_oneshot.part.0
                0x000000000000fd04       0x3c app/libapp.a(BMM350.c.obj)
 .text.ist8306_mag_process
                0x000000000000fd40       0x40 app/libapp.a(IST8306.c.obj)
                0x000000000000fd40                ist8306_mag_process
 .text.ist8306_update_odr
                0x000000000000fd80      0x12c app/libapp.a(IST8306.c.obj)
                0x000000000000fd80                ist8306_update_odr
 .text.ist8306_init
                0x000000000000feac       0x18 app/libapp.a(IST8306.c.obj)
                0x000000000000feac                ist8306_init
 .text.ist8306_mag_read
                0x000000000000fec4       0xf8 app/libapp.a(IST8306.c.obj)
                0x000000000000fec4                ist8306_mag_read
 .text.ist8306_shutdown.part.0
                0x000000000000ffbc       0x3c app/libapp.a(IST8306.c.obj)
 .text.ist8306_shutdown
                0x000000000000fff8       0x24 app/libapp.a(IST8306.c.obj)
                0x000000000000fff8                ist8306_shutdown
 .text.ist8306_mag_oneshot.part.0
                0x000000000001001c       0x3c app/libapp.a(IST8306.c.obj)
 .text.ist8306_mag_oneshot
                0x0000000000010058       0x28 app/libapp.a(IST8306.c.obj)
                0x0000000000010058                ist8306_mag_oneshot
 .text.ist8308_mag_process
                0x0000000000010080       0x40 app/libapp.a(IST8308.c.obj)
                0x0000000000010080                ist8308_mag_process
 .text.ist8308_update_odr
                0x00000000000100c0      0x12c app/libapp.a(IST8308.c.obj)
                0x00000000000100c0                ist8308_update_odr
 .text.ist8308_init
                0x00000000000101ec       0x38 app/libapp.a(IST8308.c.obj)
                0x00000000000101ec                ist8308_init
 .text.ist8308_mag_read
                0x0000000000010224       0xf8 app/libapp.a(IST8308.c.obj)
                0x0000000000010224                ist8308_mag_read
 .text.ist8308_shutdown.part.0
                0x000000000001031c       0x3c app/libapp.a(IST8308.c.obj)
 .text.ist8308_shutdown
                0x0000000000010358       0x24 app/libapp.a(IST8308.c.obj)
                0x0000000000010358                ist8308_shutdown
 .text.ist8308_mag_oneshot.part.0
                0x000000000001037c       0x3c app/libapp.a(IST8308.c.obj)
 .text.ist8308_mag_oneshot
                0x00000000000103b8       0x28 app/libapp.a(IST8308.c.obj)
                0x00000000000103b8                ist8308_mag_oneshot
 .text.lis2_mag_process
                0x00000000000103e0       0x34 app/libapp.a(LIS2MDL.c.obj)
                0x00000000000103e0                lis2_mag_process
 .text.lis2_update_odr
                0x0000000000010414       0xec app/libapp.a(LIS2MDL.c.obj)
                0x0000000000010414                lis2_update_odr
 .text.lis2_init
                0x0000000000010500       0x18 app/libapp.a(LIS2MDL.c.obj)
                0x0000000000010500                lis2_init
 .text.lis2_mag_read
                0x0000000000010518       0x74 app/libapp.a(LIS2MDL.c.obj)
                0x0000000000010518                lis2_mag_read
 .text.lis2_shutdown.part.0
                0x000000000001058c       0x3c app/libapp.a(LIS2MDL.c.obj)
 .text.lis2_shutdown
                0x00000000000105c8       0x24 app/libapp.a(LIS2MDL.c.obj)
                0x00000000000105c8                lis2_shutdown
 .text.lis2_mag_oneshot.part.0
                0x00000000000105ec       0x3c app/libapp.a(LIS2MDL.c.obj)
 .text.lis2_mag_oneshot
                0x0000000000010628       0x28 app/libapp.a(LIS2MDL.c.obj)
                0x0000000000010628                lis2_mag_oneshot
 .text.lis2_temp_read.part.0
                0x0000000000010650       0x3c app/libapp.a(LIS2MDL.c.obj)
 .text.lis3_mag_process
                0x000000000001068c       0x34 app/libapp.a(LIS3MDL.c.obj)
                0x000000000001068c                lis3_mag_process
 .text.lis3_update_odr
                0x00000000000106c0      0x178 app/libapp.a(LIS3MDL.c.obj)
                0x00000000000106c0                lis3_update_odr
 .text.lis3_init
                0x0000000000010838       0x7c app/libapp.a(LIS3MDL.c.obj)
                0x0000000000010838                lis3_init
 .text.lis3_mag_read
                0x00000000000108b4       0x74 app/libapp.a(LIS3MDL.c.obj)
                0x00000000000108b4                lis3_mag_read
 .text.lis3_shutdown.part.0
                0x0000000000010928       0x3c app/libapp.a(LIS3MDL.c.obj)
 .text.lis3_shutdown
                0x0000000000010964       0x24 app/libapp.a(LIS3MDL.c.obj)
                0x0000000000010964                lis3_shutdown
 .text.lis3_mag_oneshot.part.0
                0x0000000000010988       0x3c app/libapp.a(LIS3MDL.c.obj)
 .text.lis3_temp_read.part.0
                0x00000000000109c4       0x3c app/libapp.a(LIS3MDL.c.obj)
 .text.mmc_mag_process
                0x0000000000010a00       0x6c app/libapp.a(MMC5983MA.c.obj)
                0x0000000000010a00                mmc_mag_process
 .text.mmc_update_odr
                0x0000000000010a6c      0x13c app/libapp.a(MMC5983MA.c.obj)
                0x0000000000010a6c                mmc_update_odr
 .text.mmc_mag_read
                0x0000000000010ba8       0xf8 app/libapp.a(MMC5983MA.c.obj)
                0x0000000000010ba8                mmc_mag_read
 .text.mmc_shutdown.part.0
                0x0000000000010ca0       0x3c app/libapp.a(MMC5983MA.c.obj)
 .text.mmc_shutdown
                0x0000000000010cdc       0x24 app/libapp.a(MMC5983MA.c.obj)
                0x0000000000010cdc                mmc_shutdown
 .text.mmc_mag_oneshot.part.0
                0x0000000000010d00       0x3c app/libapp.a(MMC5983MA.c.obj)
 .text.mmc_mag_oneshot
                0x0000000000010d3c       0x38 app/libapp.a(MMC5983MA.c.obj)
                0x0000000000010d3c                mmc_mag_oneshot
 .text.mmc_SET  0x0000000000010d74       0x4c app/libapp.a(MMC5983MA.c.obj)
 .text.mmc_init
                0x0000000000010dc0       0x74 app/libapp.a(MMC5983MA.c.obj)
                0x0000000000010dc0                mmc_init
 .text.mmc_temp_read
                0x0000000000010e34      0x168 app/libapp.a(MMC5983MA.c.obj)
                0x0000000000010e34                mmc_temp_read
 .text.qmc_mag_process
                0x0000000000010f9c       0x48 app/libapp.a(QMC6309.c.obj)
                0x0000000000010f9c                qmc_mag_process
 .text.qmc_update_odr
                0x0000000000010fe4      0x110 app/libapp.a(QMC6309.c.obj)
                0x0000000000010fe4                qmc_update_odr
 .text.qmc_init
                0x00000000000110f4       0x30 app/libapp.a(QMC6309.c.obj)
                0x00000000000110f4                qmc_init
 .text.qmc_shutdown.part.0
                0x0000000000011124       0x3c app/libapp.a(QMC6309.c.obj)
 .text.qmc_mag_oneshot.part.0
                0x0000000000011160       0x3c app/libapp.a(QMC6309.c.obj)
 .text.qmc_mag_oneshot
                0x000000000001119c       0x3c app/libapp.a(QMC6309.c.obj)
                0x000000000001119c                qmc_mag_oneshot
 .text.qmc_mag_read
                0x00000000000111d8      0x14c app/libapp.a(QMC6309.c.obj)
                0x00000000000111d8                qmc_mag_read
 .text.magneto_sample
                0x0000000000011324      0x118 app/libapp.a(magneto1_4.c.obj)
                0x0000000000011324                magneto_sample
 .text.magneto_current_calibration
                0x000000000001143c      0xa34 app/libapp.a(magneto1_4.c.obj)
                0x000000000001143c                magneto_current_calibration
 .text.Choleski_LU_Decomposition
                0x0000000000011e70       0xf4 app/libapp.a(mymathlib_matrix.c.obj)
                0x0000000000011e70                Choleski_LU_Decomposition
 .text.Identity_Matrix
                0x0000000000011f64       0x54 app/libapp.a(mymathlib_matrix.c.obj)
                0x0000000000011f64                Identity_Matrix
 .text.Product_and_Sum_of_Shifts
                0x0000000000011fb8      0x114 app/libapp.a(mymathlib_matrix.c.obj)
                0x0000000000011fb8                Product_and_Sum_of_Shifts
 .text.Two_Consecutive_Small_Subdiagonal
                0x00000000000120cc      0x244 app/libapp.a(mymathlib_matrix.c.obj)
                0x00000000000120cc                Two_Consecutive_Small_Subdiagonal
 .text.BackSubstitution
                0x0000000000012310       0xdc app/libapp.a(mymathlib_matrix.c.obj)
                0x0000000000012310                BackSubstitution
 .text.QR_Hessenberg_Matrix
                0x00000000000123ec      0x138 app/libapp.a(mymathlib_matrix.c.obj)
                0x00000000000123ec                QR_Hessenberg_Matrix
 .text.sensor_scan_i2c
                0x0000000000012524      0x228 app/libapp.a(scan.c.obj)
                0x0000000000012524                sensor_scan_i2c
 .text.set_update_time_ms
                0x000000000001274c       0x50 app/libapp.a(sensor.c.obj)
 .text.main_imu_suspend.part.0
                0x000000000001279c       0x60 app/libapp.a(sensor.c.obj)
 .text.sensor_interrupt_handler
                0x00000000000127fc       0x34 app/libapp.a(sensor.c.obj)
 .text.sensor_scan_imu
                0x0000000000012830       0x2c app/libapp.a(sensor.c.obj)
                0x0000000000012830                sensor_scan_imu
 .text.sensor_scan_mag
                0x000000000001285c       0x2c app/libapp.a(sensor.c.obj)
                0x000000000001285c                sensor_scan_mag
 .text.sensor_get_sensor_imu_name
                0x0000000000012888       0x20 app/libapp.a(sensor.c.obj)
                0x0000000000012888                sensor_get_sensor_imu_name
 .text.sensor_get_sensor_mag_name
                0x00000000000128a8       0x20 app/libapp.a(sensor.c.obj)
                0x00000000000128a8                sensor_get_sensor_mag_name
 .text.sensor_get_sensor_fusion_name
                0x00000000000128c8       0x20 app/libapp.a(sensor.c.obj)
                0x00000000000128c8                sensor_get_sensor_fusion_name
 .text.sensor_get_sensor_temperature
                0x00000000000128e8       0x58 app/libapp.a(sensor.c.obj)
                0x00000000000128e8                sensor_get_sensor_temperature
 .text.sensor_scan_read
                0x0000000000012940       0xa8 app/libapp.a(sensor.c.obj)
                0x0000000000012940                sensor_scan_read
 .text.sensor_scan_write
                0x00000000000129e8       0x3c app/libapp.a(sensor.c.obj)
                0x00000000000129e8                sensor_scan_write
 .text.sensor_scan_clear
                0x0000000000012a24       0x1c app/libapp.a(sensor.c.obj)
                0x0000000000012a24                sensor_scan_clear
 .text.sensor_scan
                0x0000000000012a40      0x388 app/libapp.a(sensor.c.obj)
 .text.sensor_scan_thread
                0x0000000000012dc8       0x58 app/libapp.a(sensor.c.obj)
                0x0000000000012dc8                sensor_scan_thread
 .text.sensor_retained_read
                0x0000000000012e20      0x258 app/libapp.a(sensor.c.obj)
                0x0000000000012e20                sensor_retained_read
 .text.sensor_retained_write
                0x0000000000013078       0x3c app/libapp.a(sensor.c.obj)
                0x0000000000013078                sensor_retained_write
 .text.sensor_loop.part.0
                0x00000000000130b4      0xbb8 app/libapp.a(sensor.c.obj)
 .text.sensor_loop
                0x0000000000013c6c      0x5ec app/libapp.a(sensor.c.obj)
 .text.wait_for_threads
                0x0000000000014258       0x18 app/libapp.a(sensor.c.obj)
                0x0000000000014258                wait_for_threads
 .text.main_imu_suspend
                0x0000000000014270       0x1c app/libapp.a(sensor.c.obj)
                0x0000000000014270                main_imu_suspend
 .text.sensor_request_scan
                0x000000000001428c      0x13c app/libapp.a(sensor.c.obj)
                0x000000000001428c                sensor_request_scan
 .text.sensor_shutdown
                0x00000000000143c8       0x8c app/libapp.a(sensor.c.obj)
                0x00000000000143c8                sensor_shutdown
 .text.sensor_setup_WOM
                0x0000000000014454       0x5c app/libapp.a(sensor.c.obj)
                0x0000000000014454                sensor_setup_WOM
 .text.main_imu_resume
                0x00000000000144b0       0x48 app/libapp.a(sensor.c.obj)
                0x00000000000144b0                main_imu_resume
 .text.main_imu_restart
                0x00000000000144f8       0x34 app/libapp.a(sensor.c.obj)
                0x00000000000144f8                main_imu_restart
 .text.sensor_fusion_invalidate
                0x000000000001452c       0x48 app/libapp.a(sensor.c.obj)
                0x000000000001452c                sensor_fusion_invalidate
 .text.mag_none_temp_read
                0x0000000000014574        0xc app/libapp.a(sensor_none.c.obj)
                0x0000000000014574                mag_none_temp_read
 .text.battery_setup
                0x0000000000014580       0x64 app/libapp.a(battery.c.obj)
 .text.battery_sample
                0x00000000000145e4       0x54 app/libapp.a(battery.c.obj)
                0x00000000000145e4                battery_sample
 .text.read_batt_mV
                0x0000000000014638       0x30 app/libapp.a(battery.c.obj)
                0x0000000000014638                read_batt_mV
 .text.update_runtime
                0x0000000000014668       0x2c app/libapp.a(battery_tracker.c.obj)
 .text.reset_tracker
                0x0000000000014694       0x3c app/libapp.a(battery_tracker.c.obj)
 .text.update_statistics
                0x00000000000146d0       0x3c app/libapp.a(battery_tracker.c.obj)
 .text.update_curve
                0x000000000001470c      0x190 app/libapp.a(battery_tracker.c.obj)
 .text.sys_update_battery_tracker_voltage
                0x000000000001489c       0x24 app/libapp.a(battery_tracker.c.obj)
                0x000000000001489c                sys_update_battery_tracker_voltage
 .text.sys_get_calibrated_battery_pptt
                0x00000000000148c0      0x138 app/libapp.a(battery_tracker.c.obj)
                0x00000000000148c0                sys_get_calibrated_battery_pptt
 .text.sys_get_battery_mV
                0x00000000000149f8        0xc app/libapp.a(battery_tracker.c.obj)
                0x00000000000149f8                sys_get_battery_mV
 .text.sys_get_valid_battery_mV
                0x0000000000014a04       0x1c app/libapp.a(battery_tracker.c.obj)
                0x0000000000014a04                sys_get_valid_battery_mV
 .text.sys_get_valid_battery_pptt
                0x0000000000014a20        0xc app/libapp.a(battery_tracker.c.obj)
                0x0000000000014a20                sys_get_valid_battery_pptt
 .text.sys_get_last_unplugged_time
                0x0000000000014a2c        0xc app/libapp.a(battery_tracker.c.obj)
                0x0000000000014a2c                sys_get_last_unplugged_time
 .text.sys_get_battery_runtime_estimate
                0x0000000000014a38       0xa0 app/libapp.a(battery_tracker.c.obj)
                0x0000000000014a38                sys_get_battery_runtime_estimate
 .text.sys_get_battery_runtime_min_estimate
                0x0000000000014ad8       0x9c app/libapp.a(battery_tracker.c.obj)
                0x0000000000014ad8                sys_get_battery_runtime_min_estimate
 .text.sys_get_battery_runtime_max_estimate
                0x0000000000014b74       0x9c app/libapp.a(battery_tracker.c.obj)
                0x0000000000014b74                sys_get_battery_runtime_max_estimate
 .text.sys_get_battery_remaining_time_estimate
                0x0000000000014c10       0x84 app/libapp.a(battery_tracker.c.obj)
                0x0000000000014c10                sys_get_battery_remaining_time_estimate
 .text.sys_get_battery_cycles
                0x0000000000014c94       0x48 app/libapp.a(battery_tracker.c.obj)
                0x0000000000014c94                sys_get_battery_cycles
 .text.sys_get_battery_calibration_coverage
                0x0000000000014cdc       0x4c app/libapp.a(battery_tracker.c.obj)
                0x0000000000014cdc                sys_get_battery_calibration_coverage
 .text.sys_get_calibrated_battery_range_min_pptt
                0x0000000000014d28       0x30 app/libapp.a(battery_tracker.c.obj)
                0x0000000000014d28                sys_get_calibrated_battery_range_min_pptt
 .text.sys_get_calibrated_battery_range_max_pptt
                0x0000000000014d58       0x2c app/libapp.a(battery_tracker.c.obj)
                0x0000000000014d58                sys_get_calibrated_battery_range_max_pptt
 .text.sys_reset_battery_tracker
                0x0000000000014d84       0xcc app/libapp.a(battery_tracker.c.obj)
                0x0000000000014d84                sys_reset_battery_tracker
 .text.led_pin_set
                0x0000000000014e50       0x44 app/libapp.a(led.c.obj)
 .text.gpio_pin_configure_dt.constprop.0.isra.0
                0x0000000000014e94       0x48 app/libapp.a(led.c.obj)
 .text.led_pin_init
                0x0000000000014edc       0x50 app/libapp.a(led.c.obj)
 .text.set_led  0x0000000000014f2c       0xd0 app/libapp.a(led.c.obj)
                0x0000000000014f2c                set_led
 .text.led_thread
                0x0000000000014ffc      0x2c4 app/libapp.a(led.c.obj)
 .text.disable_DFU_thread
                0x00000000000152c0       0x14 app/libapp.a(power.c.obj)
 .text.configure_system_off
                0x00000000000152d4       0x90 app/libapp.a(power.c.obj)
 .text.nrf_gpio_pin_port_decode
                0x0000000000015364       0x54 app/libapp.a(power.c.obj)
 .text.sys_power_state_request.part.0.isra.0
                0x00000000000153b8       0x3c app/libapp.a(power.c.obj)
 .text.sys_power_state_request.isra.0
                0x00000000000153f4       0x14 app/libapp.a(power.c.obj)
 .text.wait_for_logging.part.0
                0x0000000000015408       0x38 app/libapp.a(power.c.obj)
 .text.wait_for_logging
                0x0000000000015440       0x20 app/libapp.a(power.c.obj)
 .text.sys_system_reboot
                0x0000000000015460       0x8c app/libapp.a(power.c.obj)
 .text.sys_system_off
                0x00000000000154ec      0x168 app/libapp.a(power.c.obj)
 .text.sys_WOM  0x0000000000015654      0x200 app/libapp.a(power.c.obj)
 .text.power_thread
                0x0000000000015854      0x664 app/libapp.a(power.c.obj)
 .text.sys_interface_suspend
                0x0000000000015eb8       0x1c app/libapp.a(power.c.obj)
                0x0000000000015eb8                sys_interface_suspend
 .text.sys_interface_resume
                0x0000000000015ed4       0x1c app/libapp.a(power.c.obj)
                0x0000000000015ed4                sys_interface_resume
 .text.vin_read
                0x0000000000015ef0       0x20 app/libapp.a(power.c.obj)
                0x0000000000015ef0                vin_read
 .text.status_warn_thread
                0x0000000000015f10       0x2c app/libapp.a(status.c.obj)
 .text.status_error_thread
                0x0000000000015f3c       0x4c app/libapp.a(status.c.obj)
 .text.set_status
                0x0000000000015f88      0x160 app/libapp.a(status.c.obj)
                0x0000000000015f88                set_status
 .text.get_status
                0x00000000000160e8        0xc app/libapp.a(status.c.obj)
                0x00000000000160e8                get_status
 .text.status_ready
                0x00000000000160f4       0x14 app/libapp.a(status.c.obj)
                0x00000000000160f4                status_ready
 .text.nrf_gpio_pin_port_decode
                0x0000000000016108       0x54 app/libapp.a(system.c.obj)
 .text.sys_nvs_init
                0x000000000001615c       0x9c app/libapp.a(system.c.obj)
 .text.gpio_pin_configure_dt.isra.0
                0x00000000000161f8       0xac app/libapp.a(system.c.obj)
 .text.sys_gpio_init
                0x00000000000162a4       0x14 app/libapp.a(system.c.obj)
 .text.sys_button_init
                0x00000000000162b8       0x70 app/libapp.a(system.c.obj)
 .text.configure_sense_pins
                0x0000000000016328       0x74 app/libapp.a(system.c.obj)
                0x0000000000016328                configure_sense_pins
 .text.reboot_counter_read
                0x000000000001639c       0x34 app/libapp.a(system.c.obj)
                0x000000000001639c                reboot_counter_read
 .text.reboot_counter_write
                0x00000000000163d0       0x38 app/libapp.a(system.c.obj)
                0x00000000000163d0                reboot_counter_write
 .text.sys_write
                0x0000000000016408       0x78 app/libapp.a(system.c.obj)
                0x0000000000016408                sys_write
 .text.sys_read
                0x0000000000016480       0x94 app/libapp.a(system.c.obj)
                0x0000000000016480                sys_read
 .text.sys_retained_init
                0x0000000000016514       0xf8 app/libapp.a(system.c.obj)
 .text.sys_clear
                0x000000000001660c       0x80 app/libapp.a(system.c.obj)
                0x000000000001660c                sys_clear
 .text.set_sensor_clock
                0x000000000001668c       0x74 app/libapp.a(system.c.obj)
                0x000000000001668c                set_sensor_clock
 .text.button_read
                0x0000000000016700       0x50 app/libapp.a(system.c.obj)
                0x0000000000016700                button_read
 .text.button_interrupt_handler
                0x0000000000016750       0x48 app/libapp.a(system.c.obj)
 .text.sys_user_shutdown
                0x0000000000016798       0xa8 app/libapp.a(system.c.obj)
                0x0000000000016798                sys_user_shutdown
 .text.sys_reset_mode
                0x0000000000016840       0xc4 app/libapp.a(system.c.obj)
                0x0000000000016840                sys_reset_mode
 .text.button_thread
                0x0000000000016904      0x1a8 app/libapp.a(system.c.obj)
 .text.usb_init_thread
                0x0000000000016aac        0xc app/libapp.a(usb.c.obj)
 .text.status_cb
                0x0000000000016ab8       0xa8 app/libapp.a(usb.c.obj)
 .text.a_to_lin_a
                0x0000000000016b60       0x70 app/libapp.a(util.c.obj)
                0x0000000000016b60                a_to_lin_a
 .text.q_fem    0x0000000000016bd0       0x98 app/libapp.a(util.c.obj)
                0x0000000000016bd0                q_fem
 .text.FusionFastInverseSqrt
                0x0000000000016c68       0x34 app/libapp.a(FusionAhrs.c.obj)
 .text.FusionAhrsReset
                0x0000000000016c9c       0x48 app/libapp.a(FusionAhrs.c.obj)
                0x0000000000016c9c                FusionAhrsReset
 .text.FusionAhrsSetSettings
                0x0000000000016ce4       0xe8 app/libapp.a(FusionAhrs.c.obj)
                0x0000000000016ce4                FusionAhrsSetSettings
 .text.FusionAhrsInitialise
                0x0000000000016dcc       0x30 app/libapp.a(FusionAhrs.c.obj)
                0x0000000000016dcc                FusionAhrsInitialise
 .text.FusionAhrsUpdate
                0x0000000000016dfc      0x430 app/libapp.a(FusionAhrs.c.obj)
                0x0000000000016dfc                FusionAhrsUpdate
 .text.norm     0x000000000001722c       0x3c app/libapp.a(vqf.c.obj)
 .text.normalize
                0x0000000000017268       0x34 app/libapp.a(vqf.c.obj)
 .text.filterCoeffs
                0x000000000001729c       0x78 app/libapp.a(vqf.c.obj)
 .text.gainFromTau
                0x0000000000017314       0x58 app/libapp.a(vqf.c.obj)
 .text.init_params
                0x000000000001736c       0x88 app/libapp.a(vqf.c.obj)
                0x000000000001736c                init_params
 .text.updateGyr
                0x00000000000173f4      0x184 app/libapp.a(vqf.c.obj)
                0x00000000000173f4                updateGyr
 .text.updateAcc
                0x0000000000017578      0x838 app/libapp.a(vqf.c.obj)
                0x0000000000017578                updateAcc
 .text.updateMag
                0x0000000000017db0      0x388 app/libapp.a(vqf.c.obj)
                0x0000000000017db0                updateMag
 .text.getBiasEstimate
                0x0000000000018138      0x164 app/libapp.a(vqf.c.obj)
                0x0000000000018138                getBiasEstimate
 .text.setBiasEstimate
                0x000000000001829c       0x48 app/libapp.a(vqf.c.obj)
                0x000000000001829c                setBiasEstimate
 .text.resetState
                0x00000000000182e4      0x148 app/libapp.a(vqf.c.obj)
                0x00000000000182e4                resetState
 .text.setup    0x000000000001842c      0x140 app/libapp.a(vqf.c.obj)
                0x000000000001842c                setup
 .text.initVqf  0x000000000001856c       0x38 app/libapp.a(vqf.c.obj)
                0x000000000001856c                initVqf
 .text.sys_heap_free
                0x00000000000185a4       0x74 zephyr/libzephyr.a(heap.c.obj)
                0x00000000000185a4                sys_heap_free
 .text.sys_heap_init
                0x0000000000018618      0x114 zephyr/libzephyr.a(heap.c.obj)
                0x0000000000018618                sys_heap_init
 .text.cbvprintf_package
                0x000000000001872c      0x3f8 zephyr/libzephyr.a(cbprintf_packaged.c.obj)
                0x000000000001872c                cbvprintf_package
 .text.cbprintf_package_convert
                0x0000000000018b24      0x460 zephyr/libzephyr.a(cbprintf_packaged.c.obj)
                0x0000000000018b24                cbprintf_package_convert
 .text.__printk_hook_install
                0x0000000000018f84        0xc zephyr/libzephyr.a(printk.c.obj)
                0x0000000000018f84                __printk_hook_install
 .text.vsnprintk
                0x0000000000018f90       0x2c zephyr/libzephyr.a(printk.c.obj)
                0x0000000000018f90                vsnprintk
 .text.extract_decimal
                0x0000000000018fbc       0x2c zephyr/libzephyr.a(cbprintf_complete.c.obj)
 .text.encode_uint
                0x0000000000018fe8       0x9c zephyr/libzephyr.a(cbprintf_complete.c.obj)
 .text.mpsc_pbuf_init
                0x0000000000019084       0x5c zephyr/libzephyr.a(mpsc_pbuf.c.obj)
                0x0000000000019084                mpsc_pbuf_init
 .text.mpsc_pbuf_alloc
                0x00000000000190e0      0x160 zephyr/libzephyr.a(mpsc_pbuf.c.obj)
                0x00000000000190e0                mpsc_pbuf_alloc
 .text.mpsc_pbuf_commit
                0x0000000000019240       0x8c zephyr/libzephyr.a(mpsc_pbuf.c.obj)
                0x0000000000019240                mpsc_pbuf_commit
 .text.mpsc_pbuf_claim
                0x00000000000192cc       0xec zephyr/libzephyr.a(mpsc_pbuf.c.obj)
                0x00000000000192cc                mpsc_pbuf_claim
 .text.mpsc_pbuf_free
                0x00000000000193b8       0xc0 zephyr/libzephyr.a(mpsc_pbuf.c.obj)
                0x00000000000193b8                mpsc_pbuf_free
 .text.mpsc_pbuf_is_pending
                0x0000000000019478       0x80 zephyr/libzephyr.a(mpsc_pbuf.c.obj)
                0x0000000000019478                mpsc_pbuf_is_pending
 .text.sys_reboot
                0x00000000000194f8       0x30 zephyr/libzephyr.a(reboot.c.obj)
                0x00000000000194f8                sys_reboot
 .text.base64_encode
                0x0000000000019528      0x100 zephyr/libzephyr.a(base64.c.obj)
                0x0000000000019528                base64_encode
 .text.base64_decode
                0x0000000000019628      0x140 zephyr/libzephyr.a(base64.c.obj)
                0x0000000000019628                base64_decode
 .text.process_event
                0x0000000000019768      0x338 zephyr/libzephyr.a(onoff.c.obj)
 .text.transition_complete
                0x0000000000019aa0       0x50 zephyr/libzephyr.a(onoff.c.obj)
 .text.onoff_request
                0x0000000000019af0      0x108 zephyr/libzephyr.a(onoff.c.obj)
                0x0000000000019af0                onoff_request
 .text.onoff_release
                0x0000000000019bf8       0xac zephyr/libzephyr.a(onoff.c.obj)
                0x0000000000019bf8                onoff_release
 .text.onoff_cancel
                0x0000000000019ca4       0xac zephyr/libzephyr.a(onoff.c.obj)
                0x0000000000019ca4                onoff_cancel
 .text.sys_notify_finalize
                0x0000000000019d50       0x38 zephyr/libzephyr.a(notify.c.obj)
                0x0000000000019d50                sys_notify_finalize
 .text.ring_buf_put
                0x0000000000019d88       0x5c zephyr/libzephyr.a(ring_buffer.c.obj)
                0x0000000000019d88                ring_buf_put
 .text.ring_buf_get
                0x0000000000019de4       0x60 zephyr/libzephyr.a(ring_buffer.c.obj)
                0x0000000000019de4                ring_buf_get
 .text.nvs_recover_last_ate
                0x0000000000019e44       0x64 zephyr/libzephyr.a(nvs.c.obj)
 .text.nvs_sector_close
                0x0000000000019ea8       0x58 zephyr/libzephyr.a(nvs.c.obj)
 .text.nvs_clear
                0x0000000000019f00       0x60 zephyr/libzephyr.a(nvs.c.obj)
                0x0000000000019f00                nvs_clear
 .text.nvs_mount
                0x0000000000019f60      0x434 zephyr/libzephyr.a(nvs.c.obj)
                0x0000000000019f60                nvs_mount
 .text.nvs_write
                0x000000000001a394      0x1f8 zephyr/libzephyr.a(nvs.c.obj)
                0x000000000001a394                nvs_write
 .text.nvs_read_hist
                0x000000000001a58c      0x100 zephyr/libzephyr.a(nvs.c.obj)
                0x000000000001a58c                nvs_read_hist
 .text.enable_logger
                0x000000000001a68c       0x5c zephyr/libzephyr.a(log_core.c.obj)
 .text.activate_foreach_backend
                0x000000000001a6e8       0x64 zephyr/libzephyr.a(log_core.c.obj)
 .text.z_log_init
                0x000000000001a74c       0xd0 zephyr/libzephyr.a(log_core.c.obj)
 .text.log_process_thread_timer_expiry_fn
                0x000000000001a81c        0xc zephyr/libzephyr.a(log_core.c.obj)
 .text.log_format_func_t_get
                0x000000000001a828        0xc zephyr/libzephyr.a(log_core.c.obj)
                0x000000000001a828                log_format_func_t_get
 .text.log_set_timestamp_func
                0x000000000001a834       0x20 zephyr/libzephyr.a(log_core.c.obj)
                0x000000000001a834                log_set_timestamp_func
 .text.z_log_notify_backend_enabled
                0x000000000001a854       0x1c zephyr/libzephyr.a(log_core.c.obj)
                0x000000000001a854                z_log_notify_backend_enabled
 .text.z_log_dropped
                0x000000000001a870       0x44 zephyr/libzephyr.a(log_core.c.obj)
                0x000000000001a870                z_log_dropped
 .text.z_log_dropped_read_and_clear
                0x000000000001a8b4       0x20 zephyr/libzephyr.a(log_core.c.obj)
                0x000000000001a8b4                z_log_dropped_read_and_clear
 .text.dropped_notify
                0x000000000001a8d4       0x50 zephyr/libzephyr.a(log_core.c.obj)
                0x000000000001a8d4                dropped_notify
 .text.z_log_msg_init
                0x000000000001a924       0x20 zephyr/libzephyr.a(log_core.c.obj)
                0x000000000001a924                z_log_msg_init
 .text.log_core_init
                0x000000000001a944       0x70 zephyr/libzephyr.a(log_core.c.obj)
                0x000000000001a944                log_core_init
 .text.z_log_msg_alloc
                0x000000000001a9b4       0x10 zephyr/libzephyr.a(log_core.c.obj)
                0x000000000001a9b4                z_log_msg_alloc
 .text.z_log_msg_local_claim
                0x000000000001a9c4        0xc zephyr/libzephyr.a(log_core.c.obj)
                0x000000000001a9c4                z_log_msg_local_claim
 .text.z_log_msg_free
                0x000000000001a9d0       0x10 zephyr/libzephyr.a(log_core.c.obj)
                0x000000000001a9d0                z_log_msg_free
 .text.z_log_msg_pending
                0x000000000001a9e0        0xc zephyr/libzephyr.a(log_core.c.obj)
                0x000000000001a9e0                z_log_msg_pending
 .text.z_impl_log_process
                0x000000000001a9ec       0xe0 zephyr/libzephyr.a(log_core.c.obj)
                0x000000000001a9ec                z_impl_log_process
 .text.z_impl_log_panic
                0x000000000001aacc       0x64 zephyr/libzephyr.a(log_core.c.obj)
                0x000000000001aacc                z_impl_log_panic
 .text.log_process_thread_func
                0x000000000001ab30       0xd4 zephyr/libzephyr.a(log_core.c.obj)
 .text.z_log_msg_post_finalize
                0x000000000001ac04       0xbc zephyr/libzephyr.a(log_core.c.obj)
 .text.z_log_msg_commit
                0x000000000001acc0       0x24 zephyr/libzephyr.a(log_core.c.obj)
                0x000000000001acc0                z_log_msg_commit
 .text.log_source_name_get
                0x000000000001ace4       0x1c zephyr/libzephyr.a(log_mgmt.c.obj)
                0x000000000001ace4                log_source_name_get
 .text.log_backend_get_by_name
                0x000000000001ad00       0x48 zephyr/libzephyr.a(log_mgmt.c.obj)
                0x000000000001ad00                log_backend_get_by_name
 .text.log_backend_disable
                0x000000000001ad48       0x2c zephyr/libzephyr.a(log_mgmt.c.obj)
                0x000000000001ad48                log_backend_disable
 .text.z_impl_z_log_msg_static_create
                0x000000000001ad74      0x128 zephyr/libzephyr.a(log_msg.c.obj)
                0x000000000001ad74                z_impl_z_log_msg_static_create
 .text.z_log_msg_runtime_vcreate
                0x000000000001ae9c       0xec zephyr/libzephyr.a(log_msg.c.obj)
                0x000000000001ae9c                z_log_msg_runtime_vcreate
 .text.log_msg_get_source_id
                0x000000000001af88       0x18 zephyr/libzephyr.a(log_msg.c.obj)
                0x000000000001af88                log_msg_get_source_id
 .text.print_formatted
                0x000000000001afa0       0x24 zephyr/libzephyr.a(log_output.c.obj)
 .text.newline_print
                0x000000000001afc4       0x1c zephyr/libzephyr.a(log_output.c.obj)
 .text.out_func
                0x000000000001afe0       0x5c zephyr/libzephyr.a(log_output.c.obj)
 .text.log_output_process
                0x000000000001b03c      0x318 zephyr/libzephyr.a(log_output.c.obj)
                0x000000000001b03c                log_output_process
 .text.log_output_dropped_process
                0x000000000001b354       0x58 zephyr/libzephyr.a(log_output.c.obj)
                0x000000000001b354                log_output_dropped_process
 .text.log_output_timestamp_freq_set
                0x000000000001b3ac       0x2c zephyr/libzephyr.a(log_output.c.obj)
                0x000000000001b3ac                log_output_timestamp_freq_set
 .text.log_backend_rtt_init
                0x000000000001b3d8        0xc zephyr/libzephyr.a(log_backend_rtt.c.obj)
 .text.format_set
                0x000000000001b3e4        0xc zephyr/libzephyr.a(log_backend_rtt.c.obj)
 .text.dropped  0x000000000001b3f0        0xc zephyr/libzephyr.a(log_backend_rtt.c.obj)
 .text.process  0x000000000001b3fc       0x24 zephyr/libzephyr.a(log_backend_rtt.c.obj)
 .text.panic    0x000000000001b420       0x34 zephyr/libzephyr.a(log_backend_rtt.c.obj)
 .text.on_failed_write
                0x000000000001b454       0x28 zephyr/libzephyr.a(log_backend_rtt.c.obj)
 .text.data_out
                0x000000000001b47c       0x88 zephyr/libzephyr.a(log_backend_rtt.c.obj)
 .text.panic    0x000000000001b504       0x54 zephyr/libzephyr.a(log_backend_uart.c.obj)
 .text.char_out
                0x000000000001b558       0x24 zephyr/libzephyr.a(log_backend_uart.c.obj)
 .text.log_backend_uart_init
                0x000000000001b57c       0x34 zephyr/libzephyr.a(log_backend_uart.c.obj)
 .text.mem_attr_get_regions
                0x000000000001b5b0        0xc zephyr/libzephyr.a(mem_attr.c.obj)
                0x000000000001b5b0                mem_attr_get_regions
 .text.pm_device_action_run
                0x000000000001b5bc       0xa4 zephyr/libzephyr.a(device.c.obj)
                0x000000000001b5bc                pm_device_action_run
 .text.custom_handler
                0x000000000001b660       0x84 zephyr/libzephyr.a(usb_device.c.obj)
 .text.class_handler
                0x000000000001b6e4       0x68 zephyr/libzephyr.a(usb_device.c.obj)
 .text.usb_reset_alt_setting
                0x000000000001b74c       0x10 zephyr/libzephyr.a(usb_device.c.obj)
 .text.vendor_handler
                0x000000000001b75c       0x5c zephyr/libzephyr.a(usb_device.c.obj)
 .text.is_ep_valid
                0x000000000001b7b8       0x5c zephyr/libzephyr.a(usb_device.c.obj)
 .text.usb_halt_endpoint_req
                0x000000000001b814       0x58 zephyr/libzephyr.a(usb_device.c.obj)
 .text.get_ep_bm_from_addr.part.0
                0x000000000001b86c       0x40 zephyr/libzephyr.a(usb_device.c.obj)
 .text.disable_endpoint
                0x000000000001b8ac       0x68 zephyr/libzephyr.a(usb_device.c.obj)
 .text.usb_handle_request.constprop.0
                0x000000000001b914       0x2c zephyr/libzephyr.a(usb_device.c.obj)
 .text.forward_status_cb
                0x000000000001b940       0xe4 zephyr/libzephyr.a(usb_device.c.obj)
 .text.set_endpoint
                0x000000000001ba24       0xd4 zephyr/libzephyr.a(usb_device.c.obj)
 .text.usb_handle_standard_request
                0x000000000001baf8      0x2f4 zephyr/libzephyr.a(usb_device.c.obj)
 .text.usb_data_to_host
                0x000000000001bdec       0x60 zephyr/libzephyr.a(usb_device.c.obj)
 .text.usb_handle_control_transfer
                0x000000000001be4c      0x134 zephyr/libzephyr.a(usb_device.c.obj)
 .text.usb_set_config
                0x000000000001bf80       0x2c zephyr/libzephyr.a(usb_device.c.obj)
                0x000000000001bf80                usb_set_config
 .text.usb_enable
                0x000000000001bfac      0x1b8 zephyr/libzephyr.a(usb_device.c.obj)
                0x000000000001bfac                usb_enable
 .text.usb_update_sn_string_descriptor
                0x000000000001c164       0x88 zephyr/libzephyr.a(usb_descriptor.c.obj)
                0x000000000001c164                usb_update_sn_string_descriptor
 .text.usb_get_device_descriptor
                0x000000000001c1ec      0x308 zephyr/libzephyr.a(usb_descriptor.c.obj)
                0x000000000001c1ec                usb_get_device_descriptor